2025-10-05T08:20:57.8262341Z Current runner version: '2.328.0'
2025-10-05T08:20:57.8292926Z ##[group]Runner Image Provisioner
2025-10-05T08:20:57.8293671Z Hosted Compute Agent
2025-10-05T08:20:57.8294303Z Version: 20250912.392
2025-10-05T08:20:57.8294919Z Commit: d921fda672a98b64f4f82364647e2f10b2267d0b
2025-10-05T08:20:57.8295562Z Build Date: 2025-09-12T15:23:14Z
2025-10-05T08:20:57.8296209Z ##[endgroup]
2025-10-05T08:20:57.8297029Z ##[group]Operating System
2025-10-05T08:20:57.8297591Z Ubuntu
2025-10-05T08:20:57.8298119Z 24.04.3
2025-10-05T08:20:57.8298607Z LTS
2025-10-05T08:20:57.8299033Z ##[endgroup]
2025-10-05T08:20:57.8299562Z ##[group]Runner Image
2025-10-05T08:20:57.8300155Z Image: ubuntu-24.04
2025-10-05T08:20:57.8300624Z Version: 20250929.60.1
2025-10-05T08:20:57.8301663Z Included Software: https://github.com/actions/runner-images/blob/ubuntu24/20250929.60/images/ubuntu/Ubuntu2404-Readme.md
2025-10-05T08:20:57.8303188Z Image Release: https://github.com/actions/runner-images/releases/tag/ubuntu24%2F20250929.60
2025-10-05T08:20:57.8304191Z ##[endgroup]
2025-10-05T08:20:57.8305282Z ##[group]GITHUB_TOKEN Permissions
2025-10-05T08:20:57.8307328Z Contents: read
2025-10-05T08:20:57.8307998Z Metadata: read
2025-10-05T08:20:57.8308469Z Packages: read
2025-10-05T08:20:57.8308950Z ##[endgroup]
2025-10-05T08:20:57.8310977Z Secret source: Actions
2025-10-05T08:20:57.8311745Z Prepare workflow directory
2025-10-05T08:20:57.8762052Z Prepare all required actions
2025-10-05T08:20:57.8816807Z Getting action download info
2025-10-05T08:20:58.2127551Z Download action repository 'actions/checkout@v4' (SHA:08eba0b27e820071cde6df949e0beb9ba4906955)
2025-10-05T08:20:58.4576805Z Download action repository 'actions/setup-node@v4' (SHA:49933ea5288caeca8642d1e84afbd3f7d6820020)
2025-10-05T08:20:58.6222366Z Complete job name: build-frontend
2025-10-05T08:20:58.6894194Z ##[group]Run actions/checkout@v4
2025-10-05T08:20:58.6895033Z with:
2025-10-05T08:20:58.6895461Z   repository: SuTang-vain/OpenShrimp-CORA
2025-10-05T08:20:58.6896153Z   token: ***
2025-10-05T08:20:58.6896726Z   ssh-strict: true
2025-10-05T08:20:58.6897120Z   ssh-user: git
2025-10-05T08:20:58.6897537Z   persist-credentials: true
2025-10-05T08:20:58.6897980Z   clean: true
2025-10-05T08:20:58.6898385Z   sparse-checkout-cone-mode: true
2025-10-05T08:20:58.6898864Z   fetch-depth: 1
2025-10-05T08:20:58.6899247Z   fetch-tags: false
2025-10-05T08:20:58.6899646Z   show-progress: true
2025-10-05T08:20:58.6900057Z   lfs: false
2025-10-05T08:20:58.6900431Z   submodules: false
2025-10-05T08:20:58.6900829Z   set-safe-directory: true
2025-10-05T08:20:58.6901506Z ##[endgroup]
2025-10-05T08:20:58.7954219Z Syncing repository: SuTang-vain/OpenShrimp-CORA
2025-10-05T08:20:58.7956015Z ##[group]Getting Git version info
2025-10-05T08:20:58.7957173Z Working directory is '/home/runner/work/OpenShrimp-CORA/OpenShrimp-CORA'
2025-10-05T08:20:58.7958206Z [command]/usr/bin/git version
2025-10-05T08:20:58.8054530Z git version 2.51.0
2025-10-05T08:20:58.8080899Z ##[endgroup]
2025-10-05T08:20:58.8097027Z Temporarily overriding HOME='/home/runner/work/_temp/20995e0b-99da-4935-a34c-e7df06febe2b' before making global git config changes
2025-10-05T08:20:58.8098516Z Adding repository directory to the temporary git global config as a safe directory
2025-10-05T08:20:58.8111914Z [command]/usr/bin/git config --global --add safe.directory /home/runner/work/OpenShrimp-CORA/OpenShrimp-CORA
2025-10-05T08:20:58.8149659Z Deleting the contents of '/home/runner/work/OpenShrimp-CORA/OpenShrimp-CORA'
2025-10-05T08:20:58.8152930Z ##[group]Initializing the repository
2025-10-05T08:20:58.8157204Z [command]/usr/bin/git init /home/runner/work/OpenShrimp-CORA/OpenShrimp-CORA
2025-10-05T08:20:58.8300893Z hint: Using 'master' as the name for the initial branch. This default branch name
2025-10-05T08:20:58.8301903Z hint: is subject to change. To configure the initial branch name to use in all
2025-10-05T08:20:58.8302823Z hint: of your new repositories, which will suppress this warning, call:
2025-10-05T08:20:58.8303512Z hint:
2025-10-05T08:20:58.8304157Z hint: 	git config --global init.defaultBranch <name>
2025-10-05T08:20:58.8305443Z hint:
2025-10-05T08:20:58.8306447Z hint: Names commonly chosen instead of 'master' are 'main', 'trunk' and
2025-10-05T08:20:58.8307406Z hint: 'development'. The just-created branch can be renamed via this command:
2025-10-05T08:20:58.8308138Z hint:
2025-10-05T08:20:58.8308532Z hint: 	git branch -m <name>
2025-10-05T08:20:58.8308989Z hint:
2025-10-05T08:20:58.8309584Z hint: Disable this message with "git config set advice.defaultBranchName false"
2025-10-05T08:20:58.8311097Z Initialized empty Git repository in /home/runner/work/OpenShrimp-CORA/OpenShrimp-CORA/.git/
2025-10-05T08:20:58.8316601Z [command]/usr/bin/git remote add origin https://github.com/SuTang-vain/OpenShrimp-CORA
2025-10-05T08:20:58.8356025Z ##[endgroup]
2025-10-05T08:20:58.8357174Z ##[group]Disabling automatic garbage collection
2025-10-05T08:20:58.8362235Z [command]/usr/bin/git config --local gc.auto 0
2025-10-05T08:20:58.8395709Z ##[endgroup]
2025-10-05T08:20:58.8398498Z ##[group]Setting up auth
2025-10-05T08:20:58.8403049Z [command]/usr/bin/git config --local --name-only --get-regexp core\.sshCommand
2025-10-05T08:20:58.8434199Z [command]/usr/bin/git submodule foreach --recursive sh -c "git config --local --name-only --get-regexp 'core\.sshCommand' && git config --local --unset-all 'core.sshCommand' || :"
2025-10-05T08:20:58.8787270Z [command]/usr/bin/git config --local --name-only --get-regexp http\.https\:\/\/github\.com\/\.extraheader
2025-10-05T08:20:58.8817424Z [command]/usr/bin/git submodule foreach --recursive sh -c "git config --local --name-only --get-regexp 'http\.https\:\/\/github\.com\/\.extraheader' && git config --local --unset-all 'http.https://github.com/.extraheader' || :"
2025-10-05T08:20:58.9054827Z [command]/usr/bin/git config --local http.https://github.com/.extraheader AUTHORIZATION: basic ***
2025-10-05T08:20:58.9088373Z ##[endgroup]
2025-10-05T08:20:58.9089095Z ##[group]Fetching the repository
2025-10-05T08:20:58.9104579Z [command]/usr/bin/git -c protocol.version=2 fetch --no-tags --prune --no-recurse-submodules --depth=1 origin +00fcd9e25f17affe6507ad5d2c66c81e743669fd:refs/remotes/origin/main
2025-10-05T08:20:59.3873203Z From https://github.com/SuTang-vain/OpenShrimp-CORA
2025-10-05T08:20:59.3874937Z  * [new ref]         00fcd9e25f17affe6507ad5d2c66c81e743669fd -> origin/main
2025-10-05T08:20:59.3905986Z ##[endgroup]
2025-10-05T08:20:59.3907501Z ##[group]Determining the checkout info
2025-10-05T08:20:59.3908933Z ##[endgroup]
2025-10-05T08:20:59.3914222Z [command]/usr/bin/git sparse-checkout disable
2025-10-05T08:20:59.3954623Z [command]/usr/bin/git config --local --unset-all extensions.worktreeConfig
2025-10-05T08:20:59.3984442Z ##[group]Checking out the ref
2025-10-05T08:20:59.3986964Z [command]/usr/bin/git checkout --progress --force -B main refs/remotes/origin/main
2025-10-05T08:20:59.4195553Z Switched to a new branch 'main'
2025-10-05T08:20:59.4198752Z branch 'main' set up to track 'origin/main'.
2025-10-05T08:20:59.4204981Z ##[endgroup]
2025-10-05T08:20:59.4241617Z [command]/usr/bin/git log -1 --format=%H
2025-10-05T08:20:59.4263418Z 00fcd9e25f17affe6507ad5d2c66c81e743669fd
2025-10-05T08:20:59.4547459Z ##[group]Run actions/setup-node@v4
2025-10-05T08:20:59.4548618Z with:
2025-10-05T08:20:59.4549444Z   node-version: 20
2025-10-05T08:20:59.4550683Z   cache: npm
2025-10-05T08:20:59.4551762Z   cache-dependency-path: frontend/package-lock.json
2025-10-05T08:20:59.4553342Z   always-auth: false
2025-10-05T08:20:59.4554183Z   check-latest: false
2025-10-05T08:20:59.4555399Z   token: ***
2025-10-05T08:20:59.4556210Z ##[endgroup]
2025-10-05T08:20:59.6343348Z Found in cache @ /opt/hostedtoolcache/node/20.19.5/x64
2025-10-05T08:20:59.6352091Z ##[group]Environment details
2025-10-05T08:21:00.0058986Z node: v20.19.5
2025-10-05T08:21:00.0060244Z npm: 10.8.2
2025-10-05T08:21:00.0060677Z yarn: 1.22.22
2025-10-05T08:21:00.0061837Z ##[endgroup]
2025-10-05T08:21:00.0082408Z [command]/opt/hostedtoolcache/node/20.19.5/x64/bin/npm config get cache
2025-10-05T08:21:00.2106592Z /home/runner/.npm
2025-10-05T08:21:00.3982546Z npm cache is not found
2025-10-05T08:21:00.4121583Z ##[group]Run npm ci
2025-10-05T08:21:00.4122032Z [36;1mnpm ci[0m
2025-10-05T08:21:00.4165430Z shell: /usr/bin/bash -e {0}
2025-10-05T08:21:00.4165841Z ##[endgroup]
2025-10-05T08:21:07.3706158Z npm warn deprecated rimraf@3.0.2: Rimraf versions prior to v4 are no longer supported
2025-10-05T08:21:08.4317018Z npm warn deprecated inflight@1.0.6: This module is not supported, and leaks memory. Do not use it. Check out lru-cache if you want a good and tested way to coalesce async requests by a key value, which is much more comprehensive and powerful.
2025-10-05T08:21:08.6338608Z npm warn deprecated glob@7.2.3: Glob versions prior to v9 are no longer supported
2025-10-05T08:21:08.9206733Z npm warn deprecated domexception@4.0.0: Use your platform's native DOMException instead
2025-10-05T08:21:09.3698011Z npm warn deprecated abab@2.0.6: Use your platform's native atob() and btoa() methods instead
2025-10-05T08:21:09.7719166Z npm warn deprecated @humanwhocodes/object-schema@2.0.3: Use @eslint/object-schema instead
2025-10-05T08:21:09.8079366Z npm warn deprecated @humanwhocodes/config-array@0.13.0: Use @eslint/config-array instead
2025-10-05T08:21:12.6685825Z npm warn deprecated eslint@8.57.1: This version is no longer supported. Please see https://eslint.org/version-support for other options.
2025-10-05T08:21:17.5677182Z 
2025-10-05T08:21:17.5677947Z added 955 packages, and audited 956 packages in 17s
2025-10-05T08:21:17.5678603Z 
2025-10-05T08:21:17.5678877Z 271 packages are looking for funding
2025-10-05T08:21:17.5679355Z   run `npm fund` for details
2025-10-05T08:21:17.5799437Z 
2025-10-05T08:21:17.5799882Z 5 moderate severity vulnerabilities
2025-10-05T08:21:17.5800241Z 
2025-10-05T08:21:17.5800624Z To address all issues (including breaking changes), run:
2025-10-05T08:21:17.5801146Z   npm audit fix --force
2025-10-05T08:21:17.5801371Z 
2025-10-05T08:21:17.5801583Z Run `npm audit` for details.
2025-10-05T08:21:17.6228553Z ##[group]Run npm test -- --coverage=false --passWithNoTests
2025-10-05T08:21:17.6229194Z [36;1mnpm test -- --coverage=false --passWithNoTests[0m
2025-10-05T08:21:17.6273088Z shell: /usr/bin/bash -e {0}
2025-10-05T08:21:17.6273464Z env:
2025-10-05T08:21:17.6273707Z   CI: true
2025-10-05T08:21:17.6273968Z ##[endgroup]
2025-10-05T08:21:17.7662914Z 
2025-10-05T08:21:20.6238521Z ts-jest[ts-jest-transformer] (WARN) Define `ts-jest` config under `globals` is deprecated. Please do
2025-10-05T08:21:20.6239539Z > shrimp-agent-frontend@2.0.0 test
2025-10-05T08:21:20.6252679Z > jest --coverage=false --passWithNoTests
2025-10-05T08:21:20.6253135Z 
2025-10-05T08:21:20.6253384Z transform: {
2025-10-05T08:21:20.6254035Z     <transform_regex>: ['ts-jest', { /* ts-jest config goes here in Jest */ }],
2025-10-05T08:21:20.6271583Z },
2025-10-05T08:21:20.6272820Z See more at https://kulshekhar.github.io/ts-jest/docs/getting-started/presets#advanced
2025-10-05T08:21:20.6274825Z ts-jest[ts-jest-transformer] (WARN) Define `ts-jest` config under `globals` is deprecated. Please do
2025-10-05T08:21:20.6275989Z transform: {
2025-10-05T08:21:20.6283992Z     <transform_regex>: ['ts-jest', { /* ts-jest config goes here in Jest */ }],
2025-10-05T08:21:20.6284670Z },
2025-10-05T08:21:20.6285518Z See more at https://kulshekhar.github.io/ts-jest/docs/getting-started/presets#advanced
2025-10-05T08:21:22.5517138Z   console.warn
2025-10-05T08:21:22.5520080Z     ⚠️ React Router Future Flag Warning: React Router will begin wrapping state updates in `React.startTransition` in v7. You can use the `v7_startTransition` future flag to opt-in early. For more information, see https://reactrouter.com/v6/upgrading/future#v7_starttransition.
2025-10-05T08:21:22.5521912Z 
2025-10-05T08:21:22.5522751Z     [0m [90m 224 |[39m       [36mreturn[39m
2025-10-05T08:21:22.5523683Z      [90m 225 |[39m     }
2025-10-05T08:21:22.5526004Z     [31m[1m>[22m[39m[90m 226 |[39m     originalWarn[33m.[39mcall(console[33m,[39m [33m...[39margs)
2025-10-05T08:21:22.5527754Z      [90m     |[39m                  [31m[1m^[22m[39m
2025-10-05T08:21:22.5528300Z      [90m 227 |[39m   }
2025-10-05T08:21:22.5528726Z      [90m 228 |[39m })
2025-10-05T08:21:22.5529121Z      [90m 229 |[39m[0m
2025-10-05T08:21:22.5529338Z 
2025-10-05T08:21:22.5529596Z       at console.warn (src/setupTests.ts:226:18)
2025-10-05T08:21:22.5530258Z       at warn (node_modules/react-router/lib/deprecations.ts:9:13)
2025-10-05T08:21:22.5531062Z       at warnOnce (node_modules/react-router/lib/deprecations.ts:14:3)
2025-10-05T08:21:22.5532205Z       at Object.logDeprecation [as UNSAFE_logV6DeprecationWarnings] (node_modules/react-router/lib/deprecations.ts:26:5)
2025-10-05T08:21:22.5533414Z       at logV6DeprecationWarnings (node_modules/react-router-dom/index.tsx:816:25)
2025-10-05T08:21:22.5534496Z       at commitHookEffectListMount (node_modules/react-dom/cjs/react-dom.development.js:23189:26)
2025-10-05T08:21:22.5535667Z       at commitPassiveMountOnFiber (node_modules/react-dom/cjs/react-dom.development.js:24970:11)
2025-10-05T08:21:22.5537059Z       at commitPassiveMountEffects_complete (node_modules/react-dom/cjs/react-dom.development.js:24930:9)
2025-10-05T08:21:22.5538300Z       at commitPassiveMountEffects_begin (node_modules/react-dom/cjs/react-dom.development.js:24917:7)
2025-10-05T08:21:22.5539525Z       at commitPassiveMountEffects (node_modules/react-dom/cjs/react-dom.development.js:24905:3)
2025-10-05T08:21:22.5540732Z       at flushPassiveEffectsImpl (node_modules/react-dom/cjs/react-dom.development.js:27078:3)
2025-10-05T08:21:22.5541831Z       at flushPassiveEffects (node_modules/react-dom/cjs/react-dom.development.js:27023:14)
2025-10-05T08:21:22.5542766Z       at node_modules/react-dom/cjs/react-dom.development.js:26808:9
2025-10-05T08:21:22.5543597Z       at flushActQueue (node_modules/react/cjs/react.development.js:2667:24)
2025-10-05T08:21:22.5544382Z       at act (node_modules/react/cjs/react.development.js:2582:11)
2025-10-05T08:21:22.5545583Z       at actImplementation (node_modules/@testing-library/react/dist/act-compat.js:47:25)
2025-10-05T08:21:22.5546731Z       at renderRoot (node_modules/@testing-library/react/dist/pure.js:190:25)
2025-10-05T08:21:22.5547513Z       at renderRoot (node_modules/@testing-library/react/dist/pure.js:292:10)
2025-10-05T08:21:22.5548348Z       at renderWithRouter (src/pages/__tests__/LoginPage.test.tsx:53:16)
2025-10-05T08:21:22.5549207Z       at Object.<anonymous> (src/pages/__tests__/LoginPage.test.tsx:63:5)
2025-10-05T08:21:22.5549672Z 
2025-10-05T08:21:22.5573029Z   console.warn
2025-10-05T08:21:22.5576822Z     ⚠️ React Router Future Flag Warning: Relative route resolution within Splat routes is changing in v7. You can use the `v7_relativeSplatPath` future flag to opt-in early. For more information, see https://reactrouter.com/v6/upgrading/future#v7_relativesplatpath.
2025-10-05T08:21:22.5578413Z 
2025-10-05T08:21:22.5578796Z     [0m [90m 224 |[39m       [36mreturn[39m
2025-10-05T08:21:22.5579391Z      [90m 225 |[39m     }
2025-10-05T08:21:22.5580327Z     [31m[1m>[22m[39m[90m 226 |[39m     originalWarn[33m.[39mcall(console[33m,[39m [33m...[39margs)
2025-10-05T08:21:22.5581236Z      [90m     |[39m                  [31m[1m^[22m[39m
2025-10-05T08:21:22.5581770Z      [90m 227 |[39m   }
2025-10-05T08:21:22.5582172Z      [90m 228 |[39m })
2025-10-05T08:21:22.5582575Z      [90m 229 |[39m[0m
2025-10-05T08:21:22.5582797Z 
2025-10-05T08:21:22.5583052Z       at console.warn (src/setupTests.ts:226:18)
2025-10-05T08:21:22.5583681Z       at warn (node_modules/react-router/lib/deprecations.ts:9:13)
2025-10-05T08:21:22.5584308Z       at warnOnce (node_modules/react-router/lib/deprecations.ts:14:3)
2025-10-05T08:21:22.5687540Z       at Object.logDeprecation [as UNSAFE_logV6DeprecationWarnings] (node_modules/react-router/lib/deprecations.ts:37:5)
2025-10-05T08:21:22.5688826Z       at logV6DeprecationWarnings (node_modules/react-router-dom/index.tsx:816:25)
2025-10-05T08:21:22.5689975Z       at commitHookEffectListMount (node_modules/react-dom/cjs/react-dom.development.js:23189:26)
2025-10-05T08:21:22.5691501Z       at commitPassiveMountOnFiber (node_modules/react-dom/cjs/react-dom.development.js:24970:11)
2025-10-05T08:21:22.5692691Z       at commitPassiveMountEffects_complete (node_modules/react-dom/cjs/react-dom.development.js:24930:9)
2025-10-05T08:21:22.5693901Z       at commitPassiveMountEffects_begin (node_modules/react-dom/cjs/react-dom.development.js:24917:7)
2025-10-05T08:21:22.5695096Z       at commitPassiveMountEffects (node_modules/react-dom/cjs/react-dom.development.js:24905:3)
2025-10-05T08:21:22.5696236Z       at flushPassiveEffectsImpl (node_modules/react-dom/cjs/react-dom.development.js:27078:3)
2025-10-05T08:21:22.5697547Z       at flushPassiveEffects (node_modules/react-dom/cjs/react-dom.development.js:27023:14)
2025-10-05T08:21:22.5698489Z       at node_modules/react-dom/cjs/react-dom.development.js:26808:9
2025-10-05T08:21:22.5699300Z       at flushActQueue (node_modules/react/cjs/react.development.js:2667:24)
2025-10-05T08:21:22.5700070Z       at act (node_modules/react/cjs/react.development.js:2582:11)
2025-10-05T08:21:22.5700932Z       at actImplementation (node_modules/@testing-library/react/dist/act-compat.js:47:25)
2025-10-05T08:21:22.5701847Z       at renderRoot (node_modules/@testing-library/react/dist/pure.js:190:25)
2025-10-05T08:21:22.5702652Z       at renderRoot (node_modules/@testing-library/react/dist/pure.js:292:10)
2025-10-05T08:21:22.5703462Z       at renderWithRouter (src/pages/__tests__/LoginPage.test.tsx:53:16)
2025-10-05T08:21:22.5704257Z       at Object.<anonymous> (src/pages/__tests__/LoginPage.test.tsx:63:5)
2025-10-05T08:21:22.5704694Z 
2025-10-05T08:21:22.5963523Z   console.warn
2025-10-05T08:21:22.5966665Z     ⚠️ React Router Future Flag Warning: React Router will begin wrapping state updates in `React.startTransition` in v7. You can use the `v7_startTransition` future flag to opt-in early. For more information, see https://reactrouter.com/v6/upgrading/future#v7_starttransition.
2025-10-05T08:21:22.5968364Z 
2025-10-05T08:21:22.5968749Z     [0m [90m 224 |[39m       [36mreturn[39m
2025-10-05T08:21:22.5969324Z      [90m 225 |[39m     }
2025-10-05T08:21:22.5970272Z     [31m[1m>[22m[39m[90m 226 |[39m     originalWarn[33m.[39mcall(console[33m,[39m [33m...[39margs)
2025-10-05T08:21:22.5971201Z      [90m     |[39m                  [31m[1m^[22m[39m
2025-10-05T08:21:22.5971747Z      [90m 227 |[39m   }
2025-10-05T08:21:22.5972220Z      [90m 228 |[39m })
2025-10-05T08:21:22.5972786Z      [90m 229 |[39m[0m
2025-10-05T08:21:22.5973031Z 
2025-10-05T08:21:22.5973306Z       at console.warn (src/setupTests.ts:226:18)
2025-10-05T08:21:22.5974013Z       at warn (node_modules/react-router/lib/deprecations.ts:9:13)
2025-10-05T08:21:22.5974854Z       at warnOnce (node_modules/react-router/lib/deprecations.ts:14:3)
2025-10-05T08:21:22.5976106Z       at Object.logDeprecation [as UNSAFE_logV6DeprecationWarnings] (node_modules/react-router/lib/deprecations.ts:26:5)
2025-10-05T08:21:22.5977635Z       at logV6DeprecationWarnings (node_modules/react-router-dom/index.tsx:816:25)
2025-10-05T08:21:22.5978839Z       at commitHookEffectListMount (node_modules/react-dom/cjs/react-dom.development.js:23189:26)
2025-10-05T08:21:22.5980115Z       at commitPassiveMountOnFiber (node_modules/react-dom/cjs/react-dom.development.js:24970:11)
2025-10-05T08:21:22.5981432Z       at commitPassiveMountEffects_complete (node_modules/react-dom/cjs/react-dom.development.js:24930:9)
2025-10-05T08:21:22.5982783Z       at commitPassiveMountEffects_begin (node_modules/react-dom/cjs/react-dom.development.js:24917:7)
2025-10-05T08:21:22.5984213Z       at commitPassiveMountEffects (node_modules/react-dom/cjs/react-dom.development.js:24905:3)
2025-10-05T08:21:22.5985417Z       at flushPassiveEffectsImpl (node_modules/react-dom/cjs/react-dom.development.js:27078:3)
2025-10-05T08:21:22.5986767Z       at flushPassiveEffects (node_modules/react-dom/cjs/react-dom.development.js:27023:14)
2025-10-05T08:21:22.5987751Z       at node_modules/react-dom/cjs/react-dom.development.js:26808:9
2025-10-05T08:21:22.5988923Z       at flushActQueue (node_modules/react/cjs/react.development.js:2667:24)
2025-10-05T08:21:22.5989767Z       at act (node_modules/react/cjs/react.development.js:2582:11)
2025-10-05T08:21:22.5990719Z       at actImplementation (node_modules/@testing-library/react/dist/act-compat.js:47:25)
2025-10-05T08:21:22.5991722Z       at renderRoot (node_modules/@testing-library/react/dist/pure.js:190:25)
2025-10-05T08:21:22.5992627Z       at renderRoot (node_modules/@testing-library/react/dist/pure.js:292:10)
2025-10-05T08:21:22.5993514Z       at renderWithRouter (src/pages/__tests__/HomePage.test.tsx:27:16)
2025-10-05T08:21:22.5994370Z       at Object.<anonymous> (src/pages/__tests__/HomePage.test.tsx:42:5)
2025-10-05T08:21:22.5994824Z 
2025-10-05T08:21:22.6106062Z   console.warn
2025-10-05T08:21:22.6113185Z     ⚠️ React Router Future Flag Warning: Relative route resolution within Splat routes is changing in v7. You can use the `v7_relativeSplatPath` future flag to opt-in early. For more information, see https://reactrouter.com/v6/upgrading/future#v7_relativesplatpath.
2025-10-05T08:21:22.6114806Z 
2025-10-05T08:21:22.6115207Z     [0m [90m 224 |[39m       [36mreturn[39m
2025-10-05T08:21:22.6115815Z      [90m 225 |[39m     }
2025-10-05T08:21:22.6116964Z     [31m[1m>[22m[39m[90m 226 |[39m     originalWarn[33m.[39mcall(console[33m,[39m [33m...[39margs)
2025-10-05T08:21:22.6117897Z      [90m     |[39m                  [31m[1m^[22m[39m
2025-10-05T08:21:22.6118474Z      [90m 227 |[39m   }
2025-10-05T08:21:22.6118896Z      [90m 228 |[39m })
2025-10-05T08:21:22.6119342Z      [90m 229 |[39m[0m
2025-10-05T08:21:22.6119586Z 
2025-10-05T08:21:22.6119848Z       at console.warn (src/setupTests.ts:226:18)
2025-10-05T08:21:22.6120483Z       at warn (node_modules/react-router/lib/deprecations.ts:9:13)
2025-10-05T08:21:22.6121595Z       at warnOnce (node_modules/react-router/lib/deprecations.ts:14:3)
2025-10-05T08:21:22.6122815Z       at Object.logDeprecation [as UNSAFE_logV6DeprecationWarnings] (node_modules/react-router/lib/deprecations.ts:37:5)
2025-10-05T08:21:22.6124026Z       at logV6DeprecationWarnings (node_modules/react-router-dom/index.tsx:816:25)
2025-10-05T08:21:22.6125124Z       at commitHookEffectListMount (node_modules/react-dom/cjs/react-dom.development.js:23189:26)
2025-10-05T08:21:22.6126485Z       at commitPassiveMountOnFiber (node_modules/react-dom/cjs/react-dom.development.js:24970:11)
2025-10-05T08:21:22.6127730Z       at commitPassiveMountEffects_complete (node_modules/react-dom/cjs/react-dom.development.js:24930:9)
2025-10-05T08:21:22.6129002Z       at commitPassiveMountEffects_begin (node_modules/react-dom/cjs/react-dom.development.js:24917:7)
2025-10-05T08:21:22.6130191Z       at commitPassiveMountEffects (node_modules/react-dom/cjs/react-dom.development.js:24905:3)
2025-10-05T08:21:22.6131348Z       at flushPassiveEffectsImpl (node_modules/react-dom/cjs/react-dom.development.js:27078:3)
2025-10-05T08:21:22.6132465Z       at flushPassiveEffects (node_modules/react-dom/cjs/react-dom.development.js:27023:14)
2025-10-05T08:21:22.6133382Z       at node_modules/react-dom/cjs/react-dom.development.js:26808:9
2025-10-05T08:21:22.6134286Z       at flushActQueue (node_modules/react/cjs/react.development.js:2667:24)
2025-10-05T08:21:22.6135066Z       at act (node_modules/react/cjs/react.development.js:2582:11)
2025-10-05T08:21:22.6135944Z       at actImplementation (node_modules/@testing-library/react/dist/act-compat.js:47:25)
2025-10-05T08:21:22.6137078Z       at renderRoot (node_modules/@testing-library/react/dist/pure.js:190:25)
2025-10-05T08:21:22.6137917Z       at renderRoot (node_modules/@testing-library/react/dist/pure.js:292:10)
2025-10-05T08:21:22.6155868Z       at renderWithRouter (src/pages/__tests__/HomePage.test.tsx:27:16)
2025-10-05T08:21:22.6157070Z       at Object.<anonymous> (src/pages/__tests__/HomePage.test.tsx:42:5)
2025-10-05T08:21:22.6157558Z 
2025-10-05T08:21:22.8581056Z PASS src/pages/__tests__/LoginPage.test.tsx
2025-10-05T08:21:22.8600824Z   LoginPage Component
2025-10-05T08:21:22.8601581Z     ✓ 应该正确渲染基本元素 (225 ms)
2025-10-05T08:21:22.8602098Z     ✓ 应该进行表单校验并提示错误 (56 ms)
2025-10-05T08:21:22.8602593Z     ✓ 应该支持显示/隐藏密码 (27 ms)
2025-10-05T08:21:22.8603051Z     ✓ 应该支持记住我切换 (32 ms)
2025-10-05T08:21:22.8603569Z     ✓ 登录成功后应导航到 /dashboard (41 ms)
2025-10-05T08:21:22.8604278Z     ✓ 登录失败时应显示错误反馈且不导航 (36 ms)
2025-10-05T08:21:22.8604593Z 
2025-10-05T08:21:23.1067678Z   console.error
2025-10-05T08:21:23.1078082Z     登录失败: Error: 网络错误
2025-10-05T08:21:23.1079240Z         at Object.<anonymous> (/home/runner/work/OpenShrimp-CORA/OpenShrimp-CORA/frontend/src/api/__tests__/authApi.test.ts:50:19)
2025-10-05T08:21:23.1080973Z         at Promise.then.completed (/home/runner/work/OpenShrimp-CORA/OpenShrimp-CORA/frontend/node_modules/jest-circus/build/utils.js:298:28)
2025-10-05T08:21:23.1082107Z         at new Promise (<anonymous>)
2025-10-05T08:21:23.1083307Z         at callAsyncCircusFn (/home/runner/work/OpenShrimp-CORA/OpenShrimp-CORA/frontend/node_modules/jest-circus/build/utils.js:231:10)
2025-10-05T08:21:23.1084963Z         at _callCircusTest (/home/runner/work/OpenShrimp-CORA/OpenShrimp-CORA/frontend/node_modules/jest-circus/build/run.js:316:40)
2025-10-05T08:21:23.1086223Z         at processTicksAndRejections (node:internal/process/task_queues:95:5)
2025-10-05T08:21:23.1087658Z         at _runTest (/home/runner/work/OpenShrimp-CORA/OpenShrimp-CORA/frontend/node_modules/jest-circus/build/run.js:252:3)
2025-10-05T08:21:23.1089281Z         at _runTestsForDescribeBlock (/home/runner/work/OpenShrimp-CORA/OpenShrimp-CORA/frontend/node_modules/jest-circus/build/run.js:126:9)
2025-10-05T08:21:23.1091073Z         at _runTestsForDescribeBlock (/home/runner/work/OpenShrimp-CORA/OpenShrimp-CORA/frontend/node_modules/jest-circus/build/run.js:121:9)
2025-10-05T08:21:23.1092644Z         at run (/home/runner/work/OpenShrimp-CORA/OpenShrimp-CORA/frontend/node_modules/jest-circus/build/run.js:71:3)
2025-10-05T08:21:23.1094986Z         at runAndTransformResultsToJestFormat (/home/runner/work/OpenShrimp-CORA/OpenShrimp-CORA/frontend/node_modules/jest-circus/build/legacy-code-todo-rewrite/jestAdapterInit.js:122:21)
2025-10-05T08:21:23.1097579Z         at jestAdapter (/home/runner/work/OpenShrimp-CORA/OpenShrimp-CORA/frontend/node_modules/jest-circus/build/legacy-code-todo-rewrite/jestAdapter.js:79:19)
2025-10-05T08:21:23.1099497Z         at runTestInternal (/home/runner/work/OpenShrimp-CORA/OpenShrimp-CORA/frontend/node_modules/jest-runner/build/runTest.js:367:16)
2025-10-05T08:21:23.1101185Z         at runTest (/home/runner/work/OpenShrimp-CORA/OpenShrimp-CORA/frontend/node_modules/jest-runner/build/runTest.js:444:34)
2025-10-05T08:21:23.1102810Z         at Object.worker (/home/runner/work/OpenShrimp-CORA/OpenShrimp-CORA/frontend/node_modules/jest-runner/build/testWorker.js:106:12)
2025-10-05T08:21:23.1103654Z 
2025-10-05T08:21:23.1104035Z     [0m [90m 214 |[39m       [36mreturn[39m
2025-10-05T08:21:23.1104552Z      [90m 215 |[39m     }
2025-10-05T08:21:23.1105439Z     [31m[1m>[22m[39m[90m 216 |[39m     originalError[33m.[39mcall(console[33m,[39m [33m...[39margs)
2025-10-05T08:21:23.1106459Z      [90m     |[39m                   [31m[1m^[22m[39m
2025-10-05T08:21:23.1107170Z      [90m 217 |[39m   }
2025-10-05T08:21:23.1107603Z      [90m 218 |[39m
2025-10-05T08:21:23.1108451Z      [90m 219 |[39m   console[33m.[39mwarn [33m=[39m ([33m...[39margs[33m:[39m any[]) [33m=>[39m {[0m
2025-10-05T08:21:23.1108980Z 
2025-10-05T08:21:23.1109290Z       at console.error (src/setupTests.ts:216:19)
2025-10-05T08:21:23.1109870Z       at AuthApi.login (src/api/auth.ts:51:15)
2025-10-05T08:21:23.1110515Z       at Object.<anonymous> (src/api/__tests__/authApi.test.ts:53:5)
2025-10-05T08:21:23.1110934Z 
2025-10-05T08:21:23.1145348Z   console.error
2025-10-05T08:21:23.1147426Z     登出失败: Error: 服务器错误
2025-10-05T08:21:23.1148461Z         at Object.<anonymous> (/home/runner/work/OpenShrimp-CORA/OpenShrimp-CORA/frontend/src/api/__tests__/authApi.test.ts:92:19)
2025-10-05T08:21:23.1151329Z         at Promise.then.completed (/home/runner/work/OpenShrimp-CORA/OpenShrimp-CORA/frontend/node_modules/jest-circus/build/utils.js:298:28)
2025-10-05T08:21:23.1152480Z         at new Promise (<anonymous>)
2025-10-05T08:21:23.1153674Z         at callAsyncCircusFn (/home/runner/work/OpenShrimp-CORA/OpenShrimp-CORA/frontend/node_modules/jest-circus/build/utils.js:231:10)
2025-10-05T08:21:23.1155499Z         at _callCircusTest (/home/runner/work/OpenShrimp-CORA/OpenShrimp-CORA/frontend/node_modules/jest-circus/build/run.js:316:40)
2025-10-05T08:21:23.1157039Z         at processTicksAndRejections (node:internal/process/task_queues:95:5)
2025-10-05T08:21:23.1158306Z         at _runTest (/home/runner/work/OpenShrimp-CORA/OpenShrimp-CORA/frontend/node_modules/jest-circus/build/run.js:252:3)
2025-10-05T08:21:23.1160032Z         at _runTestsForDescribeBlock (/home/runner/work/OpenShrimp-CORA/OpenShrimp-CORA/frontend/node_modules/jest-circus/build/run.js:126:9)
2025-10-05T08:21:23.1161926Z         at _runTestsForDescribeBlock (/home/runner/work/OpenShrimp-CORA/OpenShrimp-CORA/frontend/node_modules/jest-circus/build/run.js:121:9)
2025-10-05T08:21:23.1163612Z         at run (/home/runner/work/OpenShrimp-CORA/OpenShrimp-CORA/frontend/node_modules/jest-circus/build/run.js:71:3)
2025-10-05T08:21:23.1165748Z         at runAndTransformResultsToJestFormat (/home/runner/work/OpenShrimp-CORA/OpenShrimp-CORA/frontend/node_modules/jest-circus/build/legacy-code-todo-rewrite/jestAdapterInit.js:122:21)
2025-10-05T08:21:23.1168325Z         at jestAdapter (/home/runner/work/OpenShrimp-CORA/OpenShrimp-CORA/frontend/node_modules/jest-circus/build/legacy-code-todo-rewrite/jestAdapter.js:79:19)
2025-10-05T08:21:23.1170248Z         at runTestInternal (/home/runner/work/OpenShrimp-CORA/OpenShrimp-CORA/frontend/node_modules/jest-runner/build/runTest.js:367:16)
2025-10-05T08:21:23.1172208Z         at runTest (/home/runner/work/OpenShrimp-CORA/OpenShrimp-CORA/frontend/node_modules/jest-runner/build/runTest.js:444:34)
2025-10-05T08:21:23.1173961Z         at Object.worker (/home/runner/work/OpenShrimp-CORA/OpenShrimp-CORA/frontend/node_modules/jest-runner/build/testWorker.js:106:12)
2025-10-05T08:21:23.1174832Z 
2025-10-05T08:21:23.1175225Z     [0m [90m 214 |[39m       [36mreturn[39m
2025-10-05T08:21:23.1175787Z      [90m 215 |[39m     }
2025-10-05T08:21:23.1176922Z     [31m[1m>[22m[39m[90m 216 |[39m     originalError[33m.[39mcall(console[33m,[39m [33m...[39margs)
2025-10-05T08:21:23.1177874Z      [90m     |[39m                   [31m[1m^[22m[39m
2025-10-05T08:21:23.1178429Z      [90m 217 |[39m   }
2025-10-05T08:21:23.1178836Z      [90m 218 |[39m
2025-10-05T08:21:23.1179701Z      [90m 219 |[39m   console[33m.[39mwarn [33m=[39m ([33m...[39margs[33m:[39m any[]) [33m=>[39m {[0m
2025-10-05T08:21:23.1180267Z 
2025-10-05T08:21:23.1180594Z       at console.error (src/setupTests.ts:216:19)
2025-10-05T08:21:23.1181182Z       at AuthApi.logout (src/api/auth.ts:94:15)
2025-10-05T08:21:23.1181857Z       at Object.<anonymous> (src/api/__tests__/authApi.test.ts:95:5)
2025-10-05T08:21:23.1182277Z 
2025-10-05T08:21:23.1228948Z   console.error
2025-10-05T08:21:23.1231639Z     获取用户信息失败: Error: 401 Unauthorized
2025-10-05T08:21:23.1234324Z         at Object.<anonymous> (/home/runner/work/OpenShrimp-CORA/OpenShrimp-CORA/frontend/src/api/__tests__/authApi.test.ts:130:21)
2025-10-05T08:21:23.1237988Z         at processTicksAndRejections (node:internal/process/task_queues:95:5)
2025-10-05T08:21:23.1239982Z 
2025-10-05T08:21:23.1241604Z     [0m [90m 214 |[39m       [36mreturn[39m
2025-10-05T08:21:23.1243563Z      [90m 215 |[39m     }
2025-10-05T08:21:23.1248438Z     [31m[1m>[22m[39m[90m 216 |[39m     originalError[33m.[39mcall(console[33m,[39m [33m...[39margs)
2025-10-05T08:21:23.1250780Z      [90m     |[39m                   [31m[1m^[22m[39m
2025-10-05T08:21:23.1252589Z      [90m 217 |[39m   }
2025-10-05T08:21:23.1254271Z      [90m 218 |[39m
2025-10-05T08:21:23.1264196Z      [90m 219 |[39m   console[33m.[39mwarn [33m=[39m ([33m...[39margs[33m:[39m any[]) [33m=>[39m {[0m
2025-10-05T08:21:23.1264765Z 
2025-10-05T08:21:23.1265012Z       at console.error (src/setupTests.ts:216:19)
2025-10-05T08:21:23.1265612Z       at AuthApi.getCurrentUser (src/api/auth.ts:130:15)
2025-10-05T08:21:23.1266236Z       at AuthApi.validateToken (src/api/auth.ts:357:24)
2025-10-05T08:21:23.1267156Z       at Object.<anonymous> (src/api/__tests__/authApi.test.ts:133:5)
2025-10-05T08:21:23.1267588Z 
2025-10-05T08:21:23.1374194Z   console.error
2025-10-05T08:21:23.1375596Z     检查权限失败: Error: network error
2025-10-05T08:21:23.1377025Z         at Object.<anonymous> (/home/runner/work/OpenShrimp-CORA/OpenShrimp-CORA/frontend/src/api/__tests__/authApi.test.ts:146:20)
2025-10-05T08:21:23.1378264Z         at processTicksAndRejections (node:internal/process/task_queues:95:5)
2025-10-05T08:21:23.1378811Z 
2025-10-05T08:21:23.1379183Z     [0m [90m 214 |[39m       [36mreturn[39m
2025-10-05T08:21:23.1379735Z      [90m 215 |[39m     }
2025-10-05T08:21:23.1380603Z     [31m[1m>[22m[39m[90m 216 |[39m     originalError[33m.[39mcall(console[33m,[39m [33m...[39margs)
2025-10-05T08:21:23.1381450Z      [90m     |[39m                   [31m[1m^[22m[39m
2025-10-05T08:21:23.1381957Z      [90m 217 |[39m   }
2025-10-05T08:21:23.1382340Z      [90m 218 |[39m
2025-10-05T08:21:23.1383143Z      [90m 219 |[39m   console[33m.[39mwarn [33m=[39m ([33m...[39margs[33m:[39m any[]) [33m=>[39m {[0m
2025-10-05T08:21:23.1383651Z 
2025-10-05T08:21:23.1383887Z       at console.error (src/setupTests.ts:216:19)
2025-10-05T08:21:23.1384486Z       at AuthApi.hasPermission (src/api/auth.ts:386:15)
2025-10-05T08:21:23.1385169Z       at Object.<anonymous> (src/api/__tests__/authApi.test.ts:148:5)
2025-10-05T08:21:23.1385609Z 
2025-10-05T08:21:23.1404899Z PASS src/api/__tests__/authApi.test.ts
2025-10-05T08:21:23.1405354Z   AuthApi
2025-10-05T08:21:23.1406185Z     ✓ login 成功时设置 token 并返回响应 (1 ms)
2025-10-05T08:21:23.1407003Z     ✓ login 失败时抛出错误，不崩溃 (27 ms)
2025-10-05T08:21:23.1407508Z     ✓ register 成功时设置 token (1 ms)
2025-10-05T08:21:23.1408017Z     ✓ logout 成功时清除 token (1 ms)
2025-10-05T08:21:23.1408552Z     ✓ logout 失败时也应清除 token 并抛错 (7 ms)
2025-10-05T08:21:23.1409153Z     ✓ refreshToken 成功时更新 token (2 ms)
2025-10-05T08:21:23.1409704Z     ✓ getCurrentUser 应调用 /auth/me
2025-10-05T08:21:23.1410636Z     ✓ validateToken 在成功时返回 true，失败返回 false (5 ms)
2025-10-05T08:21:23.1411210Z     ✓ hasPermission 正确返回布尔值 (14 ms)
2025-10-05T08:21:23.1411387Z 
2025-10-05T08:21:23.2135474Z FAIL src/pages/__tests__/HomePage.test.tsx
2025-10-05T08:21:23.2136074Z   HomePage Component
2025-10-05T08:21:23.2137176Z     ✕ 应该正确渲染首页内容 (156 ms)
2025-10-05T08:21:23.2137675Z     ✕ 应该显示统计数据 (35 ms)
2025-10-05T08:21:23.2138134Z     ✓ 应该显示功能特性 (33 ms)
2025-10-05T08:21:23.2138581Z     ✕ 应该显示快速开始步骤 (27 ms)
2025-10-05T08:21:23.2139059Z     ✕ 应该处理搜索表单提交 (31 ms)
2025-10-05T08:21:23.2139576Z     ✓ 应该处理空搜索提交 (102 ms)
2025-10-05T08:21:23.2140059Z     ✕ 应该处理键盘事件 (27 ms)
2025-10-05T08:21:23.2140504Z     ✕ 应该正确处理认证状态 (21 ms)
2025-10-05T08:21:23.2140947Z     ✕ 应该正确处理未认证状态 (33 ms)
2025-10-05T08:21:23.2141408Z     ✕ 应该支持无障碍访问 (60 ms)
2025-10-05T08:21:23.2141866Z     ✕ 应该正确处理响应式设计 (30 ms)
2025-10-05T08:21:23.2142327Z     ✕ 应该正确处理动画效果 (22 ms)
2025-10-05T08:21:23.2142776Z     ✓ 应该处理错误状态 (34 ms)
2025-10-05T08:21:23.2143000Z 
2025-10-05T08:21:23.2143329Z   ● HomePage Component › 应该正确渲染首页内容
2025-10-05T08:21:23.2143631Z 
2025-10-05T08:21:23.2145474Z     TestingLibraryElementError: Unable to find an element with the text: /智能搜索与文档管理平台/i. This could be because the text is broken up by multiple elements. In this case, you can provide a function for your text matcher to make your matcher more flexible.
2025-10-05T08:21:23.2147167Z 
2025-10-05T08:21:23.2147425Z     Ignored nodes: comments, script, style
2025-10-05T08:21:23.2148015Z     [36m<body>[39m
2025-10-05T08:21:23.2148435Z       [36m<div>[39m
2025-10-05T08:21:23.2148886Z         [36m<div[39m
2025-10-05T08:21:23.2149917Z           [33mclass[39m=[32m"min-h-screen"[39m
2025-10-05T08:21:23.2150462Z         [36m>[39m
2025-10-05T08:21:23.2150903Z           [36m<section[39m
2025-10-05T08:21:23.2151686Z             [33mclass[39m=[32m"relative py-20 lg:py-32 overflow-hidden"[39m
2025-10-05T08:21:23.2152370Z           [36m>[39m
2025-10-05T08:21:23.2152812Z             [36m<div[39m
2025-10-05T08:21:23.2153917Z               [33mclass[39m=[32m"absolute inset-0 bg-gradient-to-br from-primary/5 via-transparent to-secondary/5"[39m
2025-10-05T08:21:23.2154852Z             [36m/>[39m
2025-10-05T08:21:23.2155295Z             [36m<div[39m
2025-10-05T08:21:23.2156454Z               [33mclass[39m=[32m"absolute top-1/4 left-1/4 w-72 h-72 bg-primary/10 rounded-full blur-3xl"[39m
2025-10-05T08:21:23.2157325Z             [36m/>[39m
2025-10-05T08:21:23.2157795Z             [36m<div[39m
2025-10-05T08:21:23.2158857Z               [33mclass[39m=[32m"absolute bottom-1/4 right-1/4 w-96 h-96 bg-secondary/10 rounded-full blur-3xl"[39m
2025-10-05T08:21:23.2159724Z             [36m/>[39m
2025-10-05T08:21:23.2160165Z             [36m<div[39m
2025-10-05T08:21:23.2160846Z               [33mclass[39m=[32m"relative container-responsive"[39m
2025-10-05T08:21:23.2161478Z             [36m>[39m
2025-10-05T08:21:23.2161911Z               [36m<div[39m
2025-10-05T08:21:23.2162606Z                 [33mclass[39m=[32m"text-center max-w-4xl mx-auto"[39m
2025-10-05T08:21:23.2163243Z               [36m>[39m
2025-10-05T08:21:23.2163726Z                 [36m<div[39m
2025-10-05T08:21:23.2164308Z                   [33mclass[39m=[32m"mb-6"[39m
2025-10-05T08:21:23.2164857Z                 [36m>[39m
2025-10-05T08:21:23.2165354Z                   [36m<span[39m
2025-10-05T08:21:23.2184501Z                     [33mclass[39m=[32m"inline-flex items-center px-4 py-2 rounded-full bg-primary/10 text-primary text-sm font-medium"[39m
2025-10-05T08:21:23.2185858Z                   [36m>[39m
2025-10-05T08:21:23.2186777Z                     [36m<svg[39m
2025-10-05T08:21:23.2187478Z                       [33mclass[39m=[32m"h-4 w-4 mr-2"[39m
2025-10-05T08:21:23.2188319Z                       [33mdata-testid[39m=[32m"mock-icon"[39m
2025-10-05T08:21:23.2188963Z                     [36m/>[39m
2025-10-05T08:21:23.2189578Z                     [0m全新 v2.0 版本发布[0m
2025-10-05T08:21:23.2190176Z                   [36m</span>[39m
2025-10-05T08:21:23.2190740Z                 [36m</div>[39m
2025-10-05T08:21:23.2191235Z                 [36m<h1[39m
2025-10-05T08:21:23.2192115Z                   [33mclass[39m=[32m"text-4xl lg:text-6xl font-bold text-foreground mb-6"[39m
2025-10-05T08:21:23.2192892Z                 [36m>[39m
2025-10-05T08:21:23.2193426Z                   [0m智能搜索，[0m
2025-10-05T08:21:23.2193947Z                   [36m<span[39m
2025-10-05T08:21:23.2194584Z                     [33mclass[39m=[32m"text-gradient"[39m
2025-10-05T08:21:23.2195188Z                   [36m>[39m
2025-10-05T08:21:23.2195721Z                     [0m重新定义[0m
2025-10-05T08:21:23.2196480Z                   [36m</span>[39m
2025-10-05T08:21:23.2197063Z                   [36m<br />[39m
2025-10-05T08:21:23.2197620Z                   [0m知识管理体验[0m
2025-10-05T08:21:23.2198074Z                 [36m</h1>[39m
2025-10-05T08:21:23.2198515Z                 [36m<p[39m
2025-10-05T08:21:23.2199389Z                   [33mclass[39m=[32m"text-xl text-muted-foreground mb-8 max-w-2xl mx-auto"[39m
2025-10-05T08:21:23.2200161Z                 [36m>[39m
2025-10-05T08:21:23.2200961Z                   [0m基于先进的 AI 技术，CORA 为您提供智能化的文档搜索和管理解决方案， 让知识触手可及，让工作更加高效。[0m
2025-10-05T08:21:23.2201665Z                 [36m</p>[39m
2025-10-05T08:21:23.2202184Z                 [36m<div[39m
2025-10-05T08:21:23.2202759Z                   [33mclass[39m=[32m"mb-8"[39m
2025-10-05T08:21:23.2203313Z                 [36m>[39m
2025-10-05T08:21:23.2203813Z                   [36m<form[39m
2025-10-05T08:21:23.2204788Z                     [33mclass[39m=[32m"max-w-2xl mx-auto"[39m
2025-10-05T08:21:23.2205398Z                   [36m>[39m
2025-10-05T08:21:23.2205918Z                     [36m<div[39m
2025-10-05T08:21:23.2206766Z                       [33mclass[39m=[32m"relative"[39m
2025-10-05T08:21:23.2207372Z                     [36m>[39m
2025-10-05T08:21:23.2207908Z                       [36m<svg[39m
2025-10-05T08:21:23.2226896Z                         [33mclass[39m=[32m"absolute left-4 top-1/2 transform -translate-y-1/2 h-5 w-5 text-muted-foreground"[39m
2025-10-05T08:21:23.2228123Z                         [33mdata-testid[39m=[32m"mock-icon"[39m
2025-10-05T08:21:23.2228887Z                       [36m/>[39m
2025-10-05T08:21:23.2229436Z                       [36m<input[39m
2025-10-05T08:21:23.2231244Z                         [33mclass[39m=[32m"w-full pl-12 pr-32 py-4 text-lg border border-border rounded-xl bg-background/50 backdrop-blur-sm focus:outline-none focus:ring-2 focus:ring-primary focus:border-transparent"[39m
2025-10-05T08:21:23.2232868Z                         [33mplaceholder[39m=[32m"搜索任何内容..."[39m
2025-10-05T08:21:23.2233602Z                         [33mtype[39m=[32m"text"[39m
2025-10-05T08:21:23.2234278Z                         [33mvalue[39m=[32m""[39m
2025-10-05T08:21:23.2234901Z                       [36m/>[39m
2025-10-05T08:21:23.2235475Z                       [36m<button[39m
2025-10-05T08:21:23.2236765Z                         [33mclass[39m=[32m"absolute right-2 top-1/2 transform -translate-y-1/2 btn btn-primary btn-md"[39m
2025-10-05T08:21:23.2237872Z                         [33mtype[39m=[32m"submit"[39m
2025-10-05T08:21:23.2238481Z                       [36m>[39m
2025-10-05T08:21:23.2239042Z                         [0m开始搜索[0m
2025-10-05T08:21:23.2239632Z                       [36m</button>[39m
2025-10-05T08:21:23.2240220Z                     [36m</div>[39m
2025-10-05T08:21:23.2240767Z                   [36m</form>[39m
2025-10-05T08:21:23.2241572Z                 [36m</div>[39m
2025-10-05T08:21:23.2242140Z                 [36m<div[39m
2025-10-05T08:21:23.2243289Z                   [33mclass[39m=[32m"flex flex-col sm:flex-row items-center justify-center space-y-4 sm:space-y-0 sm:space-x-4"[39m
2025-10-05T08:21:23.2244249Z                 [36m>[39m
2025-10-05T08:21:23.2244751Z                   [36m<a[39m
2025-10-05T08:21:23.2245426Z                     [33mclass[39m=[32m"btn btn-primary btn-lg"[39m
2025-10-05T08:21:23.2246209Z                     [33mhref[39m=[32m"/register"[39m
2025-10-05T08:21:23.2247006Z                   [36m>[39m
2025-10-05T08:21:23.2247559Z                     [0m免费注册[0m
2025-10-05T08:21:23.2248137Z                     [36m<svg[39m
2025-10-05T08:21:23.2248828Z                       [33mclass[39m=[32m"ml-2 h-5 w-5"[39m
2025-10-05T08:21:23.2249643Z                       [33mdata-testid[39m=[32m"mock-icon"[39m
2025-10-05T08:21:23.2250282Z                     [36m/>[39m
2025-10-05T08:21:23.2250846Z                   [36m</a>[39m
2025-10-05T08:21:23.2251380Z                   [36m<button[39m
2025-10-05T08:21:23.2252073Z                     [33mclass[39m=[32m"btn btn-outline btn-lg"[39m
2025-10-05T08:21:23.2252799Z                   [36m>[39m
2025-10-05T08:21:23.2253312Z                     [36m<svg[39m
2025-10-05T08:21:23.2253935Z                       [33mclass[39m=[32m"mr-2 h-5 w-5"[39m
2025-10-05T08:21:23.2254664Z                       [33mdata-testid[39m=[32m"mock-icon"[39m
2025-10-05T08:21:23.2255288Z                     [36m/>[39m
2025-10-05T08:21:23.2255825Z                     [0m观看演示[0m
2025-10-05T08:21:23.2256749Z                   [36m</button>[39m
2025-10-05T08:21:23.2257325Z                 [36m</div>[39m
2025-10-05T08:21:23.2257847Z               [36m</div>[39m
2025-10-05T08:21:23.2258324Z             [36m</div>[39m
2025-10-05T08:21:23.2258833Z           [36m</section>[39m
2025-10-05T08:21:23.2259309Z           [36m<section[39m
2025-10-05T08:21:23.2260219Z             [33mclass[39m=[32m"py-16 bg-muted/30"[39m
2025-10-05T08:21:23.2260799Z           [36m>[39m
2025-10-05T08:21:23.2261233Z             [36m<div[39m
2025-10-05T08:21:23.2261874Z               [33mclass[39m=[32m"container-responsive"[39m
2025-10-05T08:21:23.2262483Z             [36m>[39m
2025-10-05T08:21:23.2262925Z               [36m<div[39m
2025-10-05T08:21:23.2263682Z                 [33mclass[39m=[32m"grid grid-cols-2 lg:grid-cols-4 gap-8"[39m
2025-10-05T08:21:23.2264366Z               [36m>[39m
2025-10-05T08:21:23.2264863Z                 [36m<div[39m
2025-10-05T08:21:23.2265459Z                   [33mclass[39m=[32m"text-center"[39m
2025-10-05T08:21:23.2266027Z                 [36m>[39m
2025-10-05T08:21:23.2266740Z                   [36m<div[39m
2025-10-05T08:21:23.2267924Z                     [33mclass[39m=[32m"inline-flex items-center justify-center w-12 h-12 bg-primary/10 rounded-lg mb-4"[39m
2025-10-05T08:21:23.2268876Z                   [36m>[39m
2025-10-05T08:21:23.2269399Z                     [36m<svg[39m
2025-10-05T08:21:23.2270099Z                       [33mclass[39m=[32m"h-6 w-6 text-primary"[39m
2025-10-05T08:21:23.2270889Z                       [33mdata-testid[39m=[32m"mock-icon"[39m
2025-10-05T08:21:23.2271544Z                     [36m/>[39m
2025-10-05T08:21:23.2272074Z                   [36m</div>[39m
2025-10-05T08:21:23.2272609Z                   [36m<div[39m
2025-10-05T08:21:23.2273393Z                     [33mclass[39m=[32m"text-3xl font-bold text-foreground mb-1"[39m
2025-10-05T08:21:23.2274104Z                   [36m>[39m
2025-10-05T08:21:23.2274626Z                     [0m10,000+[0m
2025-10-05T08:21:23.2275164Z                   [36m</div>[39m
2025-10-05T08:21:23.2275695Z                   [36m<div[39m
2025-10-05T08:21:23.2276646Z                     [33mclass[39m=[32m"text-sm text-muted-foreground mb-1"[39m
2025-10-05T08:21:23.2277345Z                   [36m>[39m
2025-10-05T08:21:23.2278116Z                     [0m活跃用户[0m
2025-10-05T08:21:23.2278801Z                   [36m</div>[39m
2025-10-05T08:21:23.2279342Z                   [36m<div[39m
2025-10-05T08:21:23.2280254Z                     [33mclass[39m=[32m"flex items-center justify-center text-xs text-green-600"[39m
2025-10-05T08:21:23.2281061Z                   [36m>[39m
2025-10-05T08:21:23.2281593Z                     [36m<svg[39m
2025-10-05T08:21:23.2282230Z                       [33mclass[39m=[32m"h-3 w-3 mr-1"[39m
2025-10-05T08:21:23.2282978Z                       [33mdata-testid[39m=[32m"mock-icon"[39m
2025-10-05T08:21:23.2283613Z                     [36m/>[39m
2025-10-05T08:21:23.2284135Z                     [0m+12%[0m
2025-10-05T08:21:23.2284665Z                   [36m</div>[39m
2025-10-05T08:21:23.2285201Z                 [36m</div>[39m
2025-10-05T08:21:23.2285713Z                 [36m<div[39m
2025-10-05T08:21:23.2286511Z                   [33mclass[39m=[32m"text-center"[39m
2025-10-05T08:21:23.2287100Z                 [36m>[39m
2025-10-05T08:21:23.2287617Z                   [36m<div[39m
2025-10-05T08:21:23.2288704Z                     [33mclass[39m=[32m"inline-flex items-center justify-center w-12 h-12 bg-primary/10 rounded-lg mb-4"[39m
2025-10-05T08:21:23.2289638Z                   [36m>[39m
2025-10-05T08:21:23.2290167Z                     [36m<svg[39m
2025-10-05T08:21:23.2290879Z                       [33mclass[39m=[32m"h-6 w-6 text-primary"[39m
2025-10-05T08:21:23.2291644Z                       [33mdata-testid[39m=[32m"mock-icon"[39m
2025-10-05T08:21:23.2292253Z                     [36m/>[39m
2025-10-05T08:21:23.2292739Z                   [36m</div>[39m
2025-10-05T08:21:23.2293245Z                   [36m<div[39m
2025-10-05T08:21:23.2294015Z                     [33mclass[39m=[32m"text-3xl font-bold text-foreground mb-1"[39m
2025-10-05T08:21:23.2294640Z                   [36...
2025-10-05T08:21:23.2294874Z 
2025-10-05T08:21:23.2295060Z     [0m [90m 43 |[39m
2025-10-05T08:21:23.2295827Z      [90m 44 |[39m     [90m// 检查主要标题[39m
2025-10-05T08:21:23.2297143Z     [31m[1m>[22m[39m[90m 45 |[39m     expect(screen[33m.[39mgetByText([35m/智能搜索与文档管理平台/i[39m))[33m.[39mtoBeInTheDocument()
2025-10-05T08:21:23.2298111Z      [90m    |[39m                   [31m[1m^[22m[39m
2025-10-05T08:21:23.2298612Z      [90m 46 |[39m     
2025-10-05T08:21:23.2299100Z      [90m 47 |[39m     [90m// 检查描述文本[39m
2025-10-05T08:21:23.2300124Z      [90m 48 |[39m     expect(screen[33m.[39mgetByText([35m/基于AI的智能搜索引擎/i[39m))[33m.[39mtoBeInTheDocument()[0m
2025-10-05T08:21:23.2300719Z 
2025-10-05T08:21:23.2301210Z       at Object.getElementError (node_modules/@testing-library/dom/dist/config.js:37:19)
2025-10-05T08:21:23.2302226Z       at getElementError (node_modules/@testing-library/dom/dist/query-helpers.js:76:38)
2025-10-05T08:21:23.2303210Z       at allQuery (node_modules/@testing-library/dom/dist/query-helpers.js:52:17)
2025-10-05T08:21:23.2304115Z       at query (node_modules/@testing-library/dom/dist/query-helpers.js:95:19)
2025-10-05T08:21:23.2304959Z       at Object.<anonymous> (src/pages/__tests__/HomePage.test.tsx:45:19)
2025-10-05T08:21:23.2305413Z 
2025-10-05T08:21:23.2305696Z   ● HomePage Component › 应该显示统计数据
2025-10-05T08:21:23.2305967Z 
2025-10-05T08:21:23.2307572Z     TestingLibraryElementError: Unable to find an element with the text: < 100ms. This could be because the text is broken up by multiple elements. In this case, you can provide a function for your text matcher to make your matcher more flexible.
2025-10-05T08:21:23.2308917Z 
2025-10-05T08:21:23.2309137Z     Ignored nodes: comments, script, style
2025-10-05T08:21:23.2309700Z     [36m<body>[39m
2025-10-05T08:21:23.2310063Z       [36m<div>[39m
2025-10-05T08:21:23.2310431Z         [36m<div[39m
2025-10-05T08:21:23.2310937Z           [33mclass[39m=[32m"min-h-screen"[39m
2025-10-05T08:21:23.2311411Z         [36m>[39m
2025-10-05T08:21:23.2311788Z           [36m<section[39m
2025-10-05T08:21:23.2312694Z             [33mclass[39m=[32m"relative py-20 lg:py-32 overflow-hidden"[39m
2025-10-05T08:21:23.2313342Z           [36m>[39m
2025-10-05T08:21:23.2313710Z             [36m<div[39m
2025-10-05T08:21:23.2314696Z               [33mclass[39m=[32m"absolute inset-0 bg-gradient-to-br from-primary/5 via-transparent to-secondary/5"[39m
2025-10-05T08:21:23.2315524Z             [36m/>[39m
2025-10-05T08:21:23.2315904Z             [36m<div[39m
2025-10-05T08:21:23.2317013Z               [33mclass[39m=[32m"absolute top-1/4 left-1/4 w-72 h-72 bg-primary/10 rounded-full blur-3xl"[39m
2025-10-05T08:21:23.2317776Z             [36m/>[39m
2025-10-05T08:21:23.2318174Z             [36m<div[39m
2025-10-05T08:21:23.2319098Z               [33mclass[39m=[32m"absolute bottom-1/4 right-1/4 w-96 h-96 bg-secondary/10 rounded-full blur-3xl"[39m
2025-10-05T08:21:23.2319858Z             [36m/>[39m
2025-10-05T08:21:23.2320238Z             [36m<div[39m
2025-10-05T08:21:23.2320864Z               [33mclass[39m=[32m"relative container-responsive"[39m
2025-10-05T08:21:23.2321417Z             [36m>[39m
2025-10-05T08:21:23.2321823Z               [36m<div[39m
2025-10-05T08:21:23.2322460Z                 [33mclass[39m=[32m"text-center max-w-4xl mx-auto"[39m
2025-10-05T08:21:23.2323015Z               [36m>[39m
2025-10-05T08:21:23.2323453Z                 [36m<div[39m
2025-10-05T08:21:23.2323987Z                   [33mclass[39m=[32m"mb-6"[39m
2025-10-05T08:21:23.2324469Z                 [36m>[39m
2025-10-05T08:21:23.2324914Z                   [36m<span[39m
2025-10-05T08:21:23.2326039Z                     [33mclass[39m=[32m"inline-flex items-center px-4 py-2 rounded-full bg-primary/10 text-primary text-sm font-medium"[39m
2025-10-05T08:21:23.2327127Z                   [36m>[39m
2025-10-05T08:21:23.2327611Z                     [36m<svg[39m
2025-10-05T08:21:23.2328179Z                       [33mclass[39m=[32m"h-4 w-4 mr-2"[39m
2025-10-05T08:21:23.2328865Z                       [33mdata-testid[39m=[32m"mock-icon"[39m
2025-10-05T08:21:23.2329669Z                     [36m/>[39m
2025-10-05T08:21:23.2330194Z                     [0m全新 v2.0 版本发布[0m
2025-10-05T08:21:23.2330719Z                   [36m</span>[39m
2025-10-05T08:21:23.2341377Z                 [36m</div>[39m
2025-10-05T08:21:23.2341753Z                 [36m<h1[39m
2025-10-05T08:21:23.2342380Z                   [33mclass[39m=[32m"text-4xl lg:text-6xl font-bold text-foreground mb-6"[39m
2025-10-05T08:21:23.2342927Z                 [36m>[39m
2025-10-05T08:21:23.2343376Z                   [0m智能搜索，[0m
2025-10-05T08:21:23.2343822Z                   [36m<span[39m
2025-10-05T08:21:23.2344364Z                     [33mclass[39m=[32m"text-gradient"[39m
2025-10-05T08:21:23.2344844Z                   [36m>[39m
2025-10-05T08:21:23.2345270Z                     [0m重新定义[0m
2025-10-05T08:21:23.2345702Z                   [36m</span>[39m
2025-10-05T08:21:23.2346162Z                   [36m<br />[39m
2025-10-05T08:21:23.2346848Z                   [0m知识管理体验[0m
2025-10-05T08:21:23.2347300Z                 [36m</h1>[39m
2025-10-05T08:21:23.2347678Z                 [36m<p[39m
2025-10-05T08:21:23.2348368Z                   [33mclass[39m=[32m"text-xl text-muted-foreground mb-8 max-w-2xl mx-auto"[39m
2025-10-05T08:21:23.2348917Z                 [36m>[39m
2025-10-05T08:21:23.2349581Z                   [0m基于先进的 AI 技术，CORA 为您提供智能化的文档搜索和管理解决方案， 让知识触手可及，让工作更加高效。[0m
2025-10-05T08:21:23.2350154Z                 [36m</p>[39m
2025-10-05T08:21:23.2350597Z                 [36m<div[39m
2025-10-05T08:21:23.2351097Z                   [33mclass[39m=[32m"mb-8"[39m
2025-10-05T08:21:23.2351586Z                 [36m>[39m
2025-10-05T08:21:23.2352036Z                   [36m<form[39m
2025-10-05T08:21:23.2352599Z                     [33mclass[39m=[32m"max-w-2xl mx-auto"[39m
2025-10-05T08:21:23.2353102Z                   [36m>[39m
2025-10-05T08:21:23.2353548Z                     [36m<div[39m
2025-10-05T08:21:23.2354295Z                       [33mclass[39m=[32m"relative"[39m
2025-10-05T08:21:23.2354851Z                     [36m>[39m
2025-10-05T08:21:23.2355302Z                       [36m<svg[39m
2025-10-05T08:21:23.2356533Z                         [33mclass[39m=[32m"absolute left-4 top-1/2 transform -translate-y-1/2 h-5 w-5 text-muted-foreground"[39m
2025-10-05T08:21:23.2357521Z                         [33mdata-testid[39m=[32m"mock-icon"[39m
2025-10-05T08:21:23.2358067Z                       [36m/>[39m
2025-10-05T08:21:23.2358553Z                       [36m<input[39m
2025-10-05T08:21:23.2360253Z                         [33mclass[39m=[32m"w-full pl-12 pr-32 py-4 text-lg border border-border rounded-xl bg-background/50 backdrop-blur-sm focus:outline-none focus:ring-2 focus:ring-primary focus:border-transparent"[39m
2025-10-05T08:21:23.2361683Z                         [33mplaceholder[39m=[32m"搜索任何内容..."[39m
2025-10-05T08:21:23.2362253Z                         [33mtype[39m=[32m"text"[39m
2025-10-05T08:21:23.2362798Z                         [33mvalue[39m=[32m""[39m
2025-10-05T08:21:23.2363555Z                       [36m/>[39m
2025-10-05T08:21:23.2364042Z                       [36m<button[39m
2025-10-05T08:21:23.2364651Z                         [33mclass[39m=[32m"absolute right-2 top-1/2 transform -translate-y-1/2 btn btn-primary btn-md"[39m
2025-10-05T08:21:23.2365185Z                         [33mtype[39m=[32m"submit"[39m
2025-10-05T08:21:23.2365498Z                       [36m>[39m
2025-10-05T08:21:23.2365790Z                         [0m开始搜索[0m
2025-10-05T08:21:23.2366078Z                       [36m</button>[39m
2025-10-05T08:21:23.2366618Z                     [36m</div>[39m
2025-10-05T08:21:23.2366915Z                   [36m</form>[39m
2025-10-05T08:21:23.2367267Z                 [36m</div>[39m
2025-10-05T08:21:23.2367743Z                 [36m<div[39m
2025-10-05T08:21:23.2368743Z                   [33mclass[39m=[32m"flex flex-col sm:flex-row items-center justify-center space-y-4 sm:space-y-0 sm:space-x-4"[39m
2025-10-05T08:21:23.2369550Z                 [36m>[39m
2025-10-05T08:21:23.2369950Z                   [36m<a[39m
2025-10-05T08:21:23.2370504Z                     [33mclass[39m=[32m"btn btn-primary btn-lg"[39m
2025-10-05T08:21:23.2371109Z                     [33mhref[39m=[32m"/register"[39m
2025-10-05T08:21:23.2371585Z                   [36m>[39m
2025-10-05T08:21:23.2372015Z                     [0m免费注册[0m
2025-10-05T08:21:23.2372442Z                     [36m<svg[39m
2025-10-05T08:21:23.2372980Z                       [33mclass[39m=[32m"ml-2 h-5 w-5"[39m
2025-10-05T08:21:23.2373584Z                       [33mdata-testid[39m=[32m"mock-icon"[39m
2025-10-05T08:21:23.2374109Z                     [36m/>[39m
2025-10-05T08:21:23.2374371Z                   [36m</a>[39m
2025-10-05T08:21:23.2374652Z                   [36m<button[39m
2025-10-05T08:21:23.2375004Z                     [33mclass[39m=[32m"btn btn-outline btn-lg"[39m
2025-10-05T08:21:23.2375560Z                   [36m>[39m
2025-10-05T08:21:23.2375919Z                     [36m<svg[39m
2025-10-05T08:21:23.2376238Z                       [33mclass[39m=[32m"mr-2 h-5 w-5"[39m
2025-10-05T08:21:23.2377486Z                       [33mdata-testid[39m=[32m"mock-icon"[39m
2025-10-05T08:21:23.2377814Z                     [36m/>[39m
2025-10-05T08:21:23.2378086Z                     [0m观看演示[0m
2025-10-05T08:21:23.2378353Z                   [36m</button>[39m
2025-10-05T08:21:23.2378629Z                 [36m</div>[39m
2025-10-05T08:21:23.2378878Z               [36m</div>[39m
2025-10-05T08:21:23.2379114Z             [36m</div>[39m
2025-10-05T08:21:23.2379365Z           [36m</section>[39m
2025-10-05T08:21:23.2379594Z           [36m<section[39m
2025-10-05T08:21:23.2379904Z             [33mclass[39m=[32m"py-16 bg-muted/30"[39m
2025-10-05T08:21:23.2380178Z           [36m>[39m
2025-10-05T08:21:23.2380396Z             [36m<div[39m
2025-10-05T08:21:23.2380726Z               [33mclass[39m=[32m"container-responsive"[39m
2025-10-05T08:21:23.2381017Z             [36m>[39m
2025-10-05T08:21:23.2381234Z               [36m<div[39m
2025-10-05T08:21:23.2381613Z                 [33mclass[39m=[32m"grid grid-cols-2 lg:grid-cols-4 gap-8"[39m
2025-10-05T08:21:23.2381955Z               [36m>[39m
2025-10-05T08:21:23.2382198Z                 [36m<div[39m
2025-10-05T08:21:23.2382495Z                   [33mclass[39m=[32m"text-center"[39m
2025-10-05T08:21:23.2382777Z                 [36m>[39m
2025-10-05T08:21:23.2383027Z                   [36m<div[39m
2025-10-05T08:21:23.2383592Z                     [33mclass[39m=[32m"inline-flex items-center justify-center w-12 h-12 bg-primary/10 rounded-lg mb-4"[39m
2025-10-05T08:21:23.2384061Z                   [36m>[39m
2025-10-05T08:21:23.2384315Z                     [36m<svg[39m
2025-10-05T08:21:23.2384654Z                       [33mclass[39m=[32m"h-6 w-6 text-primary"[39m
2025-10-05T08:21:23.2385045Z                       [33mdata-testid[39m=[32m"mock-icon"[39m
2025-10-05T08:21:23.2385522Z                     [36m/>[39m
2025-10-05T08:21:23.2385774Z                   [36m</div>[39m
2025-10-05T08:21:23.2386032Z                   [36m<div[39m
2025-10-05T08:21:23.2386656Z                     [33mclass[39m=[32m"text-3xl font-bold text-foreground mb-1"[39m
2025-10-05T08:21:23.2387030Z                   [36m>[39m
2025-10-05T08:21:23.2387295Z                     [0m10,000+[0m
2025-10-05T08:21:23.2387559Z                   [36m</div>[39m
2025-10-05T08:21:23.2387818Z                   [36m<div[39m
2025-10-05T08:21:23.2388197Z                     [33mclass[39m=[32m"text-sm text-muted-foreground mb-1"[39m
2025-10-05T08:21:23.2388530Z                   [36m>[39m
2025-10-05T08:21:23.2388795Z                     [0m活跃用户[0m
2025-10-05T08:21:23.2389051Z                   [36m</div>[39m
2025-10-05T08:21:23.2389301Z                   [36m<div[39m
2025-10-05T08:21:23.2389758Z                     [33mclass[39m=[32m"flex items-center justify-center text-xs text-green-600"[39m
2025-10-05T08:21:23.2390144Z                   [36m>[39m
2025-10-05T08:21:23.2390390Z                     [36m<svg[39m
2025-10-05T08:21:23.2390700Z                       [33mclass[39m=[32m"h-3 w-3 mr-1"[39m
2025-10-05T08:21:23.2391054Z                       [33mdata-testid[39m=[32m"mock-icon"[39m
2025-10-05T08:21:23.2391359Z                     [36m/>[39m
2025-10-05T08:21:23.2391612Z                     [0m+12%[0m
2025-10-05T08:21:23.2391862Z                   [36m</div>[39m
2025-10-05T08:21:23.2392115Z                 [36m</div>[39m
2025-10-05T08:21:23.2392360Z                 [36m<div[39m
2025-10-05T08:21:23.2392656Z                   [33mclass[39m=[32m"text-center"[39m
2025-10-05T08:21:23.2392933Z                 [36m>[39m
2025-10-05T08:21:23.2393170Z                   [36m<div[39m
2025-10-05T08:21:23.2393876Z                     [33mclass[39m=[32m"inline-flex items-center justify-center w-12 h-12 bg-primary/10 rounded-lg mb-4"[39m
2025-10-05T08:21:23.2394351Z                   [36m>[39m
2025-10-05T08:21:23.2394602Z                     [36m<svg[39m
2025-10-05T08:21:23.2394938Z                       [33mclass[39m=[32m"h-6 w-6 text-primary"[39m
2025-10-05T08:21:23.2395315Z                       [33mdata-testid[39m=[32m"mock-icon"[39m
2025-10-05T08:21:23.2395611Z                     [36m/>[39m
2025-10-05T08:21:23.2395863Z                   [36m</div>[39m
2025-10-05T08:21:23.2396113Z                   [36m<div[39m
2025-10-05T08:21:23.2396794Z                     [33mclass[39m=[32m"text-3xl font-bold text-foreground mb-1"[39m
2025-10-05T08:21:23.2397161Z                   [36...
2025-10-05T08:21:23.2397287Z 
2025-10-05T08:21:23.2397780Z     [0m [90m 59 |[39m     expect(screen[33m.[39mgetByText([32m'10,000+'[39m))[33m.[39mtoBeInTheDocument()
2025-10-05T08:21:23.2399001Z      [90m 60 |[39m     expect(screen[33m.[39mgetByText([32m'99.9%'[39m))[33m.[39mtoBeInTheDocument()
2025-10-05T08:21:23.2400321Z     [31m[1m>[22m[39m[90m 61 |[39m     expect(screen[33m.[39mgetByText([32m'< 100ms'[39m))[33m.[39mtoBeInTheDocument()
2025-10-05T08:21:23.2403567Z      [90m    |[39m                   [31m[1m^[22m[39m
2025-10-05T08:21:23.2404564Z      [90m 62 |[39m     expect(screen[33m.[39mgetByText([32m'24/7'[39m))[33m.[39mtoBeInTheDocument()
2025-10-05T08:21:23.2405356Z      [90m 63 |[39m   })
2025-10-05T08:21:23.2405762Z      [90m 64 |[39m[0m
2025-10-05T08:21:23.2405983Z 
2025-10-05T08:21:23.2406743Z       at Object.getElementError (node_modules/@testing-library/dom/dist/config.js:37:19)
2025-10-05T08:21:23.2407784Z       at getElementError (node_modules/@testing-library/dom/dist/query-helpers.js:76:38)
2025-10-05T08:21:23.2408774Z       at allQuery (node_modules/@testing-library/dom/dist/query-helpers.js:52:17)
2025-10-05T08:21:23.2409674Z       at query (node_modules/@testing-library/dom/dist/query-helpers.js:95:19)
2025-10-05T08:21:23.2410446Z       at Object.<anonymous> (src/pages/__tests__/HomePage.test.tsx:61:19)
2025-10-05T08:21:23.2410943Z 
2025-10-05T08:21:23.2411187Z   ● HomePage Component › 应该显示快速开始步骤
2025-10-05T08:21:23.2411583Z 
2025-10-05T08:21:23.2412004Z     TestingLibraryElementError: Found multiple elements with the text: 开始搜索
2025-10-05T08:21:23.2412305Z 
2025-10-05T08:21:23.2412416Z     Here are the matching elements:
2025-10-05T08:21:23.2412574Z 
2025-10-05T08:21:23.2412709Z     Ignored nodes: comments, script, style
2025-10-05T08:21:23.2412984Z     [36m<button[39m
2025-10-05T08:21:23.2413508Z       [33mclass[39m=[32m"absolute right-2 top-1/2 transform -translate-y-1/2 btn btn-primary btn-md"[39m
2025-10-05T08:21:23.2413998Z       [33mtype[39m=[32m"submit"[39m
2025-10-05T08:21:23.2414269Z     [36m>[39m
2025-10-05T08:21:23.2414534Z       [0m开始搜索[0m
2025-10-05T08:21:23.2414755Z     [36m</button>[39m
2025-10-05T08:21:23.2414877Z 
2025-10-05T08:21:23.2415001Z     Ignored nodes: comments, script, style
2025-10-05T08:21:23.2415266Z     [36m<h3[39m
2025-10-05T08:21:23.2415651Z       [33mclass[39m=[32m"text-xl font-semibold text-foreground mb-2"[39m
2025-10-05T08:21:23.2415997Z     [36m>[39m
2025-10-05T08:21:23.2416196Z       [0m开始搜索[0m
2025-10-05T08:21:23.2416659Z     [36m</h3>[39m
2025-10-05T08:21:23.2416774Z 
2025-10-05T08:21:23.2417201Z     (If this is intentional, then use the `*AllBy*` variant of the query (like `queryAllByText`, `getAllByText`, or `findAllByText`)).
2025-10-05T08:21:23.2417621Z 
2025-10-05T08:21:23.2417748Z     Ignored nodes: comments, script, style
2025-10-05T08:21:23.2418018Z     [36m<body>[39m
2025-10-05T08:21:23.2418227Z       [36m<div>[39m
2025-10-05T08:21:23.2418437Z         [36m<div[39m
2025-10-05T08:21:23.2418711Z           [33mclass[39m=[32m"min-h-screen"[39m
2025-10-05T08:21:23.2418984Z         [36m>[39m
2025-10-05T08:21:23.2419195Z           [36m<section[39m
2025-10-05T08:21:23.2419594Z             [33mclass[39m=[32m"relative py-20 lg:py-32 overflow-hidden"[39m
2025-10-05T08:21:23.2420111Z           [36m>[39m
2025-10-05T08:21:23.2420365Z             [36m<div[39m
2025-10-05T08:21:23.2420925Z               [33mclass[39m=[32m"absolute inset-0 bg-gradient-to-br from-primary/5 via-transparent to-secondary/5"[39m
2025-10-05T08:21:23.2421392Z             [36m/>[39m
2025-10-05T08:21:23.2421608Z             [36m<div[39m
2025-10-05T08:21:23.2422115Z               [33mclass[39m=[32m"absolute top-1/4 left-1/4 w-72 h-72 bg-primary/10 rounded-full blur-3xl"[39m
2025-10-05T08:21:23.2422546Z             [36m/>[39m
2025-10-05T08:21:23.2422767Z             [36m<div[39m
2025-10-05T08:21:23.2423294Z               [33mclass[39m=[32m"absolute bottom-1/4 right-1/4 w-96 h-96 bg-secondary/10 rounded-full blur-3xl"[39m
2025-10-05T08:21:23.2423732Z             [36m/>[39m
2025-10-05T08:21:23.2423944Z             [36m<div[39m
2025-10-05T08:21:23.2424295Z               [33mclass[39m=[32m"relative container-responsive"[39m
2025-10-05T08:21:23.2424607Z             [36m>[39m
2025-10-05T08:21:23.2424833Z               [36m<div[39m
2025-10-05T08:21:23.2425192Z                 [33mclass[39m=[32m"text-center max-w-4xl mx-auto"[39m
2025-10-05T08:21:23.2425510Z               [36m>[39m
2025-10-05T08:21:23.2425755Z                 [36m<div[39m
2025-10-05T08:21:23.2426047Z                   [33mclass[39m=[32m"mb-6"[39m
2025-10-05T08:21:23.2426450Z                 [36m>[39m
2025-10-05T08:21:23.2426709Z                   [36m<span[39m
2025-10-05T08:21:23.2427334Z                     [33mclass[39m=[32m"inline-flex items-center px-4 py-2 rounded-full bg-primary/10 text-primary text-sm font-medium"[39m
2025-10-05T08:21:23.2427844Z                   [36m>[39m
2025-10-05T08:21:23.2428107Z                     [36m<svg[39m
2025-10-05T08:21:23.2428427Z                       [33mclass[39m=[32m"h-4 w-4 mr-2"[39m
2025-10-05T08:21:23.2428802Z                       [33mdata-testid[39m=[32m"mock-icon"[39m
2025-10-05T08:21:23.2429119Z                     [36m/>[39m
2025-10-05T08:21:23.2429410Z                     [0m全新 v2.0 版本发布[0m
2025-10-05T08:21:23.2429838Z                   [36m</span>[39m
2025-10-05T08:21:23.2430123Z                 [36m</div>[39m
2025-10-05T08:21:23.2430357Z                 [36m<h1[39m
2025-10-05T08:21:23.2430792Z                   [33mclass[39m=[32m"text-4xl lg:text-6xl font-bold text-foreground mb-6"[39m
2025-10-05T08:21:23.2431172Z                 [36m>[39m
2025-10-05T08:21:23.2431436Z                   [0m智能搜索，[0m
2025-10-05T08:21:23.2431708Z                   [36m<span[39m
2025-10-05T08:21:23.2432027Z                     [33mclass[39m=[32m"text-gradient"[39m
2025-10-05T08:21:23.2432317Z                   [36m>[39m
2025-10-05T08:21:23.2432575Z                     [0m重新定义[0m
2025-10-05T08:21:23.2432834Z                   [36m</span>[39m
2025-10-05T08:21:23.2433104Z                   [36m<br />[39m
2025-10-05T08:21:23.2433371Z                   [0m知识管理体验[0m
2025-10-05T08:21:23.2433624Z                 [36m</h1>[39m
2025-10-05T08:21:23.2433868Z                 [36m<p[39m
2025-10-05T08:21:23.2434314Z                   [33mclass[39m=[32m"text-xl text-muted-foreground mb-8 max-w-2xl mx-auto"[39m
2025-10-05T08:21:23.2434696Z                 [36m>[39m
2025-10-05T08:21:23.2435099Z                   [0m基于先进的 AI 技术，CORA 为您提供智能化的文档搜索和管理解决方案， 让知识触手可及，让工作更加高效。[0m
2025-10-05T08:21:23.2435431Z                 [36m</p>[39m
2025-10-05T08:21:23.2435682Z                 [36m<div[39m
2025-10-05T08:21:23.2435966Z                   [33mclass[39m=[32m"mb-8"[39m
2025-10-05T08:21:23.2436231Z                 [36m>[39m
2025-10-05T08:21:23.2436697Z                   [36m<form[39m
2025-10-05T08:21:23.2437017Z                     [33mclass[39m=[32m"max-w-2xl mx-auto"[39m
2025-10-05T08:21:23.2437308Z                   [36m>[39m
2025-10-05T08:21:23.2437563Z                     [36m<div[39m
2025-10-05T08:21:23.2437867Z                       [33mclass[39m=[32m"relative"[39m
2025-10-05T08:21:23.2438164Z                     [36m>[39m
2025-10-05T08:21:23.2438558Z                       [36m<svg[39m
2025-10-05T08:21:23.2439175Z                         [33mclass[39m=[32m"absolute left-4 top-1/2 transform -translate-y-1/2 h-5 w-5 text-muted-foreground"[39m
2025-10-05T08:21:23.2439768Z                         [33mdata-testid[39m=[32m"mock-icon"[39m
2025-10-05T08:21:23.2440084Z                       [36m/>[39m
2025-10-05T08:21:23.2440352Z                       [36m<input[39m
2025-10-05T08:21:23.2441317Z                         [33mclass[39m=[32m"w-full pl-12 pr-32 py-4 text-lg border border-border rounded-xl bg-background/50 backdrop-blur-sm focus:outline-none focus:ring-2 focus:ring-primary focus:border-transparent"[39m
2025-10-05T08:21:23.2442163Z                         [33mplaceholder[39m=[32m"搜索任何内容..."[39m
2025-10-05T08:21:23.2442508Z                         [33mtype[39m=[32m"text"[39m
2025-10-05T08:21:23.2442839Z                         [33mvalue[39m=[32m""[39m
2025-10-05T08:21:23.2443143Z                       [36m/>[39m
2025-10-05T08:21:23.2443416Z                       [36m<button[39m
2025-10-05T08:21:23.2443983Z                         [33mclass[39m=[32m"absolute right-2 top-1/2 transform -translate-y-1/2 btn btn-primary btn-md"[39m
2025-10-05T08:21:23.2444501Z                         [33mtype[39m=[32m"submit"[39m
2025-10-05T08:21:23.2444797Z                       [36m>[39m
2025-10-05T08:21:23.2445072Z                         [0m开始搜索[0m
2025-10-05T08:21:23.2445357Z                       [36m</button>[39m
2025-10-05T08:21:23.2445643Z                     [36m</div>[39m
2025-10-05T08:21:23.2445916Z                   [36m</form>[39m
2025-10-05T08:21:23.2446176Z                 [36m</div>[39m
2025-10-05T08:21:23.2446561Z                 [36m<div[39m
2025-10-05T08:21:23.2447165Z                   [33mclass[39m=[32m"flex flex-col sm:flex-row items-center justify-center space-y-4 sm:space-y-0 sm:space-x-4"[39m
2025-10-05T08:21:23.2447651Z                 [36m>[39m
2025-10-05T08:21:23.2447902Z                   [36m<a[39m
2025-10-05T08:21:23.2448401Z                     [33mclass[39m=[32m"btn btn-primary btn-lg"[39m
2025-10-05T08:21:23.2448778Z                     [33mhref[39m=[32m"/register"[39m
2025-10-05T08:21:23.2449059Z                   [36m>[39m
2025-10-05T08:21:23.2449316Z                     [0m免费注册[0m
2025-10-05T08:21:23.2449581Z                     [36m<svg[39m
2025-10-05T08:21:23.2449897Z                       [33mclass[39m=[32m"ml-2 h-5 w-5"[39m
2025-10-05T08:21:23.2450254Z                       [33mdata-testid[39m=[32m"mock-icon"[39m
2025-10-05T08:21:23.2450569Z                     [36m/>[39m
2025-10-05T08:21:23.2450825Z                   [36m</a>[39m
2025-10-05T08:21:23.2451075Z                   [36m<button[39m
2025-10-05T08:21:23.2451418Z                     [33mclass[39m=[32m"btn btn-outline btn-lg"[39m
2025-10-05T08:21:23.2451714Z                   [36m>[39m
2025-10-05T08:21:23.2451962Z                     [36m<svg[39m
2025-10-05T08:21:23.2452278Z                       [33mclass[39m=[32m"mr-2 h-5 w-5"[39m
2025-10-05T08:21:23.2452637Z                       [33mdata-testid[39m=[32m"mock-icon"[39m
2025-10-05T08:21:23.2452937Z                     [36m/>[39m
2025-10-05T08:21:23.2453195Z                     [0m观看演示[0m
2025-10-05T08:21:23.2453456Z                   [36m</button>[39m
2025-10-05T08:21:23.2453729Z                 [36m</div>[39m
2025-10-05T08:21:23.2453974Z               [36m</div>[39m
2025-10-05T08:21:23.2454206Z             [36m</div>[39m
2025-10-05T08:21:23.2454455Z           [36m</section>[39m
2025-10-05T08:21:23.2454682Z           [36m<section[39m
2025-10-05T08:21:23.2454987Z             [33mclass[39m=[32m"py-16 bg-muted/30"[39m
2025-10-05T08:21:23.2455273Z           [36m>[39m
2025-10-05T08:21:23.2455480Z             [36m<div[39m
2025-10-05T08:21:23.2455805Z               [33mclass[39m=[32m"container-responsive"[39m
2025-10-05T08:21:23.2456101Z             [36m>[39m
2025-10-05T08:21:23.2457119Z               [36m<div[39m
2025-10-05T08:21:23.2457952Z                 [33mclass[39m=[32m"grid grid-cols-2 lg:grid-cols-4 gap-8"[39m
2025-10-05T08:21:23.2458579Z               [36m>[39m
2025-10-05T08:21:23.2459045Z                 [36m<div[39m
2025-10-05T08:21:23.2459643Z                   [33mclass[39m=[32m"text-center"[39m
2025-10-05T08:21:23.2459982Z                 [36m>[39m
2025-10-05T08:21:23.2460245Z                   [36m<div[39m
2025-10-05T08:21:23.2460846Z                     [33mclass[39m=[32m"inline-flex items-center justify-center w-12 h-12 bg-primary/10 rounded-lg mb-4"[39m
2025-10-05T08:21:23.2461337Z                   [36m>[39m
2025-10-05T08:21:23.2461605Z                     [36m<svg[39m
2025-10-05T08:21:23.2461959Z                       [33mclass[39m=[32m"h-6 w-6 text-primary"[39m
2025-10-05T08:21:23.2462390Z                       [33mdata-testid[39m=[32m"mock-icon"[39m
2025-10-05T08:21:23.2462711Z                     [36m/>[39m
2025-10-05T08:21:23.2462985Z                   [36m</div>[39m
2025-10-05T08:21:23.2463259Z                   [36m<div[39m
2025-10-05T08:21:23.2463678Z                     [33mclass[39m=[32m"text-3xl font-bold text-foreground mb-1"[39m
2025-10-05T08:21:23.2464040Z                   [36m>[39m
2025-10-05T08:21:23.2464306Z                     [0m10,000+[0m
2025-10-05T08:21:23.2464584Z                   [36m</div>[39m
2025-10-05T08:21:23.2464837Z                   [36m<div[39m
2025-10-05T08:21:23.2465224Z                     [33mclass[39m=[32m"text-sm text-muted-foreground mb-1"[39m
2025-10-05T08:21:23.2465553Z                   [36m>[39m
2025-10-05T08:21:23.2465820Z                     [0m活跃用户[0m
2025-10-05T08:21:23.2466083Z                   [36m</div>[39m
2025-10-05T08:21:23.2466605Z                   [36m<div[39m
2025-10-05T08:21:23.2467087Z                     [33mclass[39m=[32m"flex items-center justify-center text-xs text-green-600"[39m
2025-10-05T08:21:23.2467477Z                   [36m>[39m
2025-10-05T08:21:23.2467965Z                     [36m<svg[39m
2025-10-05T08:21:23.2468290Z                       [33mclass[39m=[32m"h-3 w-3 mr-1"[39m
2025-10-05T08:21:23.2468656Z                       [33mdata-testid[39m=[32m"mock-icon"[39m
2025-10-05T08:21:23.2468966Z                     [36m/>[39m
2025-10-05T08:21:23.2469216Z                     [0m+12%[0m
2025-10-05T08:21:23.2469463Z                   [36m</div>[39m
2025-10-05T08:21:23.2469714Z                 [36m</div>[39m
2025-10-05T08:21:23.2469963Z                 [36m<div[39m
2025-10-05T08:21:23.2470256Z                   [33mclass[39m=[32m"text-center"[39m
2025-10-05T08:21:23.2470545Z                 [36m>[39m
2025-10-05T08:21:23.2470783Z                   [36m<div[39m
2025-10-05T08:21:23.2471345Z                     [33mclass[39m=[32m"inline-flex items-center justify-center w-12 h-12 bg-primary/10 rounded-lg mb-4"[39m
2025-10-05T08:21:23.2471807Z                   [36m>[39m
2025-10-05T08:21:23.2472057Z                     [36m<svg[39m
2025-10-05T08:21:23.2472404Z                       [33mclass[39m=[32m"h-6 w-6 text-primary"[39m
2025-10-05T08:21:23.2472788Z                       [33mdata-testid[39m=[32m"mock-icon"[39m
2025-10-05T08:21:23.2473102Z                     [36m/>[39m
2025-10-05T08:21:23.2473356Z                   [36m</div>[39m
2025-10-05T08:21:23.2473608Z                   [36m<div[39m
2025-10-05T08:21:23.2473993Z                     [33mclass[39m=[32m"text-3xl font-bold text-foreground mb-1"[39m
2025-10-05T08:21:23.2474338Z                   [36...
2025-10-05T08:21:23.2474460Z 
2025-10-05T08:21:23.2474836Z     [0m [90m 81 |[39m     expect(screen[33m.[39mgetByText([32m'注册账户'[39m))[33m.[39mtoBeInTheDocument()
2025-10-05T08:21:23.2475484Z      [90m 82 |[39m     expect(screen[33m.[39mgetByText([32m'上传文档'[39m))[33m.[39mtoBeInTheDocument()
2025-10-05T08:21:23.2476561Z     [31m[1m>[22m[39m[90m 83 |[39m     expect(screen[33m.[39mgetByText([32m'开始搜索'[39m))[33m.[39mtoBeInTheDocument()
2025-10-05T08:21:23.2477609Z      [90m    |[39m                   [31m[1m^[22m[39m
2025-10-05T08:21:23.2478124Z      [90m 84 |[39m   })
2025-10-05T08:21:23.2478538Z      [90m 85 |[39m
2025-10-05T08:21:23.2479413Z      [90m 86 |[39m   it([32m'应该处理搜索表单提交'[39m[33m,[39m [36masync[39m () [33m=>[39m {[0m
2025-10-05T08:21:23.2479846Z 
2025-10-05T08:21:23.2480335Z       at Object.getElementError (node_modules/@testing-library/dom/dist/config.js:37:19)
2025-10-05T08:21:23.2481408Z       at getElementError (node_modules/@testing-library/dom/dist/query-helpers.js:20:35)
2025-10-05T08:21:23.2482415Z       at getElementError (node_modules/@testing-library/dom/dist/query-helpers.js:23:10)
2025-10-05T08:21:23.2483539Z       at getMultipleElementsFoundError (node_modules/@testing-library/dom/dist/query-helpers.js:55:13)
2025-10-05T08:21:23.2484587Z       at query (node_modules/@testing-library/dom/dist/query-helpers.js:95:19)
2025-10-05T08:21:23.2485448Z       at Object.<anonymous> (src/pages/__tests__/HomePage.test.tsx:83:19)
2025-10-05T08:21:23.2485908Z 
2025-10-05T08:21:23.2486226Z   ● HomePage Component › 应该处理搜索表单提交
2025-10-05T08:21:23.2486863Z 
2025-10-05T08:21:23.2514430Z     TestingLibraryElementError: Unable to find an element with the placeholder text of: /输入您要搜索的内容/i
2025-10-05T08:21:23.2514963Z 
2025-10-05T08:21:23.2515131Z     Ignored nodes: comments, script, style
2025-10-05T08:21:23.2515490Z     [36m<body>[39m
2025-10-05T08:21:23.2515726Z       [36m<div>[39m
2025-10-05T08:21:23.2515947Z         [36m<div[39m
2025-10-05T08:21:23.2516235Z           [33mclass[39m=[32m"min-h-screen"[39m
2025-10-05T08:21:23.2516764Z         [36m>[39m
2025-10-05T08:21:23.2516985Z           [36m<section[39m
2025-10-05T08:21:23.2517400Z             [33mclass[39m=[32m"relative py-20 lg:py-32 overflow-hidden"[39m
2025-10-05T08:21:23.2517763Z           [36m>[39m
2025-10-05T08:21:23.2517977Z             [36m<div[39m
2025-10-05T08:21:23.2518553Z               [33mclass[39m=[32m"absolute inset-0 bg-gradient-to-br from-primary/5 via-transparent to-secondary/5"[39m
2025-10-05T08:21:23.2519218Z             [36m/>[39m
2025-10-05T08:21:23.2519435Z             [36m<div[39m
2025-10-05T08:21:23.2519927Z               [33mclass[39m=[32m"absolute top-1/4 left-1/4 w-72 h-72 bg-primary/10 rounded-full blur-3xl"[39m
2025-10-05T08:21:23.2520344Z             [36m/>[39m
2025-10-05T08:21:23.2520555Z             [36m<div[39m
2025-10-05T08:21:23.2521068Z               [33mclass[39m=[32m"absolute bottom-1/4 right-1/4 w-96 h-96 bg-secondary/10 rounded-full blur-3xl"[39m
2025-10-05T08:21:23.2521501Z             [36m/>[39m
2025-10-05T08:21:23.2521714Z             [36m<div[39m
2025-10-05T08:21:23.2522063Z               [33mclass[39m=[32m"relative container-responsive"[39m
2025-10-05T08:21:23.2522377Z             [36m>[39m
2025-10-05T08:21:23.2522596Z               [36m<div[39m
2025-10-05T08:21:23.2522951Z                 [33mclass[39m=[32m"text-center max-w-4xl mx-auto"[39m
2025-10-05T08:21:23.2523273Z               [36m>[39m
2025-10-05T08:21:23.2523524Z                 [36m<div[39m
2025-10-05T08:21:23.2523819Z                   [33mclass[39m=[32m"mb-6"[39m
2025-10-05T08:21:23.2524088Z                 [36m>[39m
2025-10-05T08:21:23.2524342Z                   [36m<span[39m
2025-10-05T08:21:23.2524981Z                     [33mclass[39m=[32m"inline-flex items-center px-4 py-2 rounded-full bg-primary/10 text-primary text-sm font-medium"[39m
2025-10-05T08:21:23.2525480Z                   [36m>[39m
2025-10-05T08:21:23.2525741Z                     [36m<svg[39m
2025-10-05T08:21:23.2526064Z                       [33mclass[39m=[32m"h-4 w-4 mr-2"[39m
2025-10-05T08:21:23.2526641Z                       [33mdata-testid[39m=[32m"mock-icon"[39m
2025-10-05T08:21:23.2526984Z                     [36m/>[39m
2025-10-05T08:21:23.2527287Z                     [0m全新 v2.0 版本发布[0m
2025-10-05T08:21:23.2527593Z                   [36m</span>[39m
2025-10-05T08:21:23.2528009Z                 [36m</div>[39m
2025-10-05T08:21:23.2528265Z                 [36m<h1[39m
2025-10-05T08:21:23.2528711Z                   [33mclass[39m=[32m"text-4xl lg:text-6xl font-bold text-foreground mb-6"[39m
2025-10-05T08:21:23.2529092Z                 [36m>[39m
2025-10-05T08:21:23.2529340Z                   [0m智能搜索，[0m
2025-10-05T08:21:23.2529607Z                   [36m<span[39m
2025-10-05T08:21:23.2529933Z                     [33mclass[39m=[32m"text-gradient"[39m
2025-10-05T08:21:23.2530225Z                   [36m>[39m
2025-10-05T08:21:23.2530489Z                     [0m重新定义[0m
2025-10-05T08:21:23.2530746Z                   [36m</span>[39m
2025-10-05T08:21:23.2555924Z                   [36m<br />[39m
2025-10-05T08:21:23.2556654Z                   [0m知识管理体验[0m
2025-10-05T08:21:23.2556982Z                 [36m</h1>[39m
2025-10-05T08:21:23.2557245Z                 [36m<p[39m
2025-10-05T08:21:23.2557733Z                   [33mclass[39m=[32m"text-xl text-muted-foreground mb-8 max-w-2xl mx-auto"[39m
2025-10-05T08:21:23.2558135Z                 [36m>[39m
2025-10-05T08:21:23.2558552Z                   [0m基于先进的 AI 技术，CORA 为您提供智能化的文档搜索和管理解决方案， 让知识触手可及，让工作更加高效。[0m
2025-10-05T08:21:23.2558895Z                 [36m</p>[39m
2025-10-05T08:21:23.2559162Z                 [36m<div[39m
2025-10-05T08:21:23.2559457Z                   [33mclass[39m=[32m"mb-8"[39m
2025-10-05T08:21:23.2559732Z                 [36m>[39m
2025-10-05T08:21:23.2559990Z                   [36m<form[39m
2025-10-05T08:21:23.2560316Z                     [33mclass[39m=[32m"max-w-2xl mx-auto"[39m
2025-10-05T08:21:23.2560613Z                   [36m>[39m
2025-10-05T08:21:23.2560873Z                     [36m<div[39m
2025-10-05T08:21:23.2561181Z                       [33mclass[39m=[32m"relative"[39m
2025-10-05T08:21:23.2561490Z                     [36m>[39m
2025-10-05T08:21:23.2561755Z                       [36m<svg[39m
2025-10-05T08:21:23.2562356Z                         [33mclass[39m=[32m"absolute left-4 top-1/2 transform -translate-y-1/2 h-5 w-5 text-muted-foreground"[39m
2025-10-05T08:21:23.2563132Z                         [33mdata-testid[39m=[32m"mock-icon"[39m
2025-10-05T08:21:23.2563460Z                       [36m/>[39m
2025-10-05T08:21:23.2563736Z                       [36m<input[39m
2025-10-05T08:21:23.2564691Z                         [33mclass[39m=[32m"w-full pl-12 pr-32 py-4 text-lg border border-border rounded-xl bg-background/50 backdrop-blur-sm focus:outline-none focus:ring-2 focus:ring-primary focus:border-transparent"[39m
2025-10-05T08:21:23.2565524Z                         [33mplaceholder[39m=[32m"搜索任何内容..."[39m
2025-10-05T08:21:23.2565876Z                         [33mtype[39m=[32m"text"[39m
2025-10-05T08:21:23.2566212Z                         [33mvalue[39m=[32m""[39m
2025-10-05T08:21:23.2566777Z                       [36m/>[39m
2025-10-05T08:21:23.2567060Z                       [36m<button[39m
2025-10-05T08:21:23.2567647Z                         [33mclass[39m=[32m"absolute right-2 top-1/2 transform -translate-y-1/2 btn btn-primary btn-md"[39m
2025-10-05T08:21:23.2568204Z                         [33mtype[39m=[32m"submit"[39m
2025-10-05T08:21:23.2568503Z                       [36m>[39m
2025-10-05T08:21:23.2568783Z                         [0m开始搜索[0m
2025-10-05T08:21:23.2569065Z                       [36m</button>[39m
2025-10-05T08:21:23.2569372Z                     [36m</div>[39m
2025-10-05T08:21:23.2569640Z                   [36m</form>[39m
2025-10-05T08:21:23.2569919Z                 [36m</div>[39m
2025-10-05T08:21:23.2570172Z                 [36m<div[39m
2025-10-05T08:21:23.2570783Z                   [33mclass[39m=[32m"flex flex-col sm:flex-row items-center justify-center space-y-4 sm:space-y-0 sm:space-x-4"[39m
2025-10-05T08:21:23.2571273Z                 [36m>[39m
2025-10-05T08:21:23.2571518Z                   [36m<a[39m
2025-10-05T08:21:23.2571850Z                     [33mclass[39m=[32m"btn btn-primary btn-lg"[39m
2025-10-05T08:21:23.2572357Z                     [33mhref[39m=[32m"/register"[39m
2025-10-05T08:21:23.2572657Z                   [36m>[39m
2025-10-05T08:21:23.2572914Z                     [0m免费注册[0m
2025-10-05T08:21:23.2573179Z                     [36m<svg[39m
2025-10-05T08:21:23.2573493Z                       [33mclass[39m=[32m"ml-2 h-5 w-5"[39m
2025-10-05T08:21:23.2573855Z                       [33mdata-testid[39m=[32m"mock-icon"[39m
2025-10-05T08:21:23.2574166Z                     [36m/>[39m
2025-10-05T08:21:23.2574413Z                   [36m</a>[39m
2025-10-05T08:21:23.2574665Z                   [36m<button[39m
2025-10-05T08:21:23.2575012Z                     [33mclass[39m=[32m"btn btn-outline btn-lg"[39m
2025-10-05T08:21:23.2575310Z                   [36m>[39m
2025-10-05T08:21:23.2575568Z                     [36m<svg[39m
2025-10-05T08:21:23.2575883Z                       [33mclass[39m=[32m"mr-2 h-5 w-5"[39m
2025-10-05T08:21:23.2576246Z                       [33mdata-testid[39m=[32m"mock-icon"[39m
2025-10-05T08:21:23.2576726Z                     [36m/>[39m
2025-10-05T08:21:23.2576996Z                     [0m观看演示[0m
2025-10-05T08:21:23.2577262Z                   [36m</button>[39m
2025-10-05T08:21:23.2577540Z                 [36m</div>[39m
2025-10-05T08:21:23.2577787Z               [36m</div>[39m
2025-10-05T08:21:23.2578022Z             [36m</div>[39m
2025-10-05T08:21:23.2578275Z           [36m</section>[39m
2025-10-05T08:21:23.2578511Z           [36m<section[39m
2025-10-05T08:21:23.2578822Z             [33mclass[39m=[32m"py-16 bg-muted/30"[39m
2025-10-05T08:21:23.2579104Z           [36m>[39m
2025-10-05T08:21:23.2579311Z             [36m<div[39m
2025-10-05T08:21:23.2579625Z               [33mclass[39m=[32m"container-responsive"[39m
2025-10-05T08:21:23.2579919Z             [36m>[39m
2025-10-05T08:21:23.2580134Z               [36m<div[39m
2025-10-05T08:21:23.2580523Z                 [33mclass[39m=[32m"grid grid-cols-2 lg:grid-cols-4 gap-8"[39m
2025-10-05T08:21:23.2580864Z               [36m>[39m
2025-10-05T08:21:23.2581233Z                 [36m<div[39m
2025-10-05T08:21:23.2581528Z                   [33mclass[39m=[32m"text-center"[39m
2025-10-05T08:21:23.2581802Z                 [36m>[39m
2025-10-05T08:21:23.2582047Z                   [36m<div[39m
2025-10-05T08:21:23.2582615Z                     [33mclass[39m=[32m"inline-flex items-center justify-center w-12 h-12 bg-primary/10 rounded-lg mb-4"[39m
2025-10-05T08:21:23.2583073Z                   [36m>[39m
2025-10-05T08:21:23.2583327Z                     [36m<svg[39m
2025-10-05T08:21:23.2583669Z                       [33mclass[39m=[32m"h-6 w-6 text-primary"[39m
2025-10-05T08:21:23.2584047Z                       [33mdata-testid[39m=[32m"mock-icon"[39m
2025-10-05T08:21:23.2584486Z                     [36m/>[39m
2025-10-05T08:21:23.2584985Z                   [36m</div>[39m
2025-10-05T08:21:23.2585498Z                   [36m<div[39m
2025-10-05T08:21:23.2586432Z                     [33mclass[39m=[32m"text-3xl font-bold text-foreground mb-1"[39m
2025-10-05T08:21:23.2587129Z                   [36m>[39m
2025-10-05T08:21:23.2587643Z                     [0m10,000+[0m
2025-10-05T08:21:23.2588168Z                   [36m</div>[39m
2025-10-05T08:21:23.2588667Z                   [36m<div[39m
2025-10-05T08:21:23.2589402Z                     [33mclass[39m=[32m"text-sm text-muted-foreground mb-1"[39m
2025-10-05T08:21:23.2590049Z                   [36m>[39m
2025-10-05T08:21:23.2590548Z                     [0m活跃用户[0m
2025-10-05T08:21:23.2591049Z                   [36m</div>[39m
2025-10-05T08:21:23.2591537Z                   [36m<div[39m
2025-10-05T08:21:23.2592401Z                     [33mclass[39m=[32m"flex items-center justify-center text-xs text-green-600"[39m
2025-10-05T08:21:23.2593106Z                   [36m>[39m
2025-10-05T08:21:23.2593550Z                     [36m<svg[39m
2025-10-05T08:21:23.2594345Z                       [33mclass[39m=[32m"h-3 w-3 mr-1"[39m
2025-10-05T08:21:23.2595034Z                       [33mdata-testid[39m=[32m"mock-icon"[39m
2025-10-05T08:21:23.2595580Z                     [36m/>[39m
2025-10-05T08:21:23.2596035Z                     [0m+12%[0m
2025-10-05T08:21:23.2596704Z                   [36m</div>[39m
2025-10-05T08:21:23.2597189Z                 [36m</div>[39m
2025-10-05T08:21:23.2597637Z                 [36m<div[39m
2025-10-05T08:21:23.2598159Z                   [33mclass[39m=[32m"text-center"[39m
2025-10-05T08:21:23.2598651Z                 [36m>[39m
2025-10-05T08:21:23.2599130Z                   [36m<div[39m
2025-10-05T08:21:23.2600164Z                     [33mclass[39m=[32m"inline-flex items-center justify-center w-12 h-12 bg-primary/10 rounded-lg mb-4"[39m
2025-10-05T08:21:23.2601002Z                   [36m>[39m
2025-10-05T08:21:23.2601462Z                     [36m<svg[39m
2025-10-05T08:21:23.2602072Z                       [33mclass[39m=[32m"h-6 w-6 text-primary"[39m
2025-10-05T08:21:23.2602774Z                       [33mdata-testid[39m=[32m"mock-icon"[39m
2025-10-05T08:21:23.2603325Z                     [36m/>[39m
2025-10-05T08:21:23.2603792Z                   [36m</div>[39m
2025-10-05T08:21:23.2604271Z                   [36m<div[39m
2025-10-05T08:21:23.2604997Z                     [33mclass[39m=[32m"text-3xl font-bold text-foreground mb-1"[39m
2025-10-05T08:21:23.2605588Z                   [36...
2025-10-05T08:21:23.2605795Z 
2025-10-05T08:21:23.2605968Z     [0m [90m 88 |[39m
2025-10-05T08:21:23.2606618Z      [90m 89 |[39m     [90m// 找到搜索输入框[39m
2025-10-05T08:21:23.2607725Z     [31m[1m>[22m[39m[90m 90 |[39m     [36mconst[39m searchInput [33m=[39m screen[33m.[39mgetByPlaceholderText([35m/输入您要搜索的内容/i[39m)
2025-10-05T08:21:23.2608735Z      [90m    |[39m                                [31m[1m^[22m[39m
2025-10-05T08:21:23.2610058Z      [90m 91 |[39m     [36mconst[39m searchButton [33m=[39m screen[33m.[39mgetByRole([32m'button'[39m[33m,[39m { name[33m:[39m [35m/搜索/i[39m })
2025-10-05T08:21:23.2611285Z      [90m 92 |[39m
2025-10-05T08:21:23.2611767Z      [90m 93 |[39m     [90m// 输入搜索内容[39m[0m
2025-10-05T08:21:23.2612063Z 
2025-10-05T08:21:23.2612530Z       at Object.getElementError (node_modules/@testing-library/dom/dist/config.js:37:19)
2025-10-05T08:21:23.2613523Z       at getElementError (node_modules/@testing-library/dom/dist/query-helpers.js:76:38)
2025-10-05T08:21:23.2614471Z       at allQuery (node_modules/@testing-library/dom/dist/query-helpers.js:52:17)
2025-10-05T08:21:23.2615342Z       at query (node_modules/@testing-library/dom/dist/query-helpers.js:95:19)
2025-10-05T08:21:23.2616155Z       at Object.<anonymous> (src/pages/__tests__/HomePage.test.tsx:90:32)
2025-10-05T08:21:23.2625309Z 
2025-10-05T08:21:23.2625694Z   ● HomePage Component › 应该处理键盘事件
2025-10-05T08:21:23.2625985Z 
2025-10-05T08:21:23.2627697Z     TestingLibraryElementError: Unable to find an element with the placeholder text of: /输入您要搜索的内容/i
2025-10-05T08:21:23.2628328Z 
2025-10-05T08:21:23.2628575Z     Ignored nodes: comments, script, style
2025-10-05T08:21:23.2629052Z     [36m<body>[39m
2025-10-05T08:21:23.2629387Z       [36m<div>[39m
2025-10-05T08:21:23.2629730Z         [36m<div[39m
2025-10-05T08:21:23.2630194Z           [33mclass[39m=[32m"min-h-screen"[39m
2025-10-05T08:21:23.2630638Z         [36m>[39m
2025-10-05T08:21:23.2631015Z           [36m<section[39m
2025-10-05T08:21:23.2631737Z             [33mclass[39m=[32m"relative py-20 lg:py-32 overflow-hidden"[39m
2025-10-05T08:21:23.2632330Z           [36m>[39m
2025-10-05T08:21:23.2632697Z             [36m<div[39m
2025-10-05T08:21:23.2633673Z               [33mclass[39m=[32m"absolute inset-0 bg-gradient-to-br from-primary/5 via-transparent to-secondary/5"[39m
2025-10-05T08:21:23.2634516Z             [36m/>[39m
2025-10-05T08:21:23.2634934Z             [36m<div[39m
2025-10-05T08:21:23.2636073Z               [33mclass[39m=[32m"absolute top-1/4 left-1/4 w-72 h-72 bg-primary/10 rounded-full blur-3xl"[39m
2025-10-05T08:21:23.2637175Z             [36m/>[39m
2025-10-05T08:21:23.2637593Z             [36m<div[39m
2025-10-05T08:21:23.2638547Z               [33mclass[39m=[32m"absolute bottom-1/4 right-1/4 w-96 h-96 bg-secondary/10 rounded-full blur-3xl"[39m
2025-10-05T08:21:23.2639293Z             [36m/>[39m
2025-10-05T08:21:23.2639694Z             [36m<div[39m
2025-10-05T08:21:23.2640336Z               [33mclass[39m=[32m"relative container-responsive"[39m
2025-10-05T08:21:23.2640958Z             [36m>[39m
2025-10-05T08:21:23.2641380Z               [36m<div[39m
2025-10-05T08:21:23.2642037Z                 [33mclass[39m=[32m"text-center max-w-4xl mx-auto"[39m
2025-10-05T08:21:23.2642632Z               [36m>[39m
2025-10-05T08:21:23.2643091Z                 [36m<div[39m
2025-10-05T08:21:23.2643634Z                   [33mclass[39m=[32m"mb-6"[39m
2025-10-05T08:21:23.2644156Z                 [36m>[39m
2025-10-05T08:21:23.2644614Z                   [36m<span[39m
2025-10-05T08:21:23.2645722Z                     [33mclass[39m=[32m"inline-flex items-center px-4 py-2 rounded-full bg-primary/10 text-primary text-sm font-medium"[39m
2025-10-05T08:21:23.2646989Z                   [36m>[39m
2025-10-05T08:21:23.2647441Z                     [36m<svg[39m
2025-10-05T08:21:23.2647968Z                       [33mclass[39m=[32m"h-4 w-4 mr-2"[39m
2025-10-05T08:21:23.2648617Z                       [33mdata-testid[39m=[32m"mock-icon"[39m
2025-10-05T08:21:23.2649192Z                     [36m/>[39m
2025-10-05T08:21:23.2649734Z                     [0m全新 v2.0 版本发布[0m
2025-10-05T08:21:23.2650266Z                   [36m</span>[39m
2025-10-05T08:21:23.2650730Z                 [36m</div>[39m
2025-10-05T08:21:23.2651127Z                 [36m<h1[39m
2025-10-05T08:21:23.2651935Z                   [33mclass[39m=[32m"text-4xl lg:text-6xl font-bold text-foreground mb-6"[39m
2025-10-05T08:21:23.2652615Z                 [36m>[39m
2025-10-05T08:21:23.2653108Z                   [0m智能搜索，[0m
2025-10-05T08:21:23.2653848Z                   [36m<span[39m
2025-10-05T08:21:23.2654445Z                     [33mclass[39m=[32m"text-gradient"[39m
2025-10-05T08:21:23.2655021Z                   [36m>[39m
2025-10-05T08:21:23.2655622Z                     [0m重新定义[0m
2025-10-05T08:21:23.2656148Z                   [36m</span>[39m
2025-10-05T08:21:23.2656926Z                   [36m<br />[39m
2025-10-05T08:21:23.2657503Z                   [0m知识管理体验[0m
2025-10-05T08:21:23.2658016Z                 [36m</h1>[39m
2025-10-05T08:21:23.2658487Z                 [36m<p[39m
2025-10-05T08:21:23.2659367Z                   [33mclass[39m=[32m"text-xl text-muted-foreground mb-8 max-w-2xl mx-auto"[39m
2025-10-05T08:21:23.2660124Z                 [36m>[39m
2025-10-05T08:21:23.2660899Z                   [0m基于先进的 AI 技术，CORA 为您提供智能化的文档搜索和管理解决方案， 让知识触手可及，让工作更加高效。[0m
2025-10-05T08:21:23.2661553Z                 [36m</p>[39m
2025-10-05T08:21:23.2662022Z                 [36m<div[39m
2025-10-05T08:21:23.2662592Z                   [33mclass[39m=[32m"mb-8"[39m
2025-10-05T08:21:23.2663119Z                 [36m>[39m
2025-10-05T08:21:23.2663597Z                   [36m<form[39m
2025-10-05T08:21:23.2664217Z                     [33mclass[39m=[32m"max-w-2xl mx-auto"[39m
2025-10-05T08:21:23.2664766Z                   [36m>[39m
2025-10-05T08:21:23.2665231Z                     [36m<div[39m
2025-10-05T08:21:23.2665808Z                       [33mclass[39m=[32m"relative"[39m
2025-10-05T08:21:23.2666579Z                     [36m>[39m
2025-10-05T08:21:23.2667080Z                       [36m<svg[39m
2025-10-05T08:21:23.2668161Z                         [33mclass[39m=[32m"absolute left-4 top-1/2 transform -translate-y-1/2 h-5 w-5 text-muted-foreground"[39m
2025-10-05T08:21:23.2669196Z                         [33mdata-testid[39m=[32m"mock-icon"[39m
2025-10-05T08:21:23.2669796Z                       [36m/>[39m
2025-10-05T08:21:23.2670320Z                       [36m<input[39m
2025-10-05T08:21:23.2672358Z                         [33mclass[39m=[32m"w-full pl-12 pr-32 py-4 text-lg border border-border rounded-xl bg-background/50 backdrop-blur-sm focus:outline-none focus:ring-2 focus:ring-primary focus:border-transparent"[39m
2025-10-05T08:21:23.2673994Z                         [33mplaceholder[39m=[32m"搜索任何内容..."[39m
2025-10-05T08:21:23.2674651Z                         [33mtype[39m=[32m"text"[39m
2025-10-05T08:21:23.2675310Z                         [33mvalue[39m=[32m""[39m
2025-10-05T08:21:23.2675901Z                       [36m/>[39m
2025-10-05T08:21:23.2676683Z                       [36m<button[39m
2025-10-05T08:21:23.2677745Z                         [33mclass[39m=[32m"absolute right-2 top-1/2 transform -translate-y-1/2 btn btn-primary btn-md"[39m
2025-10-05T08:21:23.2678721Z                         [33mtype[39m=[32m"submit"[39m
2025-10-05T08:21:23.2679328Z                       [36m>[39m
2025-10-05T08:21:23.2679892Z                         [0m开始搜索[0m
2025-10-05T08:21:23.2680500Z                       [36m</button>[39m
2025-10-05T08:21:23.2681075Z                     [36m</div>[39m
2025-10-05T08:21:23.2681625Z                   [36m</form>[39m
2025-10-05T08:21:23.2682173Z                 [36m</div>[39m
2025-10-05T08:21:23.2682683Z                 [36m<div[39m
2025-10-05T08:21:23.2683833Z                   [33mclass[39m=[32m"flex flex-col sm:flex-row items-center justify-center space-y-4 sm:space-y-0 sm:space-x-4"[39m
2025-10-05T08:21:23.2684706Z                 [36m>[39m
2025-10-05T08:21:23.2685114Z                   [36m<a[39m
2025-10-05T08:21:23.2685682Z                     [33mclass[39m=[32m"btn btn-primary btn-lg"[39m
2025-10-05T08:21:23.2686597Z                     [33mhref[39m=[32m"/register"[39m
2025-10-05T08:21:23.2687147Z                   [36m>[39m
2025-10-05T08:21:23.2687587Z                     [0m免费注册[0m
2025-10-05T08:21:23.2688024Z                     [36m<svg[39m
2025-10-05T08:21:23.2688574Z                       [33mclass[39m=[32m"ml-2 h-5 w-5"[39m
2025-10-05T08:21:23.2689391Z                       [33mdata-testid[39m=[32m"mock-icon"[39m
2025-10-05T08:21:23.2689900Z                     [36m/>[39m
2025-10-05T08:21:23.2690324Z                   [36m</a>[39m
2025-10-05T08:21:23.2690770Z                   [36m<button[39m
2025-10-05T08:21:23.2691350Z                     [33mclass[39m=[32m"btn btn-outline btn-lg"[39m
2025-10-05T08:21:23.2691850Z                   [36m>[39m
2025-10-05T08:21:23.2692273Z                     [36m<svg[39m
2025-10-05T08:21:23.2692808Z                       [33mclass[39m=[32m"mr-2 h-5 w-5"[39m
2025-10-05T08:21:23.2693438Z                       [33mdata-testid[39m=[32m"mock-icon"[39m
2025-10-05T08:21:23.2693937Z                     [36m/>[39m
2025-10-05T08:21:23.2694366Z                     [0m观看演示[0m
2025-10-05T08:21:23.2694850Z                   [36m</button>[39m
2025-10-05T08:21:23.2695315Z                 [36m</div>[39m
2025-10-05T08:21:23.2695782Z               [36m</div>[39m
2025-10-05T08:21:23.2696208Z             [36m</div>[39m
2025-10-05T08:21:23.2696821Z           [36m</section>[39m
2025-10-05T08:21:23.2697240Z           [36m<section[39m
2025-10-05T08:21:23.2697771Z             [33mclass[39m=[32m"py-16 bg-muted/30"[39m
2025-10-05T08:21:23.2698269Z           [36m>[39m
2025-10-05T08:21:23.2698642Z             [36m<div[39m
2025-10-05T08:21:23.2699186Z               [33mclass[39m=[32m"container-responsive"[39m
2025-10-05T08:21:23.2699681Z             [36m>[39m
2025-10-05T08:21:23.2700041Z               [36m<div[39m
2025-10-05T08:21:23.2700685Z                 [33mclass[39m=[32m"grid grid-cols-2 lg:grid-cols-4 gap-8"[39m
2025-10-05T08:21:23.2701262Z               [36m>[39m
2025-10-05T08:21:23.2701665Z                 [36m<div[39m
2025-10-05T08:21:23.2702167Z                   [33mclass[39m=[32m"text-center"[39m
2025-10-05T08:21:23.2702631Z                 [36m>[39m
2025-10-05T08:21:23.2703053Z                   [36m<div[39m
2025-10-05T08:21:23.2704178Z                     [33mclass[39m=[32m"inline-flex items-center justify-center w-12 h-12 bg-primary/10 rounded-lg mb-4"[39m
2025-10-05T08:21:23.2704989Z                   [36m>[39m
2025-10-05T08:21:23.2705414Z                     [36m<svg[39m
2025-10-05T08:21:23.2706003Z                       [33mclass[39m=[32m"h-6 w-6 text-primary"[39m
2025-10-05T08:21:23.2706813Z                       [33mdata-testid[39m=[32m"mock-icon"[39m
2025-10-05T08:21:23.2707338Z                     [36m/>[39m
2025-10-05T08:21:23.2707785Z                   [36m</div>[39m
2025-10-05T08:21:23.2708229Z                   [36m<div[39m
2025-10-05T08:21:23.2708912Z                     [33mclass[39m=[32m"text-3xl font-bold text-foreground mb-1"[39m
2025-10-05T08:21:23.2709498Z                   [36m>[39m
2025-10-05T08:21:23.2709931Z                     [0m10,000+[0m
2025-10-05T08:21:23.2710379Z                   [36m</div>[39m
2025-10-05T08:21:23.2710819Z                   [36m<div[39m
2025-10-05T08:21:23.2711480Z                     [33mclass[39m=[32m"text-sm text-muted-foreground mb-1"[39m
2025-10-05T08:21:23.2712104Z                   [36m>[39m
2025-10-05T08:21:23.2712542Z                     [0m活跃用户[0m
2025-10-05T08:21:23.2712984Z                   [36m</div>[39m
2025-10-05T08:21:23.2713437Z                   [36m<div[39m
2025-10-05T08:21:23.2714300Z                     [33mclass[39m=[32m"flex items-center justify-center text-xs text-green-600"[39m
2025-10-05T08:21:23.2714993Z                   [36m>[39m
2025-10-05T08:21:23.2715449Z                     [36m<svg[39m
2025-10-05T08:21:23.2716016Z                       [33mclass[39m=[32m"h-3 w-3 mr-1"[39m
2025-10-05T08:21:23.2716841Z                       [33mdata-testid[39m=[32m"mock-icon"[39m
2025-10-05T08:21:23.2717397Z                     [36m/>[39m
2025-10-05T08:21:23.2717849Z                     [0m+12%[0m
2025-10-05T08:21:23.2718310Z                   [36m</div>[39m
2025-10-05T08:21:23.2718786Z                 [36m</div>[39m
2025-10-05T08:21:23.2719436Z                 [36m<div[39m
2025-10-05T08:21:23.2719979Z                   [33mclass[39m=[32m"text-center"[39m
2025-10-05T08:21:23.2720468Z                 [36m>[39m
2025-10-05T08:21:23.2720907Z                   [36m<div[39m
2025-10-05T08:21:23.2722013Z                     [33mclass[39m=[32m"inline-flex items-center justify-center w-12 h-12 bg-primary/10 rounded-lg mb-4"[39m
2025-10-05T08:21:23.2722827Z                   [36m>[39m
2025-10-05T08:21:23.2723277Z                     [36m<svg[39m
2025-10-05T08:21:23.2723887Z                       [33mclass[39m=[32m"h-6 w-6 text-primary"[39m
2025-10-05T08:21:23.2724551Z                       [33mdata-testid[39m=[32m"mock-icon"[39m
2025-10-05T08:21:23.2725091Z                     [36m/>[39m
2025-10-05T08:21:23.2725586Z                   [36m</div>[39m
2025-10-05T08:21:23.2726040Z                   [36m<div[39m
2025-10-05T08:21:23.2727235Z                     [33mclass[39m=[32m"text-3xl font-bold text-foreground mb-1"[39m
2025-10-05T08:21:23.2727920Z                   [36...
2025-10-05T08:21:23.2728136Z 
2025-10-05T08:21:23.2728734Z     [0m [90m 118 |[39m     renderWithRouter([33m<[39m[33mHomePage[39m [33m/[39m[33m>[39m)
2025-10-05T08:21:23.2729497Z      [90m 119 |[39m
2025-10-05T08:21:23.2730664Z     [31m[1m>[22m[39m[90m 120 |[39m     [36mconst[39m searchInput [33m=[39m screen[33m.[39mgetByPlaceholderText([35m/输入您要搜索的内容/i[39m)
2025-10-05T08:21:23.2731778Z      [90m     |[39m                                [31m[1m^[22m[39m
2025-10-05T08:21:23.2732341Z      [90m 121 |[39m     
2025-10-05T08:21:23.2732858Z      [90m 122 |[39m     [90m// 输入搜索内容[39m
2025-10-05T08:21:23.2734003Z      [90m 123 |[39m     fireEvent[33m.[39mchange(searchInput[33m,[39m { target[33m:[39m { value[33m:[39m [32m'test query'[39m } })[0m
2025-10-05T08:21:23.2734686Z 
2025-10-05T08:21:23.2735389Z       at Object.getElementError (node_modules/@testing-library/dom/dist/config.js:37:19)
2025-10-05T08:21:23.2736649Z       at getElementError (node_modules/@testing-library/dom/dist/query-helpers.js:76:38)
2025-10-05T08:21:23.2737607Z       at allQuery (node_modules/@testing-library/dom/dist/query-helpers.js:52:17)
2025-10-05T08:21:23.2738454Z       at query (node_modules/@testing-library/dom/dist/query-helpers.js:95:19)
2025-10-05T08:21:23.2739237Z       at Object.<anonymous> (src/pages/__tests__/HomePage.test.tsx:120:32)
2025-10-05T08:21:23.2739671Z 
2025-10-05T08:21:23.2740015Z   ● HomePage Component › 应该正确处理认证状态
2025-10-05T08:21:23.2740311Z 
2025-10-05T08:21:23.2741979Z     TestingLibraryElementError: Unable to find an element with the text: /欢迎回来/. This could be because the text is broken up by multiple elements. In this case, you can provide a function for your text matcher to make your matcher more flexible.
2025-10-05T08:21:23.2743259Z 
2025-10-05T08:21:23.2743484Z     Ignored nodes: comments, script, style
2025-10-05T08:21:23.2743989Z     [36m<body>[39m
2025-10-05T08:21:23.2744356Z       [36m<div>[39m
2025-10-05T08:21:23.2744718Z         [36m<div[39m
2025-10-05T08:21:23.2745217Z           [33mclass[39m=[32m"min-h-screen"[39m
2025-10-05T08:21:23.2745733Z         [36m>[39m
2025-10-05T08:21:23.2746114Z           [36m<section[39m
2025-10-05T08:21:23.2747072Z             [33mclass[39m=[32m"relative py-20 lg:py-32 overflow-hidden"[39m
2025-10-05T08:21:23.2747702Z           [36m>[39m
2025-10-05T08:21:23.2748102Z             [36m<div[39m
2025-10-05T08:21:23.2749104Z               [33mclass[39m=[32m"absolute inset-0 bg-gradient-to-br from-primary/5 via-transparent to-secondary/5"[39m
2025-10-05T08:21:23.2749958Z             [36m/>[39m
2025-10-05T08:21:23.2750388Z             [36m<div[39m
2025-10-05T08:21:23.2751323Z               [33mclass[39m=[32m"absolute top-1/4 left-1/4 w-72 h-72 bg-primary/10 rounded-full blur-3xl"[39m
2025-10-05T08:21:23.2752028Z             [36m/>[39m
2025-10-05T08:21:23.2752413Z             [36m<div[39m
2025-10-05T08:21:23.2753315Z               [33mclass[39m=[32m"absolute bottom-1/4 right-1/4 w-96 h-96 bg-secondary/10 rounded-full blur-3xl"[39m
2025-10-05T08:21:23.2754343Z             [36m/>[39m
2025-10-05T08:21:23.2754742Z             [36m<div[39m
2025-10-05T08:21:23.2755389Z               [33mclass[39m=[32m"relative container-responsive"[39m
2025-10-05T08:21:23.2755965Z             [36m>[39m
2025-10-05T08:21:23.2756572Z               [36m<div[39m
2025-10-05T08:21:23.2757247Z                 [33mclass[39m=[32m"text-center max-w-4xl mx-auto"[39m
2025-10-05T08:21:23.2757835Z               [36m>[39m
2025-10-05T08:21:23.2758283Z                 [36m<div[39m
2025-10-05T08:21:23.2758845Z                   [33mclass[39m=[32m"mb-6"[39m
2025-10-05T08:21:23.2759370Z                 [36m>[39m
2025-10-05T08:21:23.2759834Z                   [36m<span[39m
2025-10-05T08:21:23.2761056Z                     [33mclass[39m=[32m"inline-flex items-center px-4 py-2 rounded-full bg-primary/10 text-primary text-sm font-medium"[39m
2025-10-05T08:21:23.2762056Z                   [36m>[39m
2025-10-05T08:21:23.2762583Z                     [36m<svg[39m
2025-10-05T08:21:23.2763210Z                       [33mclass[39m=[32m"h-4 w-4 mr-2"[39m
2025-10-05T08:21:23.2763897Z                       [33mdata-testid[39m=[32m"mock-icon"[39m
2025-10-05T08:21:23.2764520Z                     [36m/>[39m
2025-10-05T08:21:23.2765094Z                     [0m全新 v2.0 版本发布[0m
2025-10-05T08:21:23.2765679Z                   [36m</span>[39m
2025-10-05T08:21:23.2766227Z                 [36m</div>[39m
2025-10-05T08:21:23.2766993Z                 [36m<h1[39m
2025-10-05T08:21:23.2767842Z                   [33mclass[39m=[32m"text-4xl lg:text-6xl font-bold text-foreground mb-6"[39m
2025-10-05T08:21:23.2768583Z                 [36m>[39m
2025-10-05T08:21:23.2769103Z                   [0m智能搜索，[0m
2025-10-05T08:21:23.2769617Z                   [36m<span[39m
2025-10-05T08:21:23.2770466Z                     [33mclass[39m=[32m"text-gradient"[39m
2025-10-05T08:21:23.2771114Z                   [36m>[39m
2025-10-05T08:21:23.2771648Z                     [0m重新定义[0m
2025-10-05T08:21:23.2772179Z                   [36m</span>[39m
2025-10-05T08:21:23.2772702Z                   [36m<br />[39m
2025-10-05T08:21:23.2773261Z                   [0m知识管理体验[0m
2025-10-05T08:21:23.2773765Z                 [36m</h1>[39m
2025-10-05T08:21:23.2774198Z                 [36m<p[39m
2025-10-05T08:21:23.2775036Z                   [33mclass[39m=[32m"text-xl text-muted-foreground mb-8 max-w-2xl mx-auto"[39m
2025-10-05T08:21:23.2775750Z                 [36m>[39m
2025-10-05T08:21:23.2776727Z                   [0m基于先进的 AI 技术，CORA 为您提供智能化的文档搜索和管理解决方案， 让知识触手可及，让工作更加高效。[0m
2025-10-05T08:21:23.2777393Z                 [36m</p>[39m
2025-10-05T08:21:23.2777885Z                 [36m<div[39m
2025-10-05T08:21:23.2778430Z                   [33mclass[39m=[32m"mb-8"[39m
2025-10-05T08:21:23.2778934Z                 [36m>[39m
2025-10-05T08:21:23.2779437Z                   [36m<form[39m
2025-10-05T08:21:23.2780377Z                     [33mclass[39m=[32m"max-w-2xl mx-auto"[39m
2025-10-05T08:21:23.2780956Z                   [36m>[39m
2025-10-05T08:21:23.2781479Z                     [36m<div[39m
2025-10-05T08:21:23.2782099Z                       [33mclass[39m=[32m"relative"[39m
2025-10-05T08:21:23.2782707Z                     [36m>[39m
2025-10-05T08:21:23.2783222Z                       [36m<svg[39m
2025-10-05T08:21:23.2784419Z                         [33mclass[39m=[32m"absolute left-4 top-1/2 transform -translate-y-1/2 h-5 w-5 text-muted-foreground"[39m
2025-10-05T08:21:23.2785500Z                         [33mdata-testid[39m=[32m"mock-icon"[39m
2025-10-05T08:21:23.2786132Z                       [36m/>[39m
2025-10-05T08:21:23.2786904Z                       [36m<input[39m
2025-10-05T08:21:23.2788744Z                         [33mclass[39m=[32m"w-full pl-12 pr-32 py-4 text-lg border border-border rounded-xl bg-background/50 backdrop-blur-sm focus:outline-none focus:ring-2 focus:ring-primary focus:border-transparent"[39m
2025-10-05T08:21:23.2790368Z                         [33mplaceholder[39m=[32m"搜索任何内容..."[39m
2025-10-05T08:21:23.2791071Z                         [33mtype[39m=[32m"text"[39m
2025-10-05T08:21:23.2791721Z                         [33mvalue[39m=[32m""[39m
2025-10-05T08:21:23.2792307Z                       [36m/>[39m
2025-10-05T08:21:23.2792863Z                       [36m<button[39m
2025-10-05T08:21:23.2793940Z                         [33mclass[39m=[32m"absolute right-2 top-1/2 transform -translate-y-1/2 btn btn-primary btn-md"[39m
2025-10-05T08:21:23.2794959Z                         [33mtype[39m=[32m"submit"[39m
2025-10-05T08:21:23.2795550Z                       [36m>[39m
2025-10-05T08:21:23.2796103Z                         [0m开始搜索[0m
2025-10-05T08:21:23.2796896Z                       [36m</button>[39m
2025-10-05T08:21:23.2797453Z                     [36m</div>[39m
2025-10-05T08:21:23.2798291Z                   [36m</form>[39m
2025-10-05T08:21:23.2798886Z                 [36m</div>[39m
2025-10-05T08:21:23.2799381Z                 [36m<div[39m
2025-10-05T08:21:23.2800523Z                   [33mclass[39m=[32m"flex flex-col sm:flex-row items-center justify-center space-y-4 sm:space-y-0 sm:space-x-4"[39m
2025-10-05T08:21:23.2801483Z                 [36m>[39m
2025-10-05T08:21:23.2801957Z                   [36m<a[39m
2025-10-05T08:21:23.2802591Z                     [33mclass[39m=[32m"btn btn-primary btn-lg"[39m
2025-10-05T08:21:23.2802922Z                     [33mhref[39m=[32m"/search"[39m
2025-10-05T08:21:23.2803141Z                   [36m>[39m
2025-10-05T08:21:23.2803431Z                     [0m开始使用[0m
2025-10-05T08:21:23.2803689Z                     [36m<svg[39m
2025-10-05T08:21:23.2804035Z                       [33mclass[39m=[32m"ml-2 h-5 w-5"[39m
2025-10-05T08:21:23.2804428Z                       [33mdata-testid[39m=[32m"mock-icon"[39m
2025-10-05T08:21:23.2804699Z                     [36m/>[39m
2025-10-05T08:21:23.2804955Z                   [36m</a>[39m
2025-10-05T08:21:23.2805311Z                   [36m<button[39m
2025-10-05T08:21:23.2805728Z                     [33mclass[39m=[32m"btn btn-outline btn-lg"[39m
2025-10-05T08:21:23.2805947Z                   [36m>[39m
2025-10-05T08:21:23.2806202Z                     [36m<svg[39m
2025-10-05T08:21:23.2806840Z                       [33mclass[39m=[32m"mr-2 h-5 w-5"[39m
2025-10-05T08:21:23.2807229Z                       [33mdata-testid[39m=[32m"mock-icon"[39m
2025-10-05T08:21:23.2807485Z                     [36m/>[39m
2025-10-05T08:21:23.2807762Z                     [0m观看演示[0m
2025-10-05T08:21:23.2808023Z                   [36m</button>[39m
2025-10-05T08:21:23.2808269Z                 [36m</div>[39m
2025-10-05T08:21:23.2808504Z               [36m</div>[39m
2025-10-05T08:21:23.2808695Z             [36m</div>[39m
2025-10-05T08:21:23.2808927Z           [36m</section>[39m
2025-10-05T08:21:23.2809366Z           [36m<section[39m
2025-10-05T08:21:23.2809727Z             [33mclass[39m=[32m"py-16 bg-muted/30"[39m
2025-10-05T08:21:23.2809933Z           [36m>[39m
2025-10-05T08:21:23.2810153Z             [36m<div[39m
2025-10-05T08:21:23.2810535Z               [33mclass[39m=[32m"container-responsive"[39m
2025-10-05T08:21:23.2810738Z             [36m>[39m
2025-10-05T08:21:23.2810947Z               [36m<div[39m
2025-10-05T08:21:23.2811444Z                 [33mclass[39m=[32m"grid grid-cols-2 lg:grid-cols-4 gap-8"[39m
2025-10-05T08:21:23.2811647Z               [36m>[39m
2025-10-05T08:21:23.2811888Z                 [36m<div[39m
2025-10-05T08:21:23.2812416Z                   [33mclass[39m=[32m"text-center"[39m
2025-10-05T08:21:23.2812646Z                 [36m>[39m
2025-10-05T08:21:23.2812901Z                   [36m<div[39m
2025-10-05T08:21:23.2813737Z                     [33mclass[39m=[32m"inline-flex items-center justify-center w-12 h-12 bg-primary/10 rounded-lg mb-4"[39m
2025-10-05T08:21:23.2813982Z                   [36m>[39m
2025-10-05T08:21:23.2814248Z                     [36m<svg[39m
2025-10-05T08:21:23.2814647Z                       [33mclass[39m=[32m"h-6 w-6 text-primary"[39m
2025-10-05T08:21:23.2815029Z                       [33mdata-testid[39m=[32m"mock-icon"[39m
2025-10-05T08:21:23.2815283Z                     [36m/>[39m
2025-10-05T08:21:23.2815552Z                   [36m</div>[39m
2025-10-05T08:21:23.2815804Z                   [36m<div[39m
2025-10-05T08:21:23.2816505Z                     [33mclass[39m=[32m"text-3xl font-bold text-foreground mb-1"[39m
2025-10-05T08:21:23.2816768Z                   [36m>[39m
2025-10-05T08:21:23.2817031Z                     [0m10,000+[0m
2025-10-05T08:21:23.2817299Z                   [36m</div>[39m
2025-10-05T08:21:23.2817558Z                   [36m<div[39m
2025-10-05T08:21:23.2818050Z                     [33mclass[39m=[32m"text-sm text-muted-foreground mb-1"[39m
2025-10-05T08:21:23.2818509Z                   [36m>[39m
2025-10-05T08:21:23.2818840Z                     [0m活跃用户[0m
2025-10-05T08:21:23.2819115Z                   [36m</div>[39m
2025-10-05T08:21:23.2819380Z                   [36m<div[39m
2025-10-05T08:21:23.2820031Z                     [33mclass[39m=[32m"flex items-center justify-center text-xs text-green-600"[39m
2025-10-05T08:21:23.2820280Z                   [36m>[39m
2025-10-05T08:21:23.2820546Z                     [36m<svg[39m
2025-10-05T08:21:23.2820917Z                       [33mclass[39m=[32m"h-3 w-3 mr-1"[39m
2025-10-05T08:21:23.2821386Z                       [33mdata-testid[39m=[32m"mock-icon"[39m
2025-10-05T08:21:23.2821656Z                     [36m/>[39m
2025-10-05T08:21:23.2821907Z                     [0m+12%[0m
2025-10-05T08:21:23.2822177Z                   [36m</div>[39m
2025-10-05T08:21:23.2822432Z                 [36m</div>[39m
2025-10-05T08:21:23.2822688Z                 [36m<div[39m
2025-10-05T08:21:23.2823049Z                   [33mclass[39m=[32m"text-center"[39m
2025-10-05T08:21:23.2823280Z                 [36m>[39m
2025-10-05T08:21:23.2823541Z                   [36m<div[39m
2025-10-05T08:21:23.2824372Z                     [33mclass[39m=[32m"inline-flex items-center justify-center w-12 h-12 bg-primary/10 rounded-lg mb-4"[39m
2025-10-05T08:21:23.2824618Z                   [36m>[39m
2025-10-05T08:21:23.2824879Z                     [36m<svg[39m
2025-10-05T08:21:23.2825288Z                       [33mclass[39m=[32m"h-6 w-6 text-primary"[39m
2025-10-05T08:21:23.2825684Z                       [33mdata-testid[39m=[32m"mock-icon"[39m
2025-10-05T08:21:23.2825949Z                     [36m/>[39m
2025-10-05T08:21:23.2826211Z                   [36m</div>[39m
2025-10-05T08:21:23.2826693Z                   [36m<div[39m
2025-10-05T08:21:23.2827228Z                     [33mclass[39m=[32m"text-3xl font-bold text-foreground mb-1"[39m
2025-10-05T08:21:23.2827448Z                   [36m>...
2025-10-05T08:21:23.2827467Z 
2025-10-05T08:21:23.2827925Z     [0m [90m 167 |[39m
2025-10-05T08:21:23.2828274Z      [90m 168 |[39m     [90m// 验证已认证状态的显示[39m
2025-10-05T08:21:23.2829101Z     [31m[1m>[22m[39m[90m 169 |[39m     expect(screen[33m.[39mgetByText([35m/欢迎回来/[39m))[33m.[39mtoBeInTheDocument()
2025-10-05T08:21:23.2829487Z      [90m     |[39m                   [31m[1m^[22m[39m
2025-10-05T08:21:23.2829700Z      [90m 170 |[39m   })
2025-10-05T08:21:23.2829911Z      [90m 171 |[39m
2025-10-05T08:21:23.2830382Z      [90m 172 |[39m   it([32m'应该正确处理未认证状态'[39m[33m,[39m () [33m=>[39m {[0m
2025-10-05T08:21:23.2830401Z 
2025-10-05T08:21:23.2830904Z       at Object.getElementError (node_modules/@testing-library/dom/dist/config.js:37:19)
2025-10-05T08:21:23.2831408Z       at getElementError (node_modules/@testing-library/dom/dist/query-helpers.js:76:38)
2025-10-05T08:21:23.2831865Z       at allQuery (node_modules/@testing-library/dom/dist/query-helpers.js:52:17)
2025-10-05T08:21:23.2832326Z       at query (node_modules/@testing-library/dom/dist/query-helpers.js:95:19)
2025-10-05T08:21:23.2832735Z       at Object.<anonymous> (src/pages/__tests__/HomePage.test.tsx:169:19)
2025-10-05T08:21:23.2832752Z 
2025-10-05T08:21:23.2833116Z   ● HomePage Component › 应该正确处理未认证状态
2025-10-05T08:21:23.2833133Z 
2025-10-05T08:21:23.2833893Z     TestingLibraryElementError: Found multiple elements with the text: /开始使用/
2025-10-05T08:21:23.2833961Z 
2025-10-05T08:21:23.2834174Z     Here are the matching elements:
2025-10-05T08:21:23.2834196Z 
2025-10-05T08:21:23.2834417Z     Ignored nodes: comments, script, style
2025-10-05T08:21:23.2834638Z     [36m<h2[39m
2025-10-05T08:21:23.2835216Z       [33mclass[39m=[32m"text-3xl lg:text-4xl font-bold text-foreground mb-4"[39m
2025-10-05T08:21:23.2835424Z     [36m>[39m
2025-10-05T08:21:23.2835643Z       [0m三步开始使用[0m
2025-10-05T08:21:23.2835839Z     [36m</h2>[39m
2025-10-05T08:21:23.2835854Z 
2025-10-05T08:21:23.2836078Z     Ignored nodes: comments, script, style
2025-10-05T08:21:23.2836726Z     [36m<p[39m
2025-10-05T08:21:23.2837183Z       [33mclass[39m=[32m"text-muted-foreground"[39m
2025-10-05T08:21:23.2837363Z     [36m>[39m
2025-10-05T08:21:23.2837646Z       [0m创建您的免费账户，开始使用 CORA[0m
2025-10-05T08:21:23.2837830Z     [36m</p>[39m
2025-10-05T08:21:23.2837846Z 
2025-10-05T08:21:23.2838063Z     Ignored nodes: comments, script, style
2025-10-05T08:21:23.2838245Z     [36m<a[39m
2025-10-05T08:21:23.2838601Z       [33mclass[39m=[32m"btn btn-primary btn-lg"[39m
2025-10-05T08:21:23.2838882Z       [33mhref[39m=[32m"/register"[39m
2025-10-05T08:21:23.2839065Z     [36m>[39m
2025-10-05T08:21:23.2839262Z       [0m免费开始使用[0m
2025-10-05T08:21:23.2839448Z       [36m<svg[39m
2025-10-05T08:21:23.2839741Z         [33mclass[39m=[32m"ml-2 h-5 w-5"[39m
2025-10-05T08:21:23.2840061Z         [33mdata-testid[39m=[32m"mock-icon"[39m
2025-10-05T08:21:23.2840237Z       [36m/>[39m
2025-10-05T08:21:23.2840412Z     [36m</a>[39m
2025-10-05T08:21:23.2840425Z 
2025-10-05T08:21:23.2841146Z     (If this is intentional, then use the `*AllBy*` variant of the query (like `queryAllByText`, `getAllByText`, or `findAllByText`)).
2025-10-05T08:21:23.2841176Z 
2025-10-05T08:21:23.2841389Z     Ignored nodes: comments, script, style
2025-10-05T08:21:23.2841587Z     [36m<body>[39m
2025-10-05T08:21:23.2841785Z       [36m<div>[39m
2025-10-05T08:21:23.2841979Z         [36m<div[39m
2025-10-05T08:21:23.2842310Z           [33mclass[39m=[32m"min-h-screen"[39m
2025-10-05T08:21:23.2842513Z         [36m>[39m
2025-10-05T08:21:23.2842741Z           [36m<section[39m
2025-10-05T08:21:23.2843261Z             [33mclass[39m=[32m"relative py-20 lg:py-32 overflow-hidden"[39m
2025-10-05T08:21:23.2843472Z           [36m>[39m
2025-10-05T08:21:23.2843680Z             [36m<div[39m
2025-10-05T08:21:23.2844506Z               [33mclass[39m=[32m"absolute inset-0 bg-gradient-to-br from-primary/5 via-transparent to-secondary/5"[39m
2025-10-05T08:21:23.2844748Z             [36m/>[39m
2025-10-05T08:21:23.2844972Z             [36m<div[39m
2025-10-05T08:21:23.2845945Z               [33mclass[39m=[32m"absolute top-1/4 left-1/4 w-72 h-72 bg-primary/10 rounded-full blur-3xl"[39m
2025-10-05T08:21:23.2846172Z             [36m/>[39m
2025-10-05T08:21:23.2846591Z             [36m<div[39m
2025-10-05T08:21:23.2847380Z               [33mclass[39m=[32m"absolute bottom-1/4 right-1/4 w-96 h-96 bg-secondary/10 rounded-full blur-3xl"[39m
2025-10-05T08:21:23.2847599Z             [36m/>[39m
2025-10-05T08:21:23.2847811Z             [36m<div[39m
2025-10-05T08:21:23.2848267Z               [33mclass[39m=[32m"relative container-responsive"[39m
2025-10-05T08:21:23.2848478Z             [36m>[39m
2025-10-05T08:21:23.2848696Z               [36m<div[39m
2025-10-05T08:21:23.2849145Z                 [33mclass[39m=[32m"text-center max-w-4xl mx-auto"[39m
2025-10-05T08:21:23.2849358Z               [36m>[39m
2025-10-05T08:21:23.2849598Z                 [36m<div[39m
2025-10-05T08:21:23.2849927Z                   [33mclass[39m=[32m"mb-6"[39m
2025-10-05T08:21:23.2850148Z                 [36m>[39m
2025-10-05T08:21:23.2850408Z                   [36m<span[39m
2025-10-05T08:21:23.2851352Z                     [33mclass[39m=[32m"inline-flex items-center px-4 py-2 rounded-full bg-primary/10 text-primary text-sm font-medium"[39m
2025-10-05T08:21:23.2851608Z                   [36m>[39m
2025-10-05T08:21:23.2851866Z                     [36m<svg[39m
2025-10-05T08:21:23.2852219Z                       [33mclass[39m=[32m"h-4 w-4 mr-2"[39m
2025-10-05T08:21:23.2852604Z                       [33mdata-testid[39m=[32m"mock-icon"[39m
2025-10-05T08:21:23.2852870Z                     [36m/>[39m
2025-10-05T08:21:23.2853177Z                     [0m全新 v2.0 版本发布[0m
2025-10-05T08:21:23.2853422Z                   [36m</span>[39m
2025-10-05T08:21:23.2853679Z                 [36m</div>[39m
2025-10-05T08:21:23.2853897Z                 [36m<h1[39m
2025-10-05T08:21:23.2854726Z                   [33mclass[39m=[32m"text-4xl lg:text-6xl font-bold text-foreground mb-6"[39m
2025-10-05T08:21:23.2854994Z                 [36m>[39m
2025-10-05T08:21:23.2855303Z                   [0m智能搜索，[0m
2025-10-05T08:21:23.2855563Z                   [36m<span[39m
2025-10-05T08:21:23.2855928Z                     [33mclass[39m=[32m"text-gradient"[39m
2025-10-05T08:21:23.2856132Z                   [36m>[39m
2025-10-05T08:21:23.2856615Z                     [0m重新定义[0m
2025-10-05T08:21:23.2856910Z                   [36m</span>[39m
2025-10-05T08:21:23.2857185Z                   [36m<br />[39m
2025-10-05T08:21:23.2857465Z                   [0m知识管理体验[0m
2025-10-05T08:21:23.2857715Z                 [36m</h1>[39m
2025-10-05T08:21:23.2857932Z                 [36m<p[39m
2025-10-05T08:21:23.2858541Z                   [33mclass[39m=[32m"text-xl text-muted-foreground mb-8 max-w-2xl mx-auto"[39m
2025-10-05T08:21:23.2858759Z                 [36m>[39m
2025-10-05T08:21:23.2859302Z                   [0m基于先进的 AI 技术，CORA 为您提供智能化的文档搜索和管理解决方案， 让知识触手可及，让工作更加高效。[0m
2025-10-05T08:21:23.2859564Z                 [36m</p>[39m
2025-10-05T08:21:23.2859793Z                 [36m<div[39m
2025-10-05T08:21:23.2860112Z                   [33mclass[39m=[32m"mb-8"[39m
2025-10-05T08:21:23.2860317Z                 [36m>[39m
2025-10-05T08:21:23.2860578Z                   [36m<form[39m
2025-10-05T08:21:23.2860967Z                     [33mclass[39m=[32m"max-w-2xl mx-auto"[39m
2025-10-05T08:21:23.2861188Z                   [36m>[39m
2025-10-05T08:21:23.2861442Z                     [36m<div[39m
2025-10-05T08:21:23.2861804Z                       [33mclass[39m=[32m"relative"[39m
2025-10-05T08:21:23.2862055Z                     [36m>[39m
2025-10-05T08:21:23.2862317Z                       [36m<svg[39m
2025-10-05T08:21:23.2863189Z                         [33mclass[39m=[32m"absolute left-4 top-1/2 transform -translate-y-1/2 h-5 w-5 text-muted-foreground"[39m
2025-10-05T08:21:23.2863712Z                         [33mdata-testid[39m=[32m"mock-icon"[39m
2025-10-05T08:21:23.2864238Z                       [36m/>[39m
2025-10-05T08:21:23.2864532Z                       [36m<input[39m
2025-10-05T08:21:23.2866058Z                         [33mclass[39m=[32m"w-full pl-12 pr-32 py-4 text-lg border border-border rounded-xl bg-background/50 backdrop-blur-sm focus:outline-none focus:ring-2 focus:ring-primary focus:border-transparent"[39m
2025-10-05T08:21:23.2866734Z                         [33mplaceholder[39m=[32m"搜索任何内容..."[39m
2025-10-05T08:21:23.2867062Z                         [33mtype[39m=[32m"text"[39m
2025-10-05T08:21:23.2867375Z                         [33mvalue[39m=[32m""[39m
2025-10-05T08:21:23.2867645Z                       [36m/>[39m
2025-10-05T08:21:23.2867907Z                       [36m<button[39m
2025-10-05T08:21:23.2868680Z                         [33mclass[39m=[32m"absolute right-2 top-1/2 transform -translate-y-1/2 btn btn-primary btn-md"[39m
2025-10-05T08:21:23.2869055Z                         [33mtype[39m=[32m"submit"[39m
2025-10-05T08:21:23.2869333Z                       [36m>[39m
2025-10-05T08:21:23.2869628Z                         [0m开始搜索[0m
2025-10-05T08:21:23.2869888Z                       [36m</button>[39m
2025-10-05T08:21:23.2870149Z                     [36m</div>[39m
2025-10-05T08:21:23.2870415Z                   [36m</form>[39m
2025-10-05T08:21:23.2870667Z                 [36m</div>[39m
2025-10-05T08:21:23.2870921Z                 [36m<div[39m
2025-10-05T08:21:23.2871801Z                   [33mclass[39m=[32m"flex flex-col sm:flex-row items-center justify-center space-y-4 sm:space-y-0 sm:space-x-4"[39m
2025-10-05T08:21:23.2872034Z                 [36m>[39m
2025-10-05T08:21:23.2872282Z                   [36m<a[39m
2025-10-05T08:21:23.2872688Z                     [33mclass[39m=[32m"btn btn-primary btn-lg"[39m
2025-10-05T08:21:23.2873013Z                     [33mhref[39m=[32m"/register"[39m
2025-10-05T08:21:23.2873245Z                   [36m>[39m
2025-10-05T08:21:23.2873735Z                     [0m免费注册[0m
2025-10-05T08:21:23.2874037Z                     [36m<svg[39m
2025-10-05T08:21:23.2874391Z                       [33mclass[39m=[32m"ml-2 h-5 w-5"[39m
2025-10-05T08:21:23.2874764Z                       [33mdata-testid[39m=[32m"mock-icon"[39m
2025-10-05T08:21:23.2875014Z                     [36m/>[39m
2025-10-05T08:21:23.2875250Z                   [36m</a>[39m
2025-10-05T08:21:23.2875494Z                   [36m<button[39m
2025-10-05T08:21:23.2875898Z                     [33mclass[39m=[32m"btn btn-outline btn-lg"[39m
2025-10-05T08:21:23.2876120Z                   [36m>[39m
2025-10-05T08:21:23.2876593Z                     [36m<svg[39m
2025-10-05T08:21:23.2876959Z                       [33mclass[39m=[32m"mr-2 h-5 w-5"[39m
2025-10-05T08:21:23.2877325Z                       [33mdata-testid[39m=[32m"mock-icon"[39m
2025-10-05T08:21:23.2877593Z                     [36m/>[39m
2025-10-05T08:21:23.2877855Z                     [0m观看演示[0m
2025-10-05T08:21:23.2878139Z                   [36m</button>[39m
2025-10-05T08:21:23.2878403Z                 [36m</div>[39m
2025-10-05T08:21:23.2878636Z               [36m</div>[39m
2025-10-05T08:21:23.2878826Z             [36m</div>[39m
2025-10-05T08:21:23.2879081Z           [36m</section>[39m
2025-10-05T08:21:23.2879295Z           [36m<section[39m
2025-10-05T08:21:23.2879666Z             [33mclass[39m=[32m"py-16 bg-muted/30"[39m
2025-10-05T08:21:23.2879863Z           [36m>[39m
2025-10-05T08:21:23.2880074Z             [36m<div[39m
2025-10-05T08:21:23.2880471Z               [33mclass[39m=[32m"container-responsive"[39m
2025-10-05T08:21:23.2880662Z             [36m>[39m
2025-10-05T08:21:23.2880869Z               [36m<div[39m
2025-10-05T08:21:23.2881368Z                 [33mclass[39m=[32m"grid grid-cols-2 lg:grid-cols-4 gap-8"[39m
2025-10-05T08:21:23.2881562Z               [36m>[39m
2025-10-05T08:21:23.2881772Z                 [36m<div[39m
2025-10-05T08:21:23.2882096Z                   [33mclass[39m=[32m"text-center"[39m
2025-10-05T08:21:23.2882527Z                 [36m>[39m
2025-10-05T08:21:23.2882775Z                   [36m<div[39m
2025-10-05T08:21:23.2883644Z                     [33mclass[39m=[32m"inline-flex items-center justify-center w-12 h-12 bg-primary/10 rounded-lg mb-4"[39m
2025-10-05T08:21:23.2883853Z                   [36m>[39m
2025-10-05T08:21:23.2884093Z                     [36m<svg[39m
2025-10-05T08:21:23.2884465Z                       [33mclass[39m=[32m"h-6 w-6 text-primary"[39m
2025-10-05T08:21:23.2884820Z                       [33mdata-testid[39m=[32m"mock-icon"[39m
2025-10-05T08:21:23.2885064Z                     [36m/>[39m
2025-10-05T08:21:23.2885299Z                   [36m</div>[39m
2025-10-05T08:21:23.2885530Z                   [36m<div[39m
2025-10-05T08:21:23.2886030Z                     [33mclass[39m=[32m"text-3xl font-bold text-foreground mb-1"[39m
2025-10-05T08:21:23.2886220Z                   [36m>[39m
2025-10-05T08:21:23.2886741Z                     [0m10,000+[0m
2025-10-05T08:21:23.2886973Z                   [36m</div>[39m
2025-10-05T08:21:23.2887208Z                   [36m<div[39m
2025-10-05T08:21:23.2887723Z                     [33mclass[39m=[32m"text-sm text-muted-foreground mb-1"[39m
2025-10-05T08:21:23.2887949Z                   [36m>[39m
2025-10-05T08:21:23.2888232Z                     [0m活跃用户[0m
2025-10-05T08:21:23.2888501Z                   [36m</div>[39m
2025-10-05T08:21:23.2888751Z                   [36m<div[39m
2025-10-05T08:21:23.2889403Z                     [33mclass[39m=[32m"flex items-center justify-center text-xs text-green-600"[39m
2025-10-05T08:21:23.2889631Z                   [36m>[39m
2025-10-05T08:21:23.2889902Z                     [36m<svg[39m
2025-10-05T08:21:23.2890276Z                       [33mclass[39m=[32m"h-3 w-3 mr-1"[39m
2025-10-05T08:21:23.2890646Z                       [33mdata-testid[39m=[32m"mock-icon"[39m
2025-10-05T08:21:23.2891145Z                     [36m/>[39m
2025-10-05T08:21:23.2891453Z                     [0m+12%[0m
2025-10-05T08:21:23.2891908Z                   [36m</div>[39m
2025-10-05T08:21:23.2892173Z                 [36m</div>[39m
2025-10-05T08:21:23.2892430Z                 [36m<div[39m
2025-10-05T08:21:23.2892773Z                   [33mclass[39m=[32m"text-center"[39m
2025-10-05T08:21:23.2892996Z                 [36m>[39m
2025-10-05T08:21:23.2893244Z                   [36m<div[39m
2025-10-05T08:21:23.2894232Z                     [33mclass[39m=[32m"inline-flex items-center justify-center w-12 h-12 bg-primary/10 rounded-lg mb-4"[39m
2025-10-05T08:21:23.2894454Z                   [36m>[39m
2025-10-05T08:21:23.2894705Z                     [36m<svg[39m
2025-10-05T08:21:23.2895096Z                       [33mclass[39m=[32m"h-6 w-6 text-primary"[39m
2025-10-05T08:21:23.2895446Z                       [33mdata-testid[39m=[32m"mock-icon"[39m
2025-10-05T08:21:23.2895675Z                     [36m/>[39m
2025-10-05T08:21:23.2895939Z                   [36m</div>[39m
2025-10-05T08:21:23.2896190Z                   [36m<div[39m
2025-10-05T08:21:23.2896932Z                     [33mclass[39m=[32m"text-3xl font-bold text-foreground mb-1"[39m
2025-10-05T08:21:23.2897133Z                   [36...
2025-10-05T08:21:23.2897151Z 
2025-10-05T08:21:23.2897337Z     [0m [90m 197 |[39m
2025-10-05T08:21:23.2897657Z      [90m 198 |[39m     [90m// 验证未认证状态的显示[39m
2025-10-05T08:21:23.2898436Z     [31m[1m>[22m[39m[90m 199 |[39m     expect(screen[33m.[39mgetByText([35m/开始使用/[39m))[33m.[39mtoBeInTheDocument()
2025-10-05T08:21:23.2898810Z      [90m     |[39m                   [31m[1m^[22m[39m
2025-10-05T08:21:23.2899022Z      [90m 200 |[39m   })
2025-10-05T08:21:23.2899207Z      [90m 201 |[39m
2025-10-05T08:21:23.2899665Z      [90m 202 |[39m   it([32m'应该支持无障碍访问'[39m[33m,[39m () [33m=>[39m {[0m
2025-10-05T08:21:23.2899682Z 
2025-10-05T08:21:23.2900228Z       at Object.getElementError (node_modules/@testing-library/dom/dist/config.js:37:19)
2025-10-05T08:21:23.2900951Z       at getElementError (node_modules/@testing-library/dom/dist/query-helpers.js:20:35)
2025-10-05T08:21:23.2901450Z       at getElementError (node_modules/@testing-library/dom/dist/query-helpers.js:23:10)
2025-10-05T08:21:23.2902065Z       at getMultipleElementsFoundError (node_modules/@testing-library/dom/dist/query-helpers.js:55:13)
2025-10-05T08:21:23.2902490Z       at query (node_modules/@testing-library/dom/dist/query-helpers.js:95:19)
2025-10-05T08:21:23.2902878Z       at Object.<anonymous> (src/pages/__tests__/HomePage.test.tsx:199:19)
2025-10-05T08:21:23.2902893Z 
2025-10-05T08:21:23.2903213Z   ● HomePage Component › 应该支持无障碍访问
2025-10-05T08:21:23.2903237Z 
2025-10-05T08:21:23.2903830Z     TestingLibraryElementError: Unable to find a label with the text of: /搜索/i
2025-10-05T08:21:23.2903845Z 
2025-10-05T08:21:23.2904060Z     Ignored nodes: comments, script, style
2025-10-05T08:21:23.2904268Z     [36m<body>[39m
2025-10-05T08:21:23.2904484Z       [36m<div>[39m
2025-10-05T08:21:23.2904693Z         [36m<div[39m
2025-10-05T08:21:23.2905036Z           [33mclass[39m=[32m"min-h-screen"[39m
2025-10-05T08:21:23.2905223Z         [36m>[39m
2025-10-05T08:21:23.2905436Z           [36m<section[39m
2025-10-05T08:21:23.2905927Z             [33mclass[39m=[32m"relative py-20 lg:py-32 overflow-hidden"[39m
2025-10-05T08:21:23.2906112Z           [36m>[39m
2025-10-05T08:21:23.2906563Z             [36m<div[39m
2025-10-05T08:21:23.2907336Z               [33mclass[39m=[32m"absolute inset-0 bg-gradient-to-br from-primary/5 via-transparent to-secondary/5"[39m
2025-10-05T08:21:23.2907513Z             [36m/>[39m
2025-10-05T08:21:23.2907708Z             [36m<div[39m
2025-10-05T08:21:23.2908409Z               [33mclass[39m=[32m"absolute top-1/4 left-1/4 w-72 h-72 bg-primary/10 rounded-full blur-3xl"[39m
2025-10-05T08:21:23.2908606Z             [36m/>[39m
2025-10-05T08:21:23.2908791Z             [36m<div[39m
2025-10-05T08:21:23.2909734Z               [33mclass[39m=[32m"absolute bottom-1/4 right-1/4 w-96 h-96 bg-secondary/10 rounded-full blur-3xl"[39m
2025-10-05T08:21:23.2909979Z             [36m/>[39m
2025-10-05T08:21:23.2910174Z             [36m<div[39m
2025-10-05T08:21:23.2910602Z               [33mclass[39m=[32m"relative container-responsive"[39m
2025-10-05T08:21:23.2910813Z             [36m>[39m
2025-10-05T08:21:23.2911015Z               [36m<div[39m
2025-10-05T08:21:23.2911444Z                 [33mclass[39m=[32m"text-center max-w-4xl mx-auto"[39m
2025-10-05T08:21:23.2911661Z               [36m>[39m
2025-10-05T08:21:23.2911896Z                 [36m<div[39m
2025-10-05T08:21:23.2912210Z                   [33mclass[39m=[32m"mb-6"[39m
2025-10-05T08:21:23.2912394Z                 [36m>[39m
2025-10-05T08:21:23.2912630Z                   [36m<span[39m
2025-10-05T08:21:23.2913465Z                     [33mclass[39m=[32m"inline-flex items-center px-4 py-2 rounded-full bg-primary/10 text-primary text-sm font-medium"[39m
2025-10-05T08:21:23.2913696Z                   [36m>[39m
2025-10-05T08:21:23.2913939Z                     [36m<svg[39m
2025-10-05T08:21:23.2914274Z                       [33mclass[39m=[32m"h-4 w-4 mr-2"[39m
2025-10-05T08:21:23.2914608Z                       [33mdata-testid[39m=[32m"mock-icon"[39m
2025-10-05T08:21:23.2914840Z                     [36m/>[39m
2025-10-05T08:21:23.2915111Z                     [0m全新 v2.0 版本发布[0m
2025-10-05T08:21:23.2915346Z                   [36m</span>[39m
2025-10-05T08:21:23.2915568Z                 [36m</div>[39m
2025-10-05T08:21:23.2915752Z                 [36m<h1[39m
2025-10-05T08:21:23.2916513Z                   [33mclass[39m=[32m"text-4xl lg:text-6xl font-bold text-foreground mb-6"[39m
2025-10-05T08:21:23.2916717Z                 [36m>[39m
2025-10-05T08:21:23.2916955Z                   [0m智能搜索，[0m
2025-10-05T08:21:23.2917197Z                   [36m<span[39m
2025-10-05T08:21:23.2917556Z                     [33mclass[39m=[32m"text-gradient"[39m
2025-10-05T08:21:23.2918007Z                   [36m>[39m
2025-10-05T08:21:23.2918247Z                     [0m重新定义[0m
2025-10-05T08:21:23.2918476Z                   [36m</span>[39m
2025-10-05T08:21:23.2918697Z                   [36m<br />[39m
2025-10-05T08:21:23.2918946Z                   [0m知识管理体验[0m
2025-10-05T08:21:23.2919174Z                 [36m</h1>[39m
2025-10-05T08:21:23.2919376Z                 [36m<p[39m
2025-10-05T08:21:23.2919951Z                   [33mclass[39m=[32m"text-xl text-muted-foreground mb-8 max-w-2xl mx-auto"[39m
2025-10-05T08:21:23.2920148Z                 [36m>[39m
2025-10-05T08:21:23.2920651Z                   [0m基于先进的 AI 技术，CORA 为您提供智能化的文档搜索和管理解决方案， 让知识触手可及，让工作更加高效。[0m
2025-10-05T08:21:23.2920916Z                 [36m</p>[39m
2025-10-05T08:21:23.2921160Z                 [36m<div[39m
2025-10-05T08:21:23.2921560Z                   [33mclass[39m=[32m"mb-8"[39m
2025-10-05T08:21:23.2921766Z                 [36m>[39m
2025-10-05T08:21:23.2922037Z                   [36m<form[39m
2025-10-05T08:21:23.2922435Z                     [33mclass[39m=[32m"max-w-2xl mx-auto"[39m
2025-10-05T08:21:23.2922652Z                   [36m>[39m
2025-10-05T08:21:23.2922910Z                     [36m<div[39m
2025-10-05T08:21:23.2923249Z                       [33mclass[39m=[32m"relative"[39m
2025-10-05T08:21:23.2923497Z                     [36m>[39m
2025-10-05T08:21:23.2923761Z                       [36m<svg[39m
2025-10-05T08:21:23.2924562Z                         [33mclass[39m=[32m"absolute left-4 top-1/2 transform -translate-y-1/2 h-5 w-5 text-muted-foreground"[39m
2025-10-05T08:21:23.2924954Z                         [33mdata-testid[39m=[32m"mock-icon"[39m
2025-10-05T08:21:23.2925202Z                       [36m/>[39m
2025-10-05T08:21:23.2925467Z                       [36m<input[39m
2025-10-05T08:21:23.2927432Z                         [33mclass[39m=[32m"w-full pl-12 pr-32 py-4 text-lg border border-border rounded-xl bg-background/50 backdrop-blur-sm focus:outline-none focus:ring-2 focus:ring-primary focus:border-transparent"[39m
2025-10-05T08:21:23.2927892Z                         [33mplaceholder[39m=[32m"搜索任何内容..."[39m
2025-10-05T08:21:23.2928237Z                         [33mtype[39m=[32m"text"[39m
2025-10-05T08:21:23.2928560Z                         [33mvalue[39m=[32m""[39m
2025-10-05T08:21:23.2928808Z                       [36m/>[39m
2025-10-05T08:21:23.2929081Z                       [36m<button[39m
2025-10-05T08:21:23.2929863Z                         [33mclass[39m=[32m"absolute right-2 top-1/2 transform -translate-y-1/2 btn btn-primary btn-md"[39m
2025-10-05T08:21:23.2930205Z                         [33mtype[39m=[32m"submit"[39m
2025-10-05T08:21:23.2930451Z                       [36m>[39m
2025-10-05T08:21:23.2930714Z                         [0m开始搜索[0m
2025-10-05T08:21:23.2930998Z                       [36m</button>[39m
2025-10-05T08:21:23.2931238Z                     [36m</div>[39m
2025-10-05T08:21:23.2931500Z                   [36m</form>[39m
2025-10-05T08:21:23.2931758Z                 [36m</div>[39m
2025-10-05T08:21:23.2932016Z                 [36m<div[39m
2025-10-05T08:21:23.2932912Z                   [33mclass[39m=[32m"flex flex-col sm:flex-row items-center justify-center space-y-4 sm:space-y-0 sm:space-x-4"[39m
2025-10-05T08:21:23.2933267Z                 [36m>[39m
2025-10-05T08:21:23.2933497Z                   [36m<a[39m
2025-10-05T08:21:23.2933918Z                     [33mclass[39m=[32m"btn btn-primary btn-lg"[39m
2025-10-05T08:21:23.2934247Z                     [33mhref[39m=[32m"/register"[39m
2025-10-05T08:21:23.2934450Z                   [36m>[39m
2025-10-05T08:21:23.2934719Z                     [0m免费注册[0m
2025-10-05T08:21:23.2934960Z                     [36m<svg[39m
2025-10-05T08:21:23.2935296Z                       [33mclass[39m=[32m"ml-2 h-5 w-5"[39m
2025-10-05T08:21:23.2935673Z                       [33mdata-testid[39m=[32m"mock-icon"[39m
2025-10-05T08:21:23.2935926Z                     [36m/>[39m
2025-10-05T08:21:23.2936668Z                   [36m</a>[39m
2025-10-05T08:21:23.2936900Z                   [36m<button[39m
2025-10-05T08:21:23.2937276Z                     [33mclass[39m=[32m"btn btn-outline btn-lg"[39m
2025-10-05T08:21:23.2937480Z                   [36m>[39m
2025-10-05T08:21:23.2937707Z                     [36m<svg[39m
2025-10-05T08:21:23.2938042Z                       [33mclass[39m=[32m"mr-2 h-5 w-5"[39m
2025-10-05T08:21:23.2938401Z                       [33mdata-testid[39m=[32m"mock-icon"[39m
2025-10-05T08:21:23.2938644Z                     [36m/>[39m
2025-10-05T08:21:23.2938893Z                     [0m观看演示[0m
2025-10-05T08:21:23.2939168Z                   [36m</button>[39m
2025-10-05T08:21:23.2939410Z                 [36m</div>[39m
2025-10-05T08:21:23.2939651Z               [36m</div>[39m
2025-10-05T08:21:23.2939848Z             [36m</div>[39m
2025-10-05T08:21:23.2940082Z           [36m</section>[39m
2025-10-05T08:21:23.2940297Z           [36m<section[39m
2025-10-05T08:21:23.2940638Z             [33mclass[39m=[32m"py-16 bg-muted/30"[39m
2025-10-05T08:21:23.2940818Z           [36m>[39m
2025-10-05T08:21:23.2941016Z             [36m<div[39m
2025-10-05T08:21:23.2941395Z               [33mclass[39m=[32m"container-responsive"[39m
2025-10-05T08:21:23.2941577Z             [36m>[39m
2025-10-05T08:21:23.2941781Z               [36m<div[39m
2025-10-05T08:21:23.2942261Z                 [33mclass[39m=[32m"grid grid-cols-2 lg:grid-cols-4 gap-8"[39m
2025-10-05T08:21:23.2942457Z               [36m>[39m
2025-10-05T08:21:23.2942683Z                 [36m<div[39m
2025-10-05T08:21:23.2943003Z                   [33mclass[39m=[32m"text-center"[39m
2025-10-05T08:21:23.2943208Z                 [36m>[39m
2025-10-05T08:21:23.2943453Z                   [36m<div[39m
2025-10-05T08:21:23.2944264Z                     [33mclass[39m=[32m"inline-flex items-center justify-center w-12 h-12 bg-primary/10 rounded-lg mb-4"[39m
2025-10-05T08:21:23.2944702Z                   [36m>[39m
2025-10-05T08:21:23.2944977Z                     [36m<svg[39m
2025-10-05T08:21:23.2945391Z                       [33mclass[39m=[32m"h-6 w-6 text-primary"[39m
2025-10-05T08:21:23.2945761Z                       [33mdata-testid[39m=[32m"mock-icon"[39m
2025-10-05T08:21:23.2946001Z                     [36m/>[39m
2025-10-05T08:21:23.2946253Z                   [36m</div>[39m
2025-10-05T08:21:23.2946711Z                   [36m<div[39m
2025-10-05T08:21:23.2947231Z                     [33mclass[39m=[32m"text-3xl font-bold text-foreground mb-1"[39m
2025-10-05T08:21:23.2947443Z                   [36m>[39m
2025-10-05T08:21:23.2947694Z                     [0m10,000+[0m
2025-10-05T08:21:23.2947945Z                   [36m</div>[39m
2025-10-05T08:21:23.2948178Z                   [36m<div[39m
2025-10-05T08:21:23.2948644Z                     [33mclass[39m=[32m"text-sm text-muted-foreground mb-1"[39m
2025-10-05T08:21:23.2948857Z                   [36m>[39m
2025-10-05T08:21:23.2949164Z                     [0m活跃用户[0m
2025-10-05T08:21:23.2949420Z                   [36m</div>[39m
2025-10-05T08:21:23.2949663Z                   [36m<div[39m
2025-10-05T08:21:23.2950277Z                     [33mclass[39m=[32m"flex items-center justify-center text-xs text-green-600"[39m
2025-10-05T08:21:23.2950496Z                   [36m>[39m
2025-10-05T08:21:23.2950758Z                     [36m<svg[39m
2025-10-05T08:21:23.2951118Z                       [33mclass[39m=[32m"h-3 w-3 mr-1"[39m
2025-10-05T08:21:23.2951498Z                       [33mdata-testid[39m=[32m"mock-icon"[39m
2025-10-05T08:21:23.2951749Z                     [36m/>[39m
2025-10-05T08:21:23.2951992Z                     [0m+12%[0m
2025-10-05T08:21:23.2952251Z                   [36m</div>[39m
2025-10-05T08:21:23.2952485Z                 [36m</div>[39m
2025-10-05T08:21:23.2952714Z                 [36m<div[39m
2025-10-05T08:21:23.2953066Z                   [33mclass[39m=[32m"text-center"[39m
2025-10-05T08:21:23.2953489Z                 [36m>[39m
2025-10-05T08:21:23.2953738Z                   [36m<div[39m
2025-10-05T08:21:23.2954547Z                     [33mclass[39m=[32m"inline-flex items-center justify-center w-12 h-12 bg-primary/10 rounded-lg mb-4"[39m
2025-10-05T08:21:23.2954751Z                   [36m>[39m
2025-10-05T08:21:23.2955004Z                     [36m<svg[39m
2025-10-05T08:21:23.2955391Z                       [33mclass[39m=[32m"h-6 w-6 text-primary"[39m
2025-10-05T08:21:23.2955748Z                       [33mdata-testid[39m=[32m"mock-icon"[39m
2025-10-05T08:21:23.2955993Z                     [36m/>[39m
2025-10-05T08:21:23.2956239Z                   [36m</div>[39m
2025-10-05T08:21:23.2956733Z                   [36m<div[39m
2025-10-05T08:21:23.2957251Z                     [33mclass[39m=[32m"text-3xl font-bold text-foreground mb-1"[39m
2025-10-05T08:21:23.2957448Z                   [36...
2025-10-05T08:21:23.2957465Z 
2025-10-05T08:21:23.2957668Z     [0m [90m 208 |[39m
2025-10-05T08:21:23.2957974Z      [90m 209 |[39m     [90m// 检查表单标签[39m
2025-10-05T08:21:23.2958800Z     [31m[1m>[22m[39m[90m 210 |[39m     [36mconst[39m searchInput [33m=[39m screen[33m.[39mgetByLabelText([35m/搜索/i[39m)
2025-10-05T08:21:23.2959189Z      [90m     |[39m                                [31m[1m^[22m[39m
2025-10-05T08:21:23.2959625Z      [90m 211 |[39m     expect(searchInput)[33m.[39mtoBeInTheDocument()
2025-10-05T08:21:23.2959808Z      [90m 212 |[39m
2025-10-05T08:21:23.2960124Z      [90m 213 |[39m     [90m// 检查按钮可访问性[39m[0m
2025-10-05T08:21:23.2960139Z 
2025-10-05T08:21:23.2960624Z       at Object.getElementError (node_modules/@testing-library/dom/dist/config.js:37:19)
2025-10-05T08:21:23.2961137Z       at getElementError (node_modules/@testing-library/dom/dist/queries/label-text.js:111:38)
2025-10-05T08:21:23.2961560Z       at allQuery (node_modules/@testing-library/dom/dist/query-helpers.js:52:17)
2025-10-05T08:21:23.2962179Z       at query (node_modules/@testing-library/dom/dist/query-helpers.js:95:19)
2025-10-05T08:21:23.2962591Z       at Object.<anonymous> (src/pages/__tests__/HomePage.test.tsx:210:32)
2025-10-05T08:21:23.2962606Z 
2025-10-05T08:21:23.2962939Z   ● HomePage Component › 应该正确处理响应式设计
2025-10-05T08:21:23.2962955Z 
2025-10-05T08:21:23.2964690Z     TestingLibraryElementError: Unable to find an element with the text: /智能搜索与文档管理平台/i. This could be because the text is broken up by multiple elements. In this case, you can provide a function for your text matcher to make your matcher more flexible.
2025-10-05T08:21:23.2964714Z 
2025-10-05T08:21:23.2964937Z     Ignored nodes: comments, script, style
2025-10-05T08:21:23.2965145Z     [36m<body>[39m
2025-10-05T08:21:23.2965317Z       [36m<div>[39m
2025-10-05T08:21:23.2965503Z         [36m<div[39m
2025-10-05T08:21:23.2965806Z           [33mclass[39m=[32m"min-h-screen"[39m
2025-10-05T08:21:23.2965980Z         [36m>[39m
2025-10-05T08:21:23.2966203Z           [36m<section[39m
2025-10-05T08:21:23.2966949Z             [33mclass[39m=[32m"relative py-20 lg:py-32 overflow-hidden"[39m
2025-10-05T08:21:23.2967142Z           [36m>[39m
2025-10-05T08:21:23.2967350Z             [36m<div[39m
2025-10-05T08:21:23.2968129Z               [33mclass[39m=[32m"absolute inset-0 bg-gradient-to-br from-primary/5 via-transparent to-secondary/5"[39m
2025-10-05T08:21:23.2968349Z             [36m/>[39m
2025-10-05T08:21:23.2968541Z             [36m<div[39m
2025-10-05T08:21:23.2969222Z               [33mclass[39m=[32m"absolute top-1/4 left-1/4 w-72 h-72 bg-primary/10 rounded-full blur-3xl"[39m
2025-10-05T08:21:23.2969417Z             [36m/>[39m
2025-10-05T08:21:23.2969596Z             [36m<div[39m
2025-10-05T08:21:23.2970306Z               [33mclass[39m=[32m"absolute bottom-1/4 right-1/4 w-96 h-96 bg-secondary/10 rounded-full blur-3xl"[39m
2025-10-05T08:21:23.2970507Z             [36m/>[39m
2025-10-05T08:21:23.2970688Z             [36m<div[39m
2025-10-05T08:21:23.2971122Z               [33mclass[39m=[32m"relative container-responsive"[39m
2025-10-05T08:21:23.2971601Z             [36m>[39m
2025-10-05T08:21:23.2971810Z               [36m<div[39m
2025-10-05T08:21:23.2972239Z                 [33mclass[39m=[32m"text-center max-w-4xl mx-auto"[39m
2025-10-05T08:21:23.2972422Z               [36m>[39m
2025-10-05T08:21:23.2972652Z                 [36m<div[39m
2025-10-05T08:21:23.2972958Z                   [33mclass[39m=[32m"mb-6"[39m
2025-10-05T08:21:23.2973160Z                 [36m>[39m
2025-10-05T08:21:23.2973408Z                   [36m<span[39m
2025-10-05T08:21:23.2974304Z                     [33mclass[39m=[32m"inline-flex items-center px-4 py-2 rounded-full bg-primary/10 text-primary text-sm font-medium"[39m
2025-10-05T08:21:23.2974511Z                   [36m>[39m
2025-10-05T08:21:23.2974763Z                     [36m<svg[39m
2025-10-05T08:21:23.2975113Z                       [33mclass[39m=[32m"h-4 w-4 mr-2"[39m
2025-10-05T08:21:23.2975479Z                       [33mdata-testid[39m=[32m"mock-icon"[39m
2025-10-05T08:21:23.2975736Z                     [36m/>[39m
2025-10-05T08:21:23.2976033Z                     [0m全新 v2.0 版本发布[0m
2025-10-05T08:21:23.2976493Z                   [36m</span>[39m
2025-10-05T08:21:23.2976739Z                 [36m</div>[39m
2025-10-05T08:21:23.2976929Z                 [36m<h1[39m
2025-10-05T08:21:23.2977507Z                   [33mclass[39m=[32m"text-4xl lg:text-6xl font-bold text-foreground mb-6"[39m
2025-10-05T08:21:23.2977719Z                 [36m>[39m
2025-10-05T08:21:23.2977971Z                   [0m智能搜索，[0m
2025-10-05T08:21:23.2978222Z                   [36m<span[39m
2025-10-05T08:21:23.2978567Z                     [33mclass[39m=[32m"text-gradient"[39m
2025-10-05T08:21:23.2978773Z                   [36m>[39m
2025-10-05T08:21:23.2979023Z                     [0m重新定义[0m
2025-10-05T08:21:23.2979275Z                   [36m</span>[39m
2025-10-05T08:21:23.2979765Z                   [36m<br />[39m
2025-10-05T08:21:23.2980090Z                   [0m知识管理体验[0m
2025-10-05T08:21:23.2980347Z                 [36m</h1>[39m
2025-10-05T08:21:23.2980564Z                 [36m<p[39m
2025-10-05T08:21:23.2981183Z                   [33mclass[39m=[32m"text-xl text-muted-foreground mb-8 max-w-2xl mx-auto"[39m
2025-10-05T08:21:23.2981409Z                 [36m>[39m
2025-10-05T08:21:23.2981917Z                   [0m基于先进的 AI 技术，CORA 为您提供智能化的文档搜索和管理解决方案， 让知识触手可及，让工作更加高效。[0m
2025-10-05T08:21:23.2982160Z                 [36m</p>[39m
2025-10-05T08:21:23.2982391Z                 [36m<div[39m
2025-10-05T08:21:23.2982779Z                   [33mclass[39m=[32m"mb-8"[39m
2025-10-05T08:21:23.2983025Z                 [36m>[39m
2025-10-05T08:21:23.2983280Z                   [36m<form[39m
2025-10-05T08:21:23.2983660Z                     [33mclass[39m=[32m"max-w-2xl mx-auto"[39m
2025-10-05T08:21:23.2983860Z                   [36m>[39m
2025-10-05T08:21:23.2984125Z                     [36m<div[39m
2025-10-05T08:21:23.2984501Z                       [33mclass[39m=[32m"relative"[39m
2025-10-05T08:21:23.2984778Z                     [36m>[39m
2025-10-05T08:21:23.2985024Z                       [36m<svg[39m
2025-10-05T08:21:23.2985850Z                         [33mclass[39m=[32m"absolute left-4 top-1/2 transform -translate-y-1/2 h-5 w-5 text-muted-foreground"[39m
2025-10-05T08:21:23.2986222Z                         [33mdata-testid[39m=[32m"mock-icon"[39m
2025-10-05T08:21:23.2986792Z                       [36m/>[39m
2025-10-05T08:21:23.2987050Z                       [36m<input[39m
2025-10-05T08:21:23.2988576Z                         [33mclass[39m=[32m"w-full pl-12 pr-32 py-4 text-lg border border-border rounded-xl bg-background/50 backdrop-blur-sm focus:outline-none focus:ring-2 focus:ring-primary focus:border-transparent"[39m
2025-10-05T08:21:23.2988993Z                         [33mplaceholder[39m=[32m"搜索任何内容..."[39m
2025-10-05T08:21:23.2989333Z                         [33mtype[39m=[32m"text"[39m
2025-10-05T08:21:23.2989874Z                         [33mvalue[39m=[32m""[39m
2025-10-05T08:21:23.2990132Z                       [36m/>[39m
2025-10-05T08:21:23.2990417Z                       [36m<button[39m
2025-10-05T08:21:23.2991197Z                         [33mclass[39m=[32m"absolute right-2 top-1/2 transform -translate-y-1/2 btn btn-primary btn-md"[39m
2025-10-05T08:21:23.2991557Z                         [33mtype[39m=[32m"submit"[39m
2025-10-05T08:21:23.2991806Z                       [36m>[39m
2025-10-05T08:21:23.2992069Z                         [0m开始搜索[0m
2025-10-05T08:21:23.2992342Z                       [36m</button>[39m
2025-10-05T08:21:23.2992578Z                     [36m</div>[39m
2025-10-05T08:21:23.2992814Z                   [36m</form>[39m
2025-10-05T08:21:23.2993056Z                 [36m</div>[39m
2025-10-05T08:21:23.2993289Z                 [36m<div[39m
2025-10-05T08:21:23.2994149Z                   [33mclass[39m=[32m"flex flex-col sm:flex-row items-center justify-center space-y-4 sm:space-y-0 sm:space-x-4"[39m
2025-10-05T08:21:23.2994353Z                 [36m>[39m
2025-10-05T08:21:23.2994565Z                   [36m<a[39m
2025-10-05T08:21:23.2994953Z                     [33mclass[39m=[32m"btn btn-primary btn-lg"[39m
2025-10-05T08:21:23.2995259Z                     [33mhref[39m=[32m"/register"[39m
2025-10-05T08:21:23.2995447Z                   [36m>[39m
2025-10-05T08:21:23.2995693Z                     [0m免费注册[0m
2025-10-05T08:21:23.2995921Z                     [36m<svg[39m
2025-10-05T08:21:23.2996462Z                       [33mclass[39m=[32m"ml-2 h-5 w-5"[39m
2025-10-05T08:21:23.2996834Z                       [33mdata-testid[39m=[32m"mock-icon"[39m
2025-10-05T08:21:23.2997079Z                     [36m/>[39m
2025-10-05T08:21:23.2997326Z                   [36m</a>[39m
2025-10-05T08:21:23.2997572Z                   [36m<button[39m
2025-10-05T08:21:23.2998166Z                     [33mclass[39m=[32m"btn btn-outline btn-lg"[39m
2025-10-05T08:21:23.2998424Z                   [36m>[39m
2025-10-05T08:21:23.2998672Z                     [36m<svg[39m
2025-10-05T08:21:23.2999013Z                       [33mclass[39m=[32m"mr-2 h-5 w-5"[39m
2025-10-05T08:21:23.2999394Z                       [33mdata-testid[39m=[32m"mock-icon"[39m
2025-10-05T08:21:23.2999640Z                     [36m/>[39m
2025-10-05T08:21:23.2999900Z                     [0m观看演示[0m
2025-10-05T08:21:23.3000164Z                   [36m</button>[39m
2025-10-05T08:21:23.3000407Z                 [36m</div>[39m
2025-10-05T08:21:23.3000650Z               [36m</div>[39m
2025-10-05T08:21:23.3000857Z             [36m</div>[39m
2025-10-05T08:21:23.3001096Z           [36m</section>[39m
2025-10-05T08:21:23.3001305Z           [36m<section[39m
2025-10-05T08:21:23.3001652Z             [33mclass[39m=[32m"py-16 bg-muted/30"[39m
2025-10-05T08:21:23.3001838Z           [36m>[39m
2025-10-05T08:21:23.3002045Z             [36m<div[39m
2025-10-05T08:21:23.3002426Z               [33mclass[39m=[32m"container-responsive"[39m
2025-10-05T08:21:23.3002633Z             [36m>[39m
2025-10-05T08:21:23.3002831Z               [36m<div[39m
2025-10-05T08:21:23.3003312Z                 [33mclass[39m=[32m"grid grid-cols-2 lg:grid-cols-4 gap-8"[39m
2025-10-05T08:21:23.3003518Z               [36m>[39m
2025-10-05T08:21:23.3003742Z                 [36m<div[39m
2025-10-05T08:21:23.3004061Z                   [33mclass[39m=[32m"text-center"[39m
2025-10-05T08:21:23.3004262Z                 [36m>[39m
2025-10-05T08:21:23.3004491Z                   [36m<div[39m
2025-10-05T08:21:23.3005289Z                     [33mclass[39m=[32m"inline-flex items-center justify-center w-12 h-12 bg-primary/10 rounded-lg mb-4"[39m
2025-10-05T08:21:23.3005512Z                   [36m>[39m
2025-10-05T08:21:23.3005760Z                     [36m<svg[39m
2025-10-05T08:21:23.3006168Z                       [33mclass[39m=[32m"h-6 w-6 text-primary"[39m
2025-10-05T08:21:23.3006774Z                       [33mdata-testid[39m=[32m"mock-icon"[39m
2025-10-05T08:21:23.3007338Z                     [36m/>[39m
2025-10-05T08:21:23.3007612Z                   [36m</div>[39m
2025-10-05T08:21:23.3007861Z                   [36m<div[39m
2025-10-05T08:21:23.3008406Z                     [33mclass[39m=[32m"text-3xl font-bold text-foreground mb-1"[39m
2025-10-05T08:21:23.3008630Z                   [36m>[39m
2025-10-05T08:21:23.3008877Z                     [0m10,000+[0m
2025-10-05T08:21:23.3009132Z                   [36m</div>[39m
2025-10-05T08:21:23.3009362Z                   [36m<div[39m
2025-10-05T08:21:23.3009840Z                     [33mclass[39m=[32m"text-sm text-muted-foreground mb-1"[39m
2025-10-05T08:21:23.3010076Z                   [36m>[39m
2025-10-05T08:21:23.3010426Z                     [0m活跃用户[0m
2025-10-05T08:21:23.3010778Z                   [36m</div>[39m
2025-10-05T08:21:23.3011082Z                   [36m<div[39m
2025-10-05T08:21:23.3011790Z                     [33mclass[39m=[32m"flex items-center justify-center text-xs text-green-600"[39m
2025-10-05T08:21:23.3012093Z                   [36m>[39m
2025-10-05T08:21:23.3012595Z                     [36m<svg[39m
2025-10-05T08:21:23.3013010Z                       [33mclass[39m=[32m"h-3 w-3 mr-1"[39m
2025-10-05T08:21:23.3013434Z                       [33mdata-testid[39m=[32m"mock-icon"[39m
2025-10-05T08:21:23.3013787Z                     [36m/>[39m
2025-10-05T08:21:23.3014073Z                     [0m+12%[0m
2025-10-05T08:21:23.3014477Z                   [36m</div>[39m
2025-10-05T08:21:23.3014931Z                 [36m</div>[39m
2025-10-05T08:21:23.3015263Z                 [36m<div[39m
2025-10-05T08:21:23.3015723Z                   [33mclass[39m=[32m"text-center"[39m
2025-10-05T08:21:23.3016007Z                 [36m>[39m
2025-10-05T08:21:23.3016656Z                   [36m<div[39m
2025-10-05T08:21:23.3017891Z                     [33mclass[39m=[32m"inline-flex items-center justify-center w-12 h-12 bg-primary/10 rounded-lg mb-4"[39m
2025-10-05T08:21:23.3018325Z                   [36m>[39m
2025-10-05T08:21:23.3018673Z                     [36m<svg[39m
2025-10-05T08:21:23.3019206Z                       [33mclass[39m=[32m"h-6 w-6 text-primary"[39m
2025-10-05T08:21:23.3019638Z                       [33mdata-testid[39m=[32m"mock-icon"[39m
2025-10-05T08:21:23.3019998Z                     [36m/>[39m
2025-10-05T08:21:23.3020295Z                   [36m</div>[39m
2025-10-05T08:21:23.3020699Z                   [36m<div[39m
2025-10-05T08:21:23.3021478Z                     [33mclass[39m=[32m"text-3xl font-bold text-foreground mb-1"[39m
2025-10-05T08:21:23.3021780Z                   [36...
2025-10-05T08:21:23.3021800Z 
2025-10-05T08:21:23.3022053Z     [0m [90m 229 |[39m
2025-10-05T08:21:23.3022584Z      [90m 230 |[39m     [90m// 验证移动端布局[39m
2025-10-05T08:21:23.3023494Z     [31m[1m>[22m[39m[90m 231 |[39m     expect(screen[33m.[39mgetByText([35m/智能搜索与文档管理平台/i[39m))[33m.[39mtoBeInTheDocument()
2025-10-05T08:21:23.3024107Z      [90m     |[39m                   [31m[1m^[22m[39m
2025-10-05T08:21:23.3024357Z      [90m 232 |[39m
2025-10-05T08:21:23.3024708Z      [90m 233 |[39m     [90m// 测试桌面端[39m
2025-10-05T08:21:23.3025625Z      [90m 234 |[39m     [33mObject[39m[33m.[39mdefineProperty(window[33m,[39m [32m'innerWidth'[39m[33m,[39m {[0m
2025-10-05T08:21:23.3025648Z 
2025-10-05T08:21:23.3026203Z       at Object.getElementError (node_modules/@testing-library/dom/dist/config.js:37:19)
2025-10-05T08:21:23.3038797Z       at getElementError (node_modules/@testing-library/dom/dist/query-helpers.js:76:38)
2025-10-05T08:21:23.3039320Z       at allQuery (node_modules/@testing-library/dom/dist/query-helpers.js:52:17)
2025-10-05T08:21:23.3039776Z       at query (node_modules/@testing-library/dom/dist/query-helpers.js:95:19)
2025-10-05T08:21:23.3040182Z       at Object.<anonymous> (src/pages/__tests__/HomePage.test.tsx:231:19)
2025-10-05T08:21:23.3040202Z 
2025-10-05T08:21:23.3040588Z   ● HomePage Component › 应该正确处理动画效果
2025-10-05T08:21:23.3040837Z 
2025-10-05T08:21:23.3042655Z     TestingLibraryElementError: Unable to find an element with the text: /智能搜索与文档管理平台/i. This could be because the text is broken up by multiple elements. In this case, you can provide a function for your text matcher to make your matcher more flexible.
2025-10-05T08:21:23.3042682Z 
2025-10-05T08:21:23.3042921Z     Ignored nodes: comments, script, style
2025-10-05T08:21:23.3043158Z     [36m<body>[39m
2025-10-05T08:21:23.3043352Z       [36m<div>[39m
2025-10-05T08:21:23.3043558Z         [36m<div[39m
2025-10-05T08:21:23.3043882Z           [33mclass[39m=[32m"min-h-screen"[39m
2025-10-05T08:21:23.3044072Z         [36m>[39m
2025-10-05T08:21:23.3044296Z           [36m<section[39m
2025-10-05T08:21:23.3044799Z             [33mclass[39m=[32m"relative py-20 lg:py-32 overflow-hidden"[39m
2025-10-05T08:21:23.3044998Z           [36m>[39m
2025-10-05T08:21:23.3045216Z             [36m<div[39m
2025-10-05T08:21:23.3046077Z               [33mclass[39m=[32m"absolute inset-0 bg-gradient-to-br from-primary/5 via-transparent to-secondary/5"[39m
2025-10-05T08:21:23.3046524Z             [36m/>[39m
2025-10-05T08:21:23.3046729Z             [36m<div[39m
2025-10-05T08:21:23.3047415Z               [33mclass[39m=[32m"absolute top-1/4 left-1/4 w-72 h-72 bg-primary/10 rounded-full blur-3xl"[39m
2025-10-05T08:21:23.3047609Z             [36m/>[39m
2025-10-05T08:21:23.3047787Z             [36m<div[39m
2025-10-05T08:21:23.3048468Z               [33mclass[39m=[32m"absolute bottom-1/4 right-1/4 w-96 h-96 bg-secondary/10 rounded-full blur-3xl"[39m
2025-10-05T08:21:23.3048670Z             [36m/>[39m
2025-10-05T08:21:23.3048844Z             [36m<div[39m
2025-10-05T08:21:23.3049240Z               [33mclass[39m=[32m"relative container-responsive"[39m
2025-10-05T08:21:23.3049404Z             [36m>[39m
2025-10-05T08:21:23.3049581Z               [36m<div[39m
2025-10-05T08:21:23.3050183Z                 [33mclass[39m=[32m"text-center max-w-4xl mx-auto"[39m
2025-10-05T08:21:23.3050390Z               [36m>[39m
2025-10-05T08:21:23.3050621Z                 [36m<div[39m
2025-10-05T08:21:23.3050924Z                   [33mclass[39m=[32m"mb-6"[39m
2025-10-05T08:21:23.3051104Z                 [36m>[39m
2025-10-05T08:21:23.3051338Z                   [36m<span[39m
2025-10-05T08:21:23.3052222Z                     [33mclass[39m=[32m"inline-flex items-center px-4 py-2 rounded-full bg-primary/10 text-primary text-sm font-medium"[39m
2025-10-05T08:21:23.3052411Z                   [36m>[39m
2025-10-05T08:21:23.3052641Z                     [36m<svg[39m
2025-10-05T08:21:23.3052965Z                       [33mclass[39m=[32m"h-4 w-4 mr-2"[39m
2025-10-05T08:21:23.3053315Z                       [33mdata-testid[39m=[32m"mock-icon"[39m
2025-10-05T08:21:23.3053544Z                     [36m/>[39m
2025-10-05T08:21:23.3053827Z                     [0m全新 v2.0 版本发布[0m
2025-10-05T08:21:23.3054106Z                   [36m</span>[39m
2025-10-05T08:21:23.3054361Z                 [36m</div>[39m
2025-10-05T08:21:23.3054566Z                 [36m<h1[39m
2025-10-05T08:21:23.3055169Z                   [33mclass[39m=[32m"text-4xl lg:text-6xl font-bold text-foreground mb-6"[39m
2025-10-05T08:21:23.3055372Z                 [36m>[39m
2025-10-05T08:21:23.3055613Z                   [0m智能搜索，[0m
2025-10-05T08:21:23.3055848Z                   [36m<span[39m
2025-10-05T08:21:23.3056188Z                     [33mclass[39m=[32m"text-gradient"[39m
2025-10-05T08:21:23.3056731Z                   [36m>[39m
2025-10-05T08:21:23.3057007Z                     [0m重新定义[0m
2025-10-05T08:21:23.3057266Z                   [36m</span>[39m
2025-10-05T08:21:23.3057512Z                   [36m<br />[39m
2025-10-05T08:21:23.3057760Z                   [0m知识管理体验[0m
2025-10-05T08:21:23.3057992Z                 [36m</h1>[39m
2025-10-05T08:21:23.3058195Z                 [36m<p[39m
2025-10-05T08:21:23.3058786Z                   [33mclass[39m=[32m"text-xl text-muted-foreground mb-8 max-w-2xl mx-auto"[39m
2025-10-05T08:21:23.3059234Z                 [36m>[39m
2025-10-05T08:21:23.3059776Z                   [0m基于先进的 AI 技术，CORA 为您提供智能化的文档搜索和管理解决方案， 让知识触手可及，让工作更加高效。[0m
2025-10-05T08:21:23.3060043Z                 [36m</p>[39m
2025-10-05T08:21:23.3060281Z                 [36m<div[39m
2025-10-05T08:21:23.3060605Z                   [33mclass[39m=[32m"mb-8"[39m
2025-10-05T08:21:23.3060825Z                 [36m>[39m
2025-10-05T08:21:23.3061097Z                   [36m<form[39m
2025-10-05T08:21:23.3061469Z                     [33mclass[39m=[32m"max-w-2xl mx-auto"[39m
2025-10-05T08:21:23.3061671Z                   [36m>[39m
2025-10-05T08:21:23.3061929Z                     [36m<div[39m
2025-10-05T08:21:23.3062270Z                       [33mclass[39m=[32m"relative"[39m
2025-10-05T08:21:23.3062512Z                     [36m>[39m
2025-10-05T08:21:23.3062770Z                       [36m<svg[39m
2025-10-05T08:21:23.3063886Z                         [33mclass[39m=[32m"absolute left-4 top-1/2 transform -translate-y-1/2 h-5 w-5 text-muted-foreground"[39m
2025-10-05T08:21:23.3064315Z                         [33mdata-testid[39m=[32m"mock-icon"[39m
2025-10-05T08:21:23.3064555Z                       [36m/>[39m
2025-10-05T08:21:23.3064809Z                       [36m<input[39m
2025-10-05T08:21:23.3066518Z                         [33mclass[39m=[32m"w-full pl-12 pr-32 py-4 text-lg border border-border rounded-xl bg-background/50 backdrop-blur-sm focus:outline-none focus:ring-2 focus:ring-primary focus:border-transparent"[39m
2025-10-05T08:21:23.3066901Z                         [33mplaceholder[39m=[32m"搜索任何内容..."[39m
2025-10-05T08:21:23.3067177Z                         [33mtype[39m=[32m"text"[39m
2025-10-05T08:21:23.3067472Z                         [33mvalue[39m=[32m""[39m
2025-10-05T08:21:23.3067713Z                       [36m/>[39m
2025-10-05T08:21:23.3067991Z                       [36m<button[39m
2025-10-05T08:21:23.3068787Z                         [33mclass[39m=[32m"absolute right-2 top-1/2 transform -translate-y-1/2 btn btn-primary btn-md"[39m
2025-10-05T08:21:23.3069130Z                         [33mtype[39m=[32m"submit"[39m
2025-10-05T08:21:23.3069356Z                       [36m>[39m
2025-10-05T08:21:23.3069587Z                         [0m开始搜索[0m
2025-10-05T08:21:23.3069854Z                       [36m</button>[39m
2025-10-05T08:21:23.3070099Z                     [36m</div>[39m
2025-10-05T08:21:23.3070349Z                   [36m</form>[39m
2025-10-05T08:21:23.3070594Z                 [36m</div>[39m
2025-10-05T08:21:23.3070825Z                 [36m<div[39m
2025-10-05T08:21:23.3071692Z                   [33mclass[39m=[32m"flex flex-col sm:flex-row items-center justify-center space-y-4 sm:space-y-0 sm:space-x-4"[39m
2025-10-05T08:21:23.3071911Z                 [36m>[39m
2025-10-05T08:21:23.3072136Z                   [36m<a[39m
2025-10-05T08:21:23.3072547Z                     [33mclass[39m=[32m"btn btn-primary btn-lg"[39m
2025-10-05T08:21:23.3073129Z                     [33mhref[39m=[32m"/register"[39m
2025-10-05T08:21:23.3073340Z                   [36m>[39m
2025-10-05T08:21:23.3073609Z                     [0m免费注册[0m
2025-10-05T08:21:23.3073848Z                     [36m<svg[39m
2025-10-05T08:21:23.3074183Z                       [33mclass[39m=[32m"ml-2 h-5 w-5"[39m
2025-10-05T08:21:23.3074565Z                       [33mdata-testid[39m=[32m"mock-icon"[39m
2025-10-05T08:21:23.3074816Z                     [36m/>[39m
2025-10-05T08:21:23.3075073Z                   [36m</a>[39m
2025-10-05T08:21:23.3075339Z                   [36m<button[39m
2025-10-05T08:21:23.3075762Z                     [33mclass[39m=[32m"btn btn-outline btn-lg"[39m
2025-10-05T08:21:23.3075980Z                   [36m>[39m
2025-10-05T08:21:23.3076221Z                     [36m<svg[39m
2025-10-05T08:21:23.3076857Z                       [33mclass[39m=[32m"mr-2 h-5 w-5"[39m
2025-10-05T08:21:23.3077241Z                       [33mdata-testid[39m=[32m"mock-icon"[39m
2025-10-05T08:21:23.3077383Z                     [36m/>[39m
2025-10-05T08:21:23.3077534Z                     [0m观看演示[0m
2025-10-05T08:21:23.3077674Z                   [36m</button>[39m
2025-10-05T08:21:23.3077798Z                 [36m</div>[39m
2025-10-05T08:21:23.3077925Z               [36m</div>[39m
2025-10-05T08:21:23.3078034Z             [36m</div>[39m
2025-10-05T08:21:23.3078154Z           [36m</section>[39m
2025-10-05T08:21:23.3078276Z           [36m<section[39m
2025-10-05T08:21:23.3078465Z             [33mclass[39m=[32m"py-16 bg-muted/30"[39m
2025-10-05T08:21:23.3078566Z           [36m>[39m
2025-10-05T08:21:23.3078679Z             [36m<div[39m
2025-10-05T08:21:23.3078886Z               [33mclass[39m=[32m"container-responsive"[39m
2025-10-05T08:21:23.3078995Z             [36m>[39m
2025-10-05T08:21:23.3079098Z               [36m<div[39m
2025-10-05T08:21:23.3079570Z                 [33mclass[39m=[32m"grid grid-cols-2 lg:grid-cols-4 gap-8"[39m
2025-10-05T08:21:23.3079695Z               [36m>[39m
2025-10-05T08:21:23.3079817Z                 [36m<div[39m
2025-10-05T08:21:23.3079989Z                   [33mclass[39m=[32m"text-center"[39m
2025-10-05T08:21:23.3080096Z                 [36m>[39m
2025-10-05T08:21:23.3080216Z                   [36m<div[39m
2025-10-05T08:21:23.3080664Z                     [33mclass[39m=[32m"inline-flex items-center justify-center w-12 h-12 bg-primary/10 rounded-lg mb-4"[39m
2025-10-05T08:21:23.3080768Z                   [36m>[39m
2025-10-05T08:21:23.3080892Z                     [36m<svg[39m
2025-10-05T08:21:23.3081104Z                       [33mclass[39m=[32m"h-6 w-6 text-primary"[39m
2025-10-05T08:21:23.3081288Z                       [33mdata-testid[39m=[32m"mock-icon"[39m
2025-10-05T08:21:23.3081407Z                     [36m/>[39m
2025-10-05T08:21:23.3081535Z                   [36m</div>[39m
2025-10-05T08:21:23.3081660Z                   [36m<div[39m
2025-10-05T08:21:23.3081942Z                     [33mclass[39m=[32m"text-3xl font-bold text-foreground mb-1"[39m
2025-10-05T08:21:23.3082045Z                   [36m>[39m
2025-10-05T08:21:23.3082173Z                     [0m10,000+[0m
2025-10-05T08:21:23.3082304Z                   [36m</div>[39m
2025-10-05T08:21:23.3082424Z                   [36m<div[39m
2025-10-05T08:21:23.3082667Z                     [33mclass[39m=[32m"text-sm text-muted-foreground mb-1"[39m
2025-10-05T08:21:23.3082776Z                   [36m>[39m
2025-10-05T08:21:23.3082948Z                     [0m活跃用户[0m
2025-10-05T08:21:23.3083077Z                   [36m</div>[39m
2025-10-05T08:21:23.3083202Z                   [36m<div[39m
2025-10-05T08:21:23.3083541Z                     [33mclass[39m=[32m"flex items-center justify-center text-xs text-green-600"[39m
2025-10-05T08:21:23.3083649Z                   [36m>[39m
2025-10-05T08:21:23.3083773Z                     [36m<svg[39m
2025-10-05T08:21:23.3083957Z                       [33mclass[39m=[32m"h-3 w-3 mr-1"[39m
2025-10-05T08:21:23.3084269Z                       [33mdata-testid[39m=[32m"mock-icon"[39m
2025-10-05T08:21:23.3084389Z                     [36m/>[39m
2025-10-05T08:21:23.3084508Z                     [0m+12%[0m
2025-10-05T08:21:23.3084637Z                   [36m</div>[39m
2025-10-05T08:21:23.3084757Z                 [36m</div>[39m
2025-10-05T08:21:23.3084882Z                 [36m<div[39m
2025-10-05T08:21:23.3085053Z                   [33mclass[39m=[32m"text-center"[39m
2025-10-05T08:21:23.3085155Z                 [36m>[39m
2025-10-05T08:21:23.3085280Z                   [36m<div[39m
2025-10-05T08:21:23.3085707Z                     [33mclass[39m=[32m"inline-flex items-center justify-center w-12 h-12 bg-primary/10 rounded-lg mb-4"[39m
2025-10-05T08:21:23.3085810Z                   [36m>[39m
2025-10-05T08:21:23.3085940Z                     [36m<svg[39m
2025-10-05T08:21:23.3086146Z                       [33mclass[39m=[32m"h-6 w-6 text-primary"[39m
2025-10-05T08:21:23.3086590Z                       [33mdata-testid[39m=[32m"mock-icon"[39m
2025-10-05T08:21:23.3086729Z                     [36m/>[39m
2025-10-05T08:21:23.3086854Z                   [36m</div>[39m
2025-10-05T08:21:23.3086981Z                   [36m<div[39m
2025-10-05T08:21:23.3087251Z                     [33mclass[39m=[32m"text-3xl font-bold text-foreground mb-1"[39m
2025-10-05T08:21:23.3087353Z                   [36...
2025-10-05T08:21:23.3087363Z 
2025-10-05T08:21:23.3087555Z     [0m [90m 249 |[39m     [90m// 验证动画组件存在[39m
2025-10-05T08:21:23.3087807Z      [90m 250 |[39m     [90m// 由于我们模拟了 framer-motion，这里主要验证组件渲染[39m
2025-10-05T08:21:23.3088267Z     [31m[1m>[22m[39m[90m 251 |[39m     expect(screen[33m.[39mgetByText([35m/智能搜索与文档管理平台/i[39m))[33m.[39mtoBeInTheDocument()
2025-10-05T08:21:23.3088451Z      [90m     |[39m                   [31m[1m^[22m[39m
2025-10-05T08:21:23.3088555Z      [90m 252 |[39m   })
2025-10-05T08:21:23.3088846Z      [90m 253 |[39m
2025-10-05T08:21:23.3089305Z      [90m 254 |[39m   it([32m'应该处理错误状态'[39m[33m,[39m () [33m=>[39m {[0m
2025-10-05T08:21:23.3089323Z 
2025-10-05T08:21:23.3089784Z       at Object.getElementError (node_modules/@testing-library/dom/dist/config.js:37:19)
2025-10-05T08:21:23.3090222Z       at getElementError (node_modules/@testing-library/dom/dist/query-helpers.js:76:38)
2025-10-05T08:21:23.3090627Z       at allQuery (node_modules/@testing-library/dom/dist/query-helpers.js:52:17)
2025-10-05T08:21:23.3090989Z       at query (node_modules/@testing-library/dom/dist/query-helpers.js:95:19)
2025-10-05T08:21:23.3091323Z       at Object.<anonymous> (src/pages/__tests__/HomePage.test.tsx:251:19)
2025-10-05T08:21:23.3091335Z 
2025-10-05T08:21:23.3267294Z   console.warn
2025-10-05T08:21:23.3270181Z     ⚠️ React Router Future Flag Warning: React Router will begin wrapping state updates in `React.startTransition` in v7. You can use the `v7_startTransition` future flag to opt-in early. For more information, see https://reactrouter.com/v6/upgrading/future#v7_starttransition.
2025-10-05T08:21:23.3270223Z 
2025-10-05T08:21:23.3270658Z     [0m [90m 224 |[39m       [36mreturn[39m
2025-10-05T08:21:23.3271227Z      [90m 225 |[39m     }
2025-10-05T08:21:23.3272705Z     [31m[1m>[22m[39m[90m 226 |[39m     originalWarn[33m.[39mcall(console[33m,[39m [33m...[39margs)
2025-10-05T08:21:23.3273376Z      [90m     |[39m                  [31m[1m^[22m[39m
2025-10-05T08:21:23.3274196Z      [90m 227 |[39m   }
2025-10-05T08:21:23.3275156Z      [90m 228 |[39m })
2025-10-05T08:21:23.3276095Z      [90m 229 |[39m[0m
2025-10-05T08:21:23.3277086Z 
2025-10-05T08:21:23.3278539Z       at console.warn (src/setupTests.ts:226:18)
2025-10-05T08:21:23.3280070Z       at warn (node_modules/react-router/lib/deprecations.ts:9:13)
2025-10-05T08:21:23.3281600Z       at warnOnce (node_modules/react-router/lib/deprecations.ts:14:3)
2025-10-05T08:21:23.3283517Z       at Object.logDeprecation [as UNSAFE_logV6DeprecationWarnings] (node_modules/react-router/lib/deprecations.ts:26:5)
2025-10-05T08:21:23.3285632Z       at logV6DeprecationWarnings (node_modules/react-router-dom/index.tsx:816:25)
2025-10-05T08:21:23.3287613Z       at commitHookEffectListMount (node_modules/react-dom/cjs/react-dom.development.js:23189:26)
2025-10-05T08:21:23.3289483Z       at commitPassiveMountOnFiber (node_modules/react-dom/cjs/react-dom.development.js:24970:11)
2025-10-05T08:21:23.3291442Z       at commitPassiveMountEffects_complete (node_modules/react-dom/cjs/react-dom.development.js:24930:9)
2025-10-05T08:21:23.3291916Z       at commitPassiveMountEffects_begin (node_modules/react-dom/cjs/react-dom.development.js:24917:7)
2025-10-05T08:21:23.3292353Z       at commitPassiveMountEffects (node_modules/react-dom/cjs/react-dom.development.js:24905:3)
2025-10-05T08:21:23.3292664Z       at flushPassiveEffectsImpl (node_modules/react-dom/cjs/react-dom.development.js:27078:3)
2025-10-05T08:21:23.3292963Z       at flushPassiveEffects (node_modules/react-dom/cjs/react-dom.development.js:27023:14)
2025-10-05T08:21:23.3293164Z       at node_modules/react-dom/cjs/react-dom.development.js:26808:9
2025-10-05T08:21:23.3293389Z       at flushActQueue (node_modules/react/cjs/react.development.js:2667:24)
2025-10-05T08:21:23.3293581Z       at act (node_modules/react/cjs/react.development.js:2582:11)
2025-10-05T08:21:23.3293873Z       at actImplementation (node_modules/@testing-library/react/dist/act-compat.js:47:25)
2025-10-05T08:21:23.3294107Z       at renderRoot (node_modules/@testing-library/react/dist/pure.js:190:25)
2025-10-05T08:21:23.3294317Z       at renderRoot (node_modules/@testing-library/react/dist/pure.js:292:10)
2025-10-05T08:21:23.3294530Z       at renderWithRouter (src/components/__tests__/Layout.test.tsx:18:16)
2025-10-05T08:21:23.3294756Z       at Object.<anonymous> (src/components/__tests__/Layout.test.tsx:65:5)
2025-10-05T08:21:23.3294768Z 
2025-10-05T08:21:23.3312177Z   console.warn
2025-10-05T08:21:23.3313982Z     ⚠️ React Router Future Flag Warning: Relative route resolution within Splat routes is changing in v7. You can use the `v7_relativeSplatPath` future flag to opt-in early. For more information, see https://reactrouter.com/v6/upgrading/future#v7_relativesplatpath.
2025-10-05T08:21:23.3314019Z 
2025-10-05T08:21:23.3314222Z     [0m [90m 224 |[39m       [36mreturn[39m
2025-10-05T08:21:23.3314354Z      [90m 225 |[39m     }
2025-10-05T08:21:23.3314726Z     [31m[1m>[22m[39m[90m 226 |[39m     originalWarn[33m.[39mcall(console[33m,[39m [33m...[39margs)
2025-10-05T08:21:23.3314923Z      [90m     |[39m                  [31m[1m^[22m[39m
2025-10-05T08:21:23.3315029Z      [90m 227 |[39m   }
2025-10-05T08:21:23.3315132Z      [90m 228 |[39m })
2025-10-05T08:21:23.3315247Z      [90m 229 |[39m[0m
2025-10-05T08:21:23.3315255Z 
2025-10-05T08:21:23.3315394Z       at console.warn (src/setupTests.ts:226:18)
2025-10-05T08:21:23.3315592Z       at warn (node_modules/react-router/lib/deprecations.ts:9:13)
2025-10-05T08:21:23.3315813Z       at warnOnce (node_modules/react-router/lib/deprecations.ts:14:3)
2025-10-05T08:21:23.3316209Z       at Object.logDeprecation [as UNSAFE_logV6DeprecationWarnings] (node_modules/react-router/lib/deprecations.ts:37:5)
2025-10-05T08:21:23.3316717Z       at logV6DeprecationWarnings (node_modules/react-router-dom/index.tsx:816:25)
2025-10-05T08:21:23.3317029Z       at commitHookEffectListMount (node_modules/react-dom/cjs/react-dom.development.js:23189:26)
2025-10-05T08:21:23.3317353Z       at commitPassiveMountOnFiber (node_modules/react-dom/cjs/react-dom.development.js:24970:11)
2025-10-05T08:21:23.3317704Z       at commitPassiveMountEffects_complete (node_modules/react-dom/cjs/react-dom.development.js:24930:9)
2025-10-05T08:21:23.3318034Z       at commitPassiveMountEffects_begin (node_modules/react-dom/cjs/react-dom.development.js:24917:7)
2025-10-05T08:21:23.3318336Z       at commitPassiveMountEffects (node_modules/react-dom/cjs/react-dom.development.js:24905:3)
2025-10-05T08:21:23.3318632Z       at flushPassiveEffectsImpl (node_modules/react-dom/cjs/react-dom.development.js:27078:3)
2025-10-05T08:21:23.3319054Z       at flushPassiveEffects (node_modules/react-dom/cjs/react-dom.development.js:27023:14)
2025-10-05T08:21:23.3319249Z       at node_modules/react-dom/cjs/react-dom.development.js:26808:9
2025-10-05T08:21:23.3319467Z       at flushActQueue (node_modules/react/cjs/react.development.js:2667:24)
2025-10-05T08:21:23.3319647Z       at act (node_modules/react/cjs/react.development.js:2582:11)
2025-10-05T08:21:23.3319911Z       at actImplementation (node_modules/@testing-library/react/dist/act-compat.js:47:25)
2025-10-05T08:21:23.3320129Z       at renderRoot (node_modules/@testing-library/react/dist/pure.js:190:25)
2025-10-05T08:21:23.3320336Z       at renderRoot (node_modules/@testing-library/react/dist/pure.js:292:10)
2025-10-05T08:21:23.3320551Z       at renderWithRouter (src/components/__tests__/Layout.test.tsx:18:16)
2025-10-05T08:21:23.3320769Z       at Object.<anonymous> (src/components/__tests__/Layout.test.tsx:65:5)
2025-10-05T08:21:23.3320781Z 
2025-10-05T08:21:23.3874943Z FAIL src/components/__tests__/Layout.test.tsx
2025-10-05T08:21:23.3876783Z   Layout Component
2025-10-05T08:21:23.3877753Z     ✓ 应该正确渲染布局组件 (20 ms)
2025-10-05T08:21:23.3878316Z     ✓ 应该能够切换侧边栏状态 (5 ms)
2025-10-05T08:21:23.3880472Z     ✓ 应该在移动端正确处理侧边栏 (2 ms)
2025-10-05T08:21:23.3880920Z     ✓ 应该正确处理键盘导航 (4 ms)
2025-10-05T08:21:23.3881317Z     ✓ 应该支持无障碍访问 (9 ms)
2025-10-05T08:21:23.3881707Z     ✕ 应该正确处理响应式设计 (6 ms)
2025-10-05T08:21:23.3881916Z 
2025-10-05T08:21:23.3882196Z   ● Layout Component › 应该正确处理响应式设计
2025-10-05T08:21:23.3882460Z 
2025-10-05T08:21:23.3882984Z     TestingLibraryElementError: Found multiple elements by: [data-testid="sidebar"]
2025-10-05T08:21:23.3883578Z 
2025-10-05T08:21:23.3883761Z     Here are the matching elements:
2025-10-05T08:21:23.3884033Z 
2025-10-05T08:21:23.3884243Z     Ignored nodes: comments, script, style
2025-10-05T08:21:23.3884704Z     [36m<aside[39m
2025-10-05T08:21:23.3885587Z       [33mdata-collapsed[39m=[32m"false"[39m
2025-10-05T08:21:23.3886240Z       [33mdata-testid[39m=[32m"sidebar"[39m
2025-10-05T08:21:23.3886938Z     [36m/>[39m
2025-10-05T08:21:23.3887124Z 
2025-10-05T08:21:23.3887331Z     Ignored nodes: comments, script, style
2025-10-05T08:21:23.3887815Z     [36m<aside[39m
2025-10-05T08:21:23.3888293Z       [33mdata-collapsed[39m=[32m"false"[39m
2025-10-05T08:21:23.3888852Z       [33mdata-testid[39m=[32m"sidebar"[39m
2025-10-05T08:21:23.3889292Z     [36m/>[39m
2025-10-05T08:21:23.3889469Z 
2025-10-05T08:21:23.3890131Z     (If this is intentional, then use the `*AllBy*` variant of the query (like `queryAllByText`, `getAllByText`, or `findAllByText`)).
2025-10-05T08:21:23.3890803Z 
2025-10-05T08:21:23.3891006Z     Ignored nodes: comments, script, style
2025-10-05T08:21:23.3891457Z     [36m<body>[39m
2025-10-05T08:21:23.3891809Z       [36m<div>[39m
2025-10-05T08:21:23.3892160Z         [36m<div[39m
2025-10-05T08:21:23.3892792Z           [33mclass[39m=[32m"min-h-screen bg-background flex flex-col"[39m
2025-10-05T08:21:23.3893374Z         [36m>[39m
2025-10-05T08:21:23.3893726Z           [36m<header[39m
2025-10-05T08:21:23.3894201Z             [33mdata-testid[39m=[32m"header"[39m
2025-10-05T08:21:23.3894656Z           [36m>[39m
2025-10-05T08:21:23.3895014Z             [36m<button[39m
2025-10-05T08:21:23.3895576Z               [33mdata-testid[39m=[32m"toggle-sidebar"[39m
2025-10-05T08:21:23.3896069Z             [36m>[39m
2025-10-05T08:21:23.3896686Z               [0mToggle Sidebar[0m
2025-10-05T08:21:23.3897160Z             [36m</button>[39m
2025-10-05T08:21:23.3897567Z           [36m</header>[39m
2025-10-05T08:21:23.3897950Z           [36m<div[39m
2025-10-05T08:21:23.3898475Z             [33mclass[39m=[32m"flex flex-1 relative"[39m
2025-10-05T08:21:23.3898954Z           [36m>[39m
2025-10-05T08:21:23.3899313Z             [36m<div[39m
2025-10-05T08:21:23.3900203Z               [33mclass[39m=[32m"hidden lg:block relative z-10 transition-all duration-300 ease-in-out w-64"[39m
2025-10-05T08:21:23.3901145Z             [36m>[39m
2025-10-05T08:21:23.3901547Z               [36m<aside[39m
2025-10-05T08:21:23.3902078Z                 [33mdata-collapsed[39m=[32m"false"[39m
2025-10-05T08:21:23.3902680Z                 [33mdata-testid[39m=[32m"sidebar"[39m
2025-10-05T08:21:23.3903150Z               [36m/>[39m
2025-10-05T08:21:23.3903532Z             [36m</div>[39m
2025-10-05T08:21:23.3903912Z             [36m<main[39m
2025-10-05T08:21:23.3904740Z               [33mclass[39m=[32m"flex-1 flex flex-col min-h-0 transition-all duration-300 ease-in-out"[39m
2025-10-05T08:21:23.3905415Z             [36m>[39m
2025-10-05T08:21:23.3905791Z               [36m<div[39m
2025-10-05T08:21:23.3906504Z                 [33mclass[39m=[32m"flex-1 overflow-auto"[39m
2025-10-05T08:21:23.3907005Z               [36m>[39m
2025-10-05T08:21:23.3907424Z                 [36m<div[39m
2025-10-05T08:21:23.3908043Z                   [33mclass[39m=[32m"container-responsive py-6"[39m
2025-10-05T08:21:23.3908570Z                 [36m>[39m
2025-10-05T08:21:23.3908997Z                   [36m<div[39m
2025-10-05T08:21:23.3909514Z                     [33mclass[39m=[32m"min-h-full"[39m
2025-10-05T08:21:23.3909995Z                   [36m>[39m
2025-10-05T08:21:23.3910437Z                     [36m<div>[39m
2025-10-05T08:21:23.3910994Z                       [0mTest Content[0m
2025-10-05T08:21:23.3911488Z                     [36m</div>[39m
2025-10-05T08:21:23.3911950Z                   [36m</div>[39m
2025-10-05T08:21:23.3912433Z                 [36m</div>[39m
2025-10-05T08:21:23.3912875Z               [36m</div>[39m
2025-10-05T08:21:23.3913294Z               [36m<footer[39m
2025-10-05T08:21:23.3913815Z                 [33mdata-testid[39m=[32m"footer"[39m
2025-10-05T08:21:23.3914282Z               [36m>[39m
2025-10-05T08:21:23.3914679Z                 [0mFooter[0m
2025-10-05T08:21:23.3915302Z               [36m</footer>[39m
2025-10-05T08:21:23.3915736Z             [36m</main>[39m
2025-10-05T08:21:23.3916125Z           [36m</div>[39m
2025-10-05T08:21:23.3916717Z           [36m<div[39m
2025-10-05T08:21:23.3917179Z             [33mclass[39m=[32m"sr-only"[39m
2025-10-05T08:21:23.3917615Z           [36m>[39m
2025-10-05T08:21:23.3917970Z             [36m<div[39m
2025-10-05T08:21:23.3918455Z               [33maria-atomic[39m=[32m"true"[39m
2025-10-05T08:21:23.3919024Z               [33maria-live[39m=[32m"polite"[39m
2025-10-05T08:21:23.3919468Z             [36m>[39m
2025-10-05T08:21:23.3919925Z               [0m按 Ctrl+K 打开搜索[0m
2025-10-05T08:21:23.3920362Z             [36m</div>[39m
2025-10-05T08:21:23.3920745Z           [36m</div>[39m
2025-10-05T08:21:23.3921120Z         [36m</div>[39m
2025-10-05T08:21:23.3921478Z       [36m</div>[39m
2025-10-05T08:21:23.3921824Z       [36m<div>[39m
2025-10-05T08:21:23.3922175Z         [36m<div[39m
2025-10-05T08:21:23.3922812Z           [33mclass[39m=[32m"min-h-screen bg-background flex flex-col"[39m
2025-10-05T08:21:23.3923375Z         [36m>[39m
2025-10-05T08:21:23.3923723Z           [36m<header[39m
2025-10-05T08:21:23.3924200Z             [33mdata-testid[39m=[32m"header"[39m
2025-10-05T08:21:23.3924642Z           [36m>[39m
2025-10-05T08:21:23.3925009Z             [36m<button[39m
2025-10-05T08:21:23.3925555Z               [33mdata-testid[39m=[32m"toggle-sidebar"[39m
2025-10-05T08:21:23.3926050Z             [36m>[39m
2025-10-05T08:21:23.3926647Z               [0mToggle Sidebar[0m
2025-10-05T08:21:23.3927112Z             [36m</button>[39m
2025-10-05T08:21:23.3927523Z           [36m</header>[39m
2025-10-05T08:21:23.3927909Z           [36m<div[39m
2025-10-05T08:21:23.3928433Z             [33mclass[39m=[32m"flex flex-1 relative"[39m
2025-10-05T08:21:23.3928914Z           [36m>[39m
2025-10-05T08:21:23.3929262Z             [36m<div[39m
2025-10-05T08:21:23.3930098Z               [33mclass[39m=[32m"hidden lg:block relative z-10 transition-all duration-300 ease-in-out w-64"[39m
2025-10-05T08:21:23.3931029Z             [36m>[39m
2025-10-05T08:21:23.3931427Z               [36m<aside[39m
2025-10-05T08:21:23.3931962Z                 [33mdata-collapsed[39m=[32m"false"[39m
2025-10-05T08:21:23.3932551Z                 [33mdata-testid[39m=[32m"sidebar"[39m
2025-10-05T08:21:23.3933019Z               [36m/>[39m
2025-10-05T08:21:23.3933404Z             [36m</div>[39m
2025-10-05T08:21:23.3933783Z             [36m<main[39m
2025-10-05T08:21:23.3934598Z               [33mclass[39m=[32m"flex-1 flex flex-col min-h-0 transition-all duration-300 ease-in-out"[39m
2025-10-05T08:21:23.3935287Z             [36m>[39m
2025-10-05T08:21:23.3935640Z               [36m<div[39m
2025-10-05T08:21:23.3936182Z                 [33mclass[39m=[32m"flex-1 overflow-auto"[39m
2025-10-05T08:21:23.3937245Z               [36m>[39m
2025-10-05T08:21:23.3937670Z                 [36m<div[39m
2025-10-05T08:21:23.3938282Z                   [33mclass[39m=[32m"container-responsive py-6"[39m
2025-10-05T08:21:23.3938826Z                 [36m>[39m
2025-10-05T08:21:23.3939252Z                   [36m<div[39m
2025-10-05T08:21:23.3939779Z                     [33mclass[39m=[32m"min-h-full"[39m
2025-10-05T08:21:23.3940246Z                   [36m>[39m
2025-10-05T08:21:23.3940689Z                     [36m<div>[39m
2025-10-05T08:21:23.3941183Z                       [0mTest Content[0m
2025-10-05T08:21:23.3941678Z                     [36m</div>[39m
2025-10-05T08:21:23.3942146Z                   [36m</div>[39m
2025-10-05T08:21:23.3942600Z                 [36m</div>[39m
2025-10-05T08:21:23.3943025Z               [36m</div>[39m
2025-10-05T08:21:23.3943511Z               [36m<footer[39m
2025-10-05T08:21:23.3944038Z                 [33mdata-testid[39m=[32m"footer"[39m
2025-10-05T08:21:23.3944517Z               [36m>[39m
2025-10-05T08:21:23.3944938Z                 [0mFooter[0m
2025-10-05T08:21:23.3945575Z               [36m</footer>[39m
2025-10-05T08:21:23.3946021Z             [36m</main>[39m
2025-10-05T08:21:23.3946614Z           [36m</div>[39m
2025-10-05T08:21:23.3947005Z           [36m<div[39m
2025-10-05T08:21:23.3947476Z             [33mclass[39m=[32m"sr-only"[39m
2025-10-05T08:21:23.3947919Z           [36m>[39m
2025-10-05T08:21:23.3948271Z             [36m<div[39m
2025-10-05T08:21:23.3948753Z               [33maria-atomic[39m=[32m"true"[39m
2025-10-05T08:21:23.3949320Z               [33maria-live[39m=[32m"polite"[39m
2025-10-05T08:21:23.3949783Z             [36m>[39m
2025-10-05T08:21:23.3950233Z               [0m按 Ctrl+K 打开搜索[0m
2025-10-05T08:21:23.3950664Z             [36m</div>[39m
2025-10-05T08:21:23.3951052Z           [36m</div>[39m
2025-10-05T08:21:23.3951416Z         [36m</div>[39m
2025-10-05T08:21:23.3951784Z       [36m</div>[39m
2025-10-05T08:21:23.3952132Z     [36m</body>[39m
2025-10-05T08:21:23.3952335Z 
2025-10-05T08:21:23.3952509Z     [0m [90m 170 |[39m
2025-10-05T08:21:23.3953049Z      [90m 171 |[39m       [90m// 验证在不同尺寸下的布局[39m
2025-10-05T08:21:23.3954092Z     [31m[1m>[22m[39m[90m 172 |[39m       expect(screen[33m.[39mgetByTestId([32m'sidebar'[39m))[33m.[39mtoBeInTheDocument()
2025-10-05T08:21:23.3955021Z      [90m     |[39m                     [31m[1m^[22m[39m
2025-10-05T08:21:23.3955504Z      [90m 173 |[39m     })
2025-10-05T08:21:23.3955933Z      [90m 174 |[39m   })
2025-10-05T08:21:23.3956483Z      [90m 175 |[39m })[0m
2025-10-05T08:21:23.3956711Z 
2025-10-05T08:21:23.3957166Z       at Object.getElementError (node_modules/@testing-library/dom/dist/config.js:37:19)
2025-10-05T08:21:23.3958112Z       at getElementError (node_modules/@testing-library/dom/dist/query-helpers.js:20:35)
2025-10-05T08:21:23.3959047Z       at getElementError (node_modules/@testing-library/dom/dist/query-helpers.js:23:10)
2025-10-05T08:21:23.3960103Z       at getMultipleElementsFoundError (node_modules/@testing-library/dom/dist/query-helpers.js:55:13)
2025-10-05T08:21:23.3961089Z       at query (node_modules/@testing-library/dom/dist/query-helpers.js:95:19)
2025-10-05T08:21:23.3961994Z       at src/components/__tests__/Layout.test.tsx:172:21
2025-10-05T08:21:23.3962543Z           at Array.forEach (<anonymous>)
2025-10-05T08:21:23.3963178Z       at Object.<anonymous> (src/components/__tests__/Layout.test.tsx:153:15)
2025-10-05T08:21:23.3963605Z 
2025-10-05T08:21:23.4142219Z Test Suites: 2 failed, 2 passed, 4 total
2025-10-05T08:21:23.4142961Z Tests:       11 failed, 23 passed, 34 total
2025-10-05T08:21:23.4143322Z Snapshots:   0 total
2025-10-05T08:21:23.4143535Z Time:        3.748 s
2025-10-05T08:21:23.4143740Z Ran all test suites.
2025-10-05T08:21:23.4683697Z ##[error]Process completed with exit code 1.
2025-10-05T08:21:23.4784725Z Post job cleanup.
2025-10-05T08:21:23.5733807Z [command]/usr/bin/git version
2025-10-05T08:21:23.5770468Z git version 2.51.0
2025-10-05T08:21:23.5813628Z Temporarily overriding HOME='/home/runner/work/_temp/b7c7f54b-72f3-4c71-946e-1d413c610efa' before making global git config changes
2025-10-05T08:21:23.5814492Z Adding repository directory to the temporary git global config as a safe directory
2025-10-05T08:21:23.5819106Z [command]/usr/bin/git config --global --add safe.directory /home/runner/work/OpenShrimp-CORA/OpenShrimp-CORA
2025-10-05T08:21:23.5852871Z [command]/usr/bin/git config --local --name-only --get-regexp core\.sshCommand
2025-10-05T08:21:23.5884067Z [command]/usr/bin/git submodule foreach --recursive sh -c "git config --local --name-only --get-regexp 'core\.sshCommand' && git config --local --unset-all 'core.sshCommand' || :"
2025-10-05T08:21:23.6114462Z [command]/usr/bin/git config --local --name-only --get-regexp http\.https\:\/\/github\.com\/\.extraheader
2025-10-05T08:21:23.6135107Z http.https://github.com/.extraheader
2025-10-05T08:21:23.6148663Z [command]/usr/bin/git config --local --unset-all http.https://github.com/.extraheader
2025-10-05T08:21:23.6178684Z [command]/usr/bin/git submodule foreach --recursive sh -c "git config --local --name-only --get-regexp 'http\.https\:\/\/github\.com\/\.extraheader' && git config --local --unset-all 'http.https://github.com/.extraheader' || :"
2025-10-05T08:21:23.6499971Z Cleaning up orphan processes
